******************************************************************************
                  TI ARM Linker PC v5.2.9                      
******************************************************************************
>> Linked Wed Nov 29 20:24:10 2017

OUTPUT FILE NAME:   <triHelice.out>
ENTRY POINT SYMBOL: "_c_int00"  address: 000025b1


MEMORY CONFIGURATION

         name            origin    length      used     unused   attr    fill
----------------------  --------  ---------  --------  --------  ----  --------
  FLASH                 00000000   00040000  00002ff6  0003d00a  R  X
  SRAM                  20000000   00008000  00000588  00007a78  RW X


SEGMENT ALLOCATION MAP

run origin  load origin   length   init length attrs members
----------  ----------- ---------- ----------- ----- -------
00000000    00000000    00002ff8   00002ff8    r-x
  00000000    00000000    0000026c   0000026c    r-- .intvecs
  0000026c    0000026c    00002bcc   00002bcc    r-x .text
  00002e38    00002e38    0000013e   0000013e    r-- .const
  00002f78    00002f78    00000080   00000080    r-- .cinit
20000000    20000000    0000058c   00000000    rw-
  20000000    20000000    00000204   00000000    rw- .bss
  20000204    20000204    00000200   00000000    rw- .stack
  20000408    20000408    00000184   00000000    rw- .data


SECTION ALLOCATION MAP

 output                                  attributes/
section   page    origin      length       input sections
--------  ----  ----------  ----------   ----------------
.intvecs   0    00000000    0000026c     
                  00000000    0000026c     tm4c123gh6pm_startup_ccs.obj (.intvecs)

.text      0    0000026c    00002bcc     
                  0000026c    00000b40     main.obj (.text)
                  00000dac    0000049c     uartstdio.obj (.text)
                  00001248    00000290     sensorlib.lib : comp_dcm.obj (.text:CompDCMUpdate)
                  000014d8    000001b6     rtsv7M4_T_le_v4SPD16_eabi.lib : fd_add_t2.obj (.text)
                  0000168e    00000002                                   : i_div0.obj (.text)
                  00001690    0000015c     pwm.obj (.text)
                  000017ec    0000014c     scheduler.obj (.text)
                  00001938    00000118     rtsv7M4_T_le_v4SPD16_eabi.lib : atan2f.obj (.text)
                  00001a50    00000110     driverlib.lib : sysctl.obj (.text:SysCtlClockGet)
                  00001b60    000000fc     rtsv7M4_T_le_v4SPD16_eabi.lib : fd_mul_t2.obj (.text)
                  00001c5c    000000f2     sensorlib.lib : i2cm_drv.obj (.text:I2CMIntHandler)
                  00001d4e    00000002     --HOLE-- [fill = 0]
                  00001d50    000000b4     rtsv7M4_T_le_v4SPD16_eabi.lib : asinf.obj (.text)
                  00001e04    000000b0     sensorlib.lib : comp_dcm.obj (.text:CompDCMStart)
                  00001eb4    000000a8     rtsv7M4_T_le_v4SPD16_eabi.lib : xfatan.obj (.text)
                  00001f5c    000000a0     gpioAReceiver.obj (.text)
                  00001ffc    0000009c     rtsv7M4_T_le_v4SPD16_eabi.lib : memcpy_t2.obj (.text)
                  00002098    00000098     sensorlib.lib : i2cm_drv.obj (.text:I2CMStateIdle)
                  00002130    00000088                   : i2cm_drv.obj (.text:I2CMCommand)
                  000021b8    0000007a     rtsv7M4_T_le_v4SPD16_eabi.lib : memset_t2.obj (.text)
                  00002232    0000006e                                   : fd_tos_t2.obj (.text)
                  000022a0    0000006c                                   : autoinit.obj (.text)
                  0000230c    0000006a                                   : copy_decompress_rle.obj (.text)
                  00002376    00000002     --HOLE-- [fill = 0]
                  00002378    00000068     driverlib.lib : interrupt.obj (.text:IntDisable)
                  000023e0    00000068                   : interrupt.obj (.text:IntEnable)
                  00002448    00000064                   : interrupt.obj (.text:IntIsEnabled)
                  000024ac    0000005e     sensorlib.lib : i2cm_drv.obj (.text:I2CMStateWritePause)
                  0000250a    00000056                   : vector.obj (.text:VectorCrossProduct)
                  00002560    00000050                   : i2cm_drv.obj (.text:I2CMStateWriteFinal)
                  000025b0    00000050     rtsv7M4_T_le_v4SPD16_eabi.lib : boot.obj (.text)
                  00002600    0000004c     driverlib.lib : i2c.obj (.text:I2CMasterInitExpClk)
                  0000264c    0000004c     rtsv7M4_T_le_v4SPD16_eabi.lib : cpy_tbl.obj (.text)
                  00002698    0000004a     sensorlib.lib : i2cm_drv.obj (.text:I2CMStateReadNext)
                  000026e2    00000048                   : i2cm_drv.obj (.text:I2CMStateWriteNext)
                  0000272a    00000046     driverlib.lib : uart.obj (.text:UARTConfigSetExpClk)
                  00002770    00000044     sensorlib.lib : comp_dcm.obj (.text:CompDCMInit)
                  000027b4    00000044                   : i2cm_drv.obj (.text:I2CMStateCallback)
                  000027f8    00000044     rtsv7M4_T_le_v4SPD16_eabi.lib : exit.obj (.text)
                  0000283c    00000042     sensorlib.lib : comp_dcm.obj (.text:CompDCMComputeEulers)
                  0000287e    00000042                   : i2cm_drv.obj (.text:I2CMStateReadFinal)
                  000028c0    00000040     rtsv7M4_T_le_v4SPD16_eabi.lib : signal.obj (.text)
                  00002900    00000040                                   : u_divt2.obj (.text)
                  00002940    0000003e     sensorlib.lib : i2cm_drv.obj (.text:I2CMStateReadPause)
                  0000297e    00000002     --HOLE-- [fill = 0]
                  00002980    0000003c     timer.obj (.text)
                  000029bc    00000038     driverlib.lib : sysctl.obj (.text:SysCtlPeripheralPresent)
                  000029f4    00000038     rtsv7M4_T_le_v4SPD16_eabi.lib : fs_tod_t2.obj (.text)
                  00002a2c    00000036     main.obj (.text:I2CMRead)
                  00002a62    00000036     main.obj (.text:I2CMWrite)
                  00002a98    00000034     sensorlib.lib : i2cm_drv.obj (.text:I2CMInit)
                  00002acc    00000034     driverlib.lib : sysctl.obj (.text:SysCtlPeripheralEnable)
                  00002b00    00000034     rtsv7M4_T_le_v4SPD16_eabi.lib : feraiseexcept.obj (.text)
                  00002b34    00000032     sensorlib.lib : vector.obj (.text:VectorAdd)
                  00002b66    00000002     --HOLE-- [fill = 0]
                  00002b68    00000030     rtsv7M4_T_le_v4SPD16_eabi.lib : xferaise.obj (.text)
                  00002b98    0000002e                                   : i_tofd_t2.obj (.text)
                  00002bc6    0000002e                                   : raise.obj (.text)
                  00002bf4    0000002c                                   : xfdclass.obj (.text)
                  00002c20    0000002a     sensorlib.lib : i2cm_drv.obj (.text:I2CMStateReadFirst)
                  00002c4a    00000026                   : vector.obj (.text:VectorDotProduct)
                  00002c70    00000026                   : vector.obj (.text:VectorScale)
                  00002c96    00000002     --HOLE-- [fill = 0]
                  00002c98    00000024     rtsv7M4_T_le_v4SPD16_eabi.lib : sqrtf.obj (.text)
                  00002cbc    00000020     sensorlib.lib : i2cm_drv.obj (.text:I2CMStateReadOne)
                  00002cdc    00000020     driverlib.lib : uart.obj (.text:UARTDisable)
                  00002cfc    0000001a     sensorlib.lib : i2cm_drv.obj (.text:I2CMStateReadWait)
                  00002d16    00000002     --HOLE-- [fill = 0]
                  00002d18    00000018     rtsv7M4_T_le_v4SPD16_eabi.lib : args_main.obj (.text)
                  00002d30    00000014     driverlib.lib : systick.obj (.text:SysTickEnable)
                  00002d44    00000014                   : systick.obj (.text:SysTickIntEnable)
                  00002d58    00000014                   : uart.obj (.text:UARTEnable)
                  00002d6c    00000014     rtsv7M4_T_le_v4SPD16_eabi.lib : _lock.obj (.text)
                  00002d80    00000010     driverlib.lib : systick.obj (.text:SysTickPeriodSet)
                  00002d90    0000000e     sensorlib.lib : comp_dcm.obj (.text:CompDCMAccelUpdate)
                  00002d9e    0000000e                   : comp_dcm.obj (.text:CompDCMGyroUpdate)
                  00002dac    0000000e                   : comp_dcm.obj (.text:CompDCMMagnetoUpdate)
                  00002dba    0000000e     rtsv7M4_T_le_v4SPD16_eabi.lib : copy_decompress_none.obj (.text:decompress:none)
                  00002dc8    0000000c     driverlib.lib : interrupt.obj (.text:IntTrigger)
                  00002dd4    0000000c     rtsv7M4_T_le_v4SPD16_eabi.lib : copy_zero_init.obj (.text:decompress:ZI)
                  00002de0    0000000c     tm4c123gh6pm_startup_ccs.obj (.text)
                  00002dec    0000000a     driverlib.lib : i2c.obj (.text:I2CMasterEnable)
                  00002df6    0000000a                   : uart.obj (.text:UARTCharGet)
                  00002e00    0000000a                   : uart.obj (.text:UARTCharPut)
                  00002e0a    00000008                   : i2c.obj (.text:I2CMasterIntClear)
                  00002e12    00000008                   : i2c.obj (.text:I2CMasterIntEnableEx)
                  00002e1a    00000008                   : i2c.obj (.text:I2CMasterSlaveAddrSet)
                  00002e22    00000006     rtsv7M4_T_le_v4SPD16_eabi.lib : copy_decompress_rle.obj (.text:decompress:rle24)
                  00002e28    00000004     driverlib.lib : i2c.obj (.text:I2CMasterControl)
                  00002e2c    00000004                   : i2c.obj (.text:I2CMasterDataGet)
                  00002e30    00000004                   : i2c.obj (.text:I2CMasterDataPut)
                  00002e34    00000004     rtsv7M4_T_le_v4SPD16_eabi.lib : pre_init.obj (.text)

.const     0    00002e38    0000013e     
                  00002e38    00000070     driverlib.lib : interrupt.obj (.const)
                  00002ea8    0000006c                   : sysctl.obj (.const:g_pui32Xtals)
                  00002f14    00000034     rtsv7M4_T_le_v4SPD16_eabi.lib : xfatan.obj (.const)
                  00002f48    0000001c     uartstdio.obj (.const)
                  00002f64    00000012     uartstdio.obj (.const:.string)

.cinit     0    00002f78    00000080     
                  00002f78    0000005a     (.cinit..data.load) [load image, compression = rle]
                  00002fd2    00000002     --HOLE-- [fill = 0]
                  00002fd4    0000000c     (__TI_handler_table)
                  00002fe0    00000008     (.cinit..bss.load) [load image, compression = zero_init]
                  00002fe8    00000010     (__TI_cinit_table)

.init_array 
*          0    00000000    00000000     UNINITIALIZED

.bss       0    20000000    00000204     UNINITIALIZED
                  20000000    00000124     main.obj (.bss:g_sI2CInst)
                  20000124    00000058     main.obj (.bss:g_sCompDCMInst)
                  2000017c    00000030     main.obj (.bss:pfData)
                  200001ac    00000010     (.common:pfData_int)
                  200001bc    00000008     (.common:pfData_int_Mag)
                  200001c4    00000008     (.common:pui8Buffer)
                  200001cc    00000004     (.common:g_ui32SchedulerTickCount)
                  200001d0    00000004     (.common:pfAccel)
                  200001d4    00000004     (.common:pfEulers)
                  200001d8    00000004     (.common:pfGyro)
                  200001dc    00000004     (.common:pfMag)
                  200001e0    00000004     (.common:tiempo2)
                  200001e4    00000004     (.common:tiempo3)
                  200001e8    00000004     (.common:tiempo4)
                  200001ec    00000004     (.common:tiempo5)
                  200001f0    00000004     (.common:tiempoCanal2)
                  200001f4    00000004     (.common:tiempoCanal3)
                  200001f8    00000004     (.common:tiempoCanal4)
                  200001fc    00000004     (.common:tiempoCanal5)
                  20000200    00000004     (.common:ui32CompDCMStarted)

.TI.noinit 
*          0    20000000    00000000     UNINITIALIZED

.stack     0    20000204    00000200     UNINITIALIZED
                  20000204    00000200     --HOLE--

.data      0    20000408    00000184     UNINITIALIZED
                  20000408    000000b0     rtsv7M4_T_le_v4SPD16_eabi.lib : signal.obj (.data:sigtable)
                  200004b8    00000068                                   : xfvalues.obj (.data)
                  20000520    00000028     main.obj (.data:g_psSchedulerTable)
                  20000548    00000019     main.obj (.data)
                  20000561    00000003     --HOLE--
                  20000564    00000008     rtsv7M4_T_le_v4SPD16_eabi.lib : _lock.obj (.data)
                  2000056c    00000008                                   : exit.obj (.data)
                  20000574    00000008                                   : feraiseexcept.obj (.data)
                  2000057c    00000005     uartstdio.obj (.data)
                  20000581    00000003     --HOLE--
                  20000584    00000004     rtsv7M4_T_le_v4SPD16_eabi.lib : errno.obj (.data)
                  20000588    00000004                                   : stkdepth_vars.obj (.data)

.TI.persistent 
*          0    20000408    00000000     UNINITIALIZED


LINKER GENERATED COPY TABLES

__TI_cinit_table @ 00002fe8 records: 2, size/record: 8, table size: 16
	.data: load addr=00002f78, load size=0000005a bytes, run addr=20000408, run size=00000184 bytes, compression=rle
	.bss: load addr=00002fe0, load size=00000008 bytes, run addr=20000000, run size=00000204 bytes, compression=zero_init


LINKER GENERATED HANDLER TABLE

__TI_handler_table @ 00002fd4 records: 3, size/record: 4, table size: 12
	index: 0, handler: __TI_decompress_rle24
	index: 1, handler: __TI_decompress_none
	index: 2, handler: __TI_zero_init


GLOBAL SYMBOLS: SORTED ALPHABETICALLY BY Name 

address   name                      
-------   ----                      
000027f9  C$$EXIT                   
00002d91  CompDCMAccelUpdate        
0000283d  CompDCMComputeEulers      
00002d9f  CompDCMGyroUpdate         
00002771  CompDCMInit               
00002dad  CompDCMMagnetoUpdate      
00001e05  CompDCMStart              
00001249  CompDCMUpdate             
00002131  I2CMCommand               
00002a99  I2CMInit                  
00001c5d  I2CMIntHandler            
00002a2d  I2CMRead                  
0000026d  I2CMSimpleCallback        
00000d0b  I2CMSimpleIntHandler      
00002a63  I2CMWrite                 
00002e29  I2CMasterControl          
00002e2d  I2CMasterDataGet          
00002e31  I2CMasterDataPut          
00002ded  I2CMasterEnable           
00002601  I2CMasterInitExpClk       
00002e0b  I2CMasterIntClear         
00002e13  I2CMasterIntEnableEx      
00002e1b  I2CMasterSlaveAddrSet     
00002379  IntDisable                
000023e1  IntEnable                 
00000bf5  IntGPIOAHandler           
00002449  IntIsEnabled              
00002dc9  IntTrigger                
00002de1  ResetISR                  
UNDEFED   SHT$$INIT_ARRAY$$Base     
UNDEFED   SHT$$INIT_ARRAY$$Limit    
000018fd  SchedulerElapsedTicksCalc 
000018ed  SchedulerElapsedTicksGet  
000017f7  SchedulerInit             
00001813  SchedulerRun              
000017ed  SchedulerSysTickIntHandler
000018c5  SchedulerTaskDisable      
0000186d  SchedulerTaskEnable       
000018e7  SchedulerTickCountGet     
00001a51  SysCtlClockGet            
00002acd  SysCtlPeripheralEnable    
000029bd  SysCtlPeripheralPresent   
00002d31  SysTickEnable             
00002d45  SysTickIntEnable          
00002d81  SysTickPeriodSet          
00002df7  UARTCharGet               
00002e01  UARTCharPut               
00000b93  UARTConfig                
0000272b  UARTConfigSetExpClk       
00002cdd  UARTDisable               
00002d59  UARTEnable                
00000dad  UARTStdioConfig           
00000ef3  UARTgetc                  
00000e39  UARTgets                  
00001213  UARTprintf                
00000f19  UARTvprintf               
00000df3  UARTwrite                 
00002b35  VectorAdd                 
0000250b  VectorCrossProduct        
00002c4b  VectorDotProduct          
00002c71  VectorScale               
20000584  _Errno                    
00001eb5  _FAtan                    
00002bf5  _FDclass                  
200004b8  _FDenorm                  
200004c8  _FEps                     
200004d8  _FInf                     
200004e8  _FNan                     
20000508  _FRteps                   
200004f8  _FSnan                    
20000518  _FXbig                    
2000051c  _FZero                    
20000574  _Fenv                     
00002b69  _Feraise                  
20000578  _Tls_setup__Fenv          
20000404  __STACK_END               
00000200  __STACK_SIZE              
20000404  __STACK_TOP               
00002fe8  __TI_CINIT_Base           
00002ff8  __TI_CINIT_Limit          
00002fd4  __TI_Handler_Table_Base   
00002fe0  __TI_Handler_Table_Limit  
000022a1  __TI_auto_init            
2000056c  __TI_cleanup_ptr          
00002dbb  __TI_decompress_none      
00002e23  __TI_decompress_rle24     
20000570  __TI_dtors_ptr            
00000000  __TI_static_base__        
00002dd5  __TI_zero_init            
00002233  __aeabi_d2f               
000014e3  __aeabi_dadd              
00001b61  __aeabi_dmul              
000014d9  __aeabi_dsub              
000029f5  __aeabi_f2d               
00002b99  __aeabi_i2d               
0000168f  __aeabi_idiv0             
000021b9  __aeabi_memclr            
000021b9  __aeabi_memclr4           
000021b9  __aeabi_memclr8           
00001ffd  __aeabi_memcpy            
00001ffd  __aeabi_memcpy4           
00001ffd  __aeabi_memcpy8           
000021bb  __aeabi_memset            
000021bb  __aeabi_memset4           
000021bb  __aeabi_memset8           
00002901  __aeabi_uidiv             
00002901  __aeabi_uidivmod          
ffffffff  __binit__                 
ffffffff  __c_args__                
20000204  __stack                   
00002d19  _args_main                
000025b1  _c_int00                  
20000564  _lock                     
00002d7b  _nop                      
00002d73  _register_lock            
00002d6d  _register_unlock          
00002e35  _system_pre_init          
20000568  _unlock                   
000027fd  abort                     
00001d51  asinf                     
00001939  atan2f                    
ffffffff  binit                     
00001761  changeDuty                
0000264d  copy_in                   
00002805  exit                      
00002b01  feraiseexcept             
20000560  g_bI2CMSimpleDone         
00000000  g_pfnVectors              
20000520  g_psSchedulerTable        
20000124  g_sCompDCMInst            
20000000  g_sI2CInst                
20000558  g_ui32SchedulerNumTasks   
2000055c  g_ulSchedulerNumTasks     
00001f5d  gpioAConfig               
0000027f  main                      
20000588  main_func_sp              
00001ffd  memcpy                    
000021c1  memset                    
200001d0  pfAccel                   
2000017c  pfData                    
200001ac  pfData_int                
200001bc  pfData_int_Mag            
200001d4  pfEulers                  
200001d8  pfGyro                    
200001dc  pfMag                     
200001c4  pui8Buffer                
00001691  pwmInit                   
00002bc7  raise                     
000028c1  signal                    
00002c99  sqrtf                     
200001e0  tiempo2                   
200001e4  tiempo3                   
200001e8  tiempo4                   
200001ec  tiempo5                   
200001f0  tiempoCanal2              
200001f4  tiempoCanal3              
200001f8  tiempoCanal4              
200001fc  tiempoCanal5              
00002981  timerConfig               
20000200  ui32CompDCMStarted        
20000548  ultimoValorCanal2         
2000054c  ultimoValorCanal3         
20000550  ultimoValorCanal4         
20000554  ultimoValorCanal5         


GLOBAL SYMBOLS: SORTED BY Symbol Address 

address   name                      
-------   ----                      
00000000  __TI_static_base__        
00000000  g_pfnVectors              
00000200  __STACK_SIZE              
0000026d  I2CMSimpleCallback        
0000027f  main                      
00000b93  UARTConfig                
00000bf5  IntGPIOAHandler           
00000d0b  I2CMSimpleIntHandler      
00000dad  UARTStdioConfig           
00000df3  UARTwrite                 
00000e39  UARTgets                  
00000ef3  UARTgetc                  
00000f19  UARTvprintf               
00001213  UARTprintf                
00001249  CompDCMUpdate             
000014d9  __aeabi_dsub              
000014e3  __aeabi_dadd              
0000168f  __aeabi_idiv0             
00001691  pwmInit                   
00001761  changeDuty                
000017ed  SchedulerSysTickIntHandler
000017f7  SchedulerInit             
00001813  SchedulerRun              
0000186d  SchedulerTaskEnable       
000018c5  SchedulerTaskDisable      
000018e7  SchedulerTickCountGet     
000018ed  SchedulerElapsedTicksGet  
000018fd  SchedulerElapsedTicksCalc 
00001939  atan2f                    
00001a51  SysCtlClockGet            
00001b61  __aeabi_dmul              
00001c5d  I2CMIntHandler            
00001d51  asinf                     
00001e05  CompDCMStart              
00001eb5  _FAtan                    
00001f5d  gpioAConfig               
00001ffd  __aeabi_memcpy            
00001ffd  __aeabi_memcpy4           
00001ffd  __aeabi_memcpy8           
00001ffd  memcpy                    
00002131  I2CMCommand               
000021b9  __aeabi_memclr            
000021b9  __aeabi_memclr4           
000021b9  __aeabi_memclr8           
000021bb  __aeabi_memset            
000021bb  __aeabi_memset4           
000021bb  __aeabi_memset8           
000021c1  memset                    
00002233  __aeabi_d2f               
000022a1  __TI_auto_init            
00002379  IntDisable                
000023e1  IntEnable                 
00002449  IntIsEnabled              
0000250b  VectorCrossProduct        
000025b1  _c_int00                  
00002601  I2CMasterInitExpClk       
0000264d  copy_in                   
0000272b  UARTConfigSetExpClk       
00002771  CompDCMInit               
000027f9  C$$EXIT                   
000027fd  abort                     
00002805  exit                      
0000283d  CompDCMComputeEulers      
000028c1  signal                    
00002901  __aeabi_uidiv             
00002901  __aeabi_uidivmod          
00002981  timerConfig               
000029bd  SysCtlPeripheralPresent   
000029f5  __aeabi_f2d               
00002a2d  I2CMRead                  
00002a63  I2CMWrite                 
00002a99  I2CMInit                  
00002acd  SysCtlPeripheralEnable    
00002b01  feraiseexcept             
00002b35  VectorAdd                 
00002b69  _Feraise                  
00002b99  __aeabi_i2d               
00002bc7  raise                     
00002bf5  _FDclass                  
00002c4b  VectorDotProduct          
00002c71  VectorScale               
00002c99  sqrtf                     
00002cdd  UARTDisable               
00002d19  _args_main                
00002d31  SysTickEnable             
00002d45  SysTickIntEnable          
00002d59  UARTEnable                
00002d6d  _register_unlock          
00002d73  _register_lock            
00002d7b  _nop                      
00002d81  SysTickPeriodSet          
00002d91  CompDCMAccelUpdate        
00002d9f  CompDCMGyroUpdate         
00002dad  CompDCMMagnetoUpdate      
00002dbb  __TI_decompress_none      
00002dc9  IntTrigger                
00002dd5  __TI_zero_init            
00002de1  ResetISR                  
00002ded  I2CMasterEnable           
00002df7  UARTCharGet               
00002e01  UARTCharPut               
00002e0b  I2CMasterIntClear         
00002e13  I2CMasterIntEnableEx      
00002e1b  I2CMasterSlaveAddrSet     
00002e23  __TI_decompress_rle24     
00002e29  I2CMasterControl          
00002e2d  I2CMasterDataGet          
00002e31  I2CMasterDataPut          
00002e35  _system_pre_init          
00002fd4  __TI_Handler_Table_Base   
00002fe0  __TI_Handler_Table_Limit  
00002fe8  __TI_CINIT_Base           
00002ff8  __TI_CINIT_Limit          
20000000  g_sI2CInst                
20000124  g_sCompDCMInst            
2000017c  pfData                    
200001ac  pfData_int                
200001bc  pfData_int_Mag            
200001c4  pui8Buffer                
200001d0  pfAccel                   
200001d4  pfEulers                  
200001d8  pfGyro                    
200001dc  pfMag                     
200001e0  tiempo2                   
200001e4  tiempo3                   
200001e8  tiempo4                   
200001ec  tiempo5                   
200001f0  tiempoCanal2              
200001f4  tiempoCanal3              
200001f8  tiempoCanal4              
200001fc  tiempoCanal5              
20000200  ui32CompDCMStarted        
20000204  __stack                   
20000404  __STACK_END               
20000404  __STACK_TOP               
200004b8  _FDenorm                  
200004c8  _FEps                     
200004d8  _FInf                     
200004e8  _FNan                     
200004f8  _FSnan                    
20000508  _FRteps                   
20000518  _FXbig                    
2000051c  _FZero                    
20000520  g_psSchedulerTable        
20000548  ultimoValorCanal2         
2000054c  ultimoValorCanal3         
20000550  ultimoValorCanal4         
20000554  ultimoValorCanal5         
20000558  g_ui32SchedulerNumTasks   
2000055c  g_ulSchedulerNumTasks     
20000560  g_bI2CMSimpleDone         
20000564  _lock                     
20000568  _unlock                   
2000056c  __TI_cleanup_ptr          
20000570  __TI_dtors_ptr            
20000574  _Fenv                     
20000578  _Tls_setup__Fenv          
20000584  _Errno                    
20000588  main_func_sp              
ffffffff  __binit__                 
ffffffff  __c_args__                
ffffffff  binit                     
UNDEFED   SHT$$INIT_ARRAY$$Base     
UNDEFED   SHT$$INIT_ARRAY$$Limit    

[164 symbols]
