******************************************************************************
                  TI ARM Linker PC v5.2.9                      
******************************************************************************
>> Linked Fri Nov 24 14:31:13 2017

OUTPUT FILE NAME:   <triHelice.out>
ENTRY POINT SYMBOL: "_c_int00"  address: 00001d35


MEMORY CONFIGURATION

         name            origin    length      used     unused   attr    fill
----------------------  --------  ---------  --------  --------  ----  --------
  FLASH                 00000000   00040000  0000265e  0003d9a2  R  X
  SRAM                  20000000   00008000  00000494  00007b6c  RW X


SEGMENT ALLOCATION MAP

run origin  load origin   length   init length attrs members
----------  ----------- ---------- ----------- ----- -------
00000000    00000000    00002660   00002660    r-x
  00000000    00000000    0000026c   0000026c    r-- .intvecs
  0000026c    0000026c    000022a8   000022a8    r-x .text
  00002514    00002514    0000010a   0000010a    r-- .const
  00002620    00002620    00000040   00000040    r-- .cinit
20000000    20000000    00000494   00000000    rw-
  20000000    20000000    00000200   00000000    rw- .stack
  20000200    20000200    000001a8   00000000    rw- .bss
  200003a8    200003a8    000000ec   00000000    rw- .data


SECTION ALLOCATION MAP

 output                                  attributes/
section   page    origin      length       input sections
--------  ----  ----------  ----------   ----------------
.intvecs   0    00000000    0000026c     
                  00000000    0000026c     tm4c123gh6pm_startup_ccs.obj (.intvecs)

.text      0    0000026c    000022a8     
                  0000026c    00000684     main.obj (.text)
                  000008f0    0000049c     uartstdio.obj (.text)
                  00000d8c    00000290     sensorlib.lib : comp_dcm.obj (.text:CompDCMUpdate)
                  0000101c    000001b6     rtsv7M4_T_le_v4SPD16_eabi.lib : fd_add_t2.obj (.text)
                  000011d2    00000002                                   : i_div0.obj (.text)
                  000011d4    0000015c     pwm.obj (.text)
                  00001330    00000110     driverlib.lib : sysctl.obj (.text:SysCtlClockGet)
                  00001440    000000fc     rtsv7M4_T_le_v4SPD16_eabi.lib : fd_mul_t2.obj (.text)
                  0000153c    000000f2     sensorlib.lib : i2cm_drv.obj (.text:I2CMIntHandler)
                  0000162e    000000b0                   : comp_dcm.obj (.text:CompDCMStart)
                  000016de    00000002     --HOLE-- [fill = 0]
                  000016e0    000000a0     gpioAReceiver.obj (.text)
                  00001780    0000009c     rtsv7M4_T_le_v4SPD16_eabi.lib : memcpy_t2.obj (.text)
                  0000181c    00000098     sensorlib.lib : i2cm_drv.obj (.text:I2CMStateIdle)
                  000018b4    00000088                   : i2cm_drv.obj (.text:I2CMCommand)
                  0000193c    0000007a     rtsv7M4_T_le_v4SPD16_eabi.lib : memset_t2.obj (.text)
                  000019b6    0000006e                                   : fd_tos_t2.obj (.text)
                  00001a24    0000006c                                   : autoinit.obj (.text)
                  00001a90    0000006a                                   : copy_decompress_rle.obj (.text)
                  00001afa    00000002     --HOLE-- [fill = 0]
                  00001afc    00000068     driverlib.lib : interrupt.obj (.text:IntDisable)
                  00001b64    00000068                   : interrupt.obj (.text:IntEnable)
                  00001bcc    00000064                   : interrupt.obj (.text:IntIsEnabled)
                  00001c30    0000005e     sensorlib.lib : i2cm_drv.obj (.text:I2CMStateWritePause)
                  00001c8e    00000056                   : vector.obj (.text:VectorCrossProduct)
                  00001ce4    00000050                   : i2cm_drv.obj (.text:I2CMStateWriteFinal)
                  00001d34    00000050     rtsv7M4_T_le_v4SPD16_eabi.lib : boot.obj (.text)
                  00001d84    0000004c     driverlib.lib : i2c.obj (.text:I2CMasterInitExpClk)
                  00001dd0    0000004c     rtsv7M4_T_le_v4SPD16_eabi.lib : cpy_tbl.obj (.text)
                  00001e1c    0000004a     sensorlib.lib : i2cm_drv.obj (.text:I2CMStateReadNext)
                  00001e66    00000048                   : i2cm_drv.obj (.text:I2CMStateWriteNext)
                  00001eae    00000046     driverlib.lib : uart.obj (.text:UARTConfigSetExpClk)
                  00001ef4    00000044     sensorlib.lib : comp_dcm.obj (.text:CompDCMInit)
                  00001f38    00000044                   : i2cm_drv.obj (.text:I2CMStateCallback)
                  00001f7c    00000044     rtsv7M4_T_le_v4SPD16_eabi.lib : exit.obj (.text)
                  00001fc0    00000042     sensorlib.lib : i2cm_drv.obj (.text:I2CMStateReadFinal)
                  00002002    00000002     --HOLE-- [fill = 0]
                  00002004    00000040     rtsv7M4_T_le_v4SPD16_eabi.lib : signal.obj (.text)
                  00002044    00000040                                   : u_divt2.obj (.text)
                  00002084    0000003e     sensorlib.lib : i2cm_drv.obj (.text:I2CMStateReadPause)
                  000020c2    00000002     --HOLE-- [fill = 0]
                  000020c4    0000003c     timer.obj (.text)
                  00002100    00000038     driverlib.lib : sysctl.obj (.text:SysCtlPeripheralPresent)
                  00002138    00000038     rtsv7M4_T_le_v4SPD16_eabi.lib : fs_tod_t2.obj (.text)
                  00002170    00000036     main.obj (.text:I2CMRead)
                  000021a6    00000036     main.obj (.text:I2CMWrite)
                  000021dc    00000034     sensorlib.lib : i2cm_drv.obj (.text:I2CMInit)
                  00002210    00000034     driverlib.lib : sysctl.obj (.text:SysCtlPeripheralEnable)
                  00002244    00000034     rtsv7M4_T_le_v4SPD16_eabi.lib : feraiseexcept.obj (.text)
                  00002278    00000032     sensorlib.lib : vector.obj (.text:VectorAdd)
                  000022aa    00000002     --HOLE-- [fill = 0]
                  000022ac    00000030     rtsv7M4_T_le_v4SPD16_eabi.lib : xferaise.obj (.text)
                  000022dc    0000002e                                   : raise.obj (.text)
                  0000230a    0000002c                                   : xfdclass.obj (.text)
                  00002336    0000002a     sensorlib.lib : i2cm_drv.obj (.text:I2CMStateReadFirst)
                  00002360    00000026                   : vector.obj (.text:VectorDotProduct)
                  00002386    00000026                   : vector.obj (.text:VectorScale)
                  000023ac    00000024     rtsv7M4_T_le_v4SPD16_eabi.lib : sqrtf.obj (.text)
                  000023d0    00000020     sensorlib.lib : i2cm_drv.obj (.text:I2CMStateReadOne)
                  000023f0    00000020     driverlib.lib : uart.obj (.text:UARTDisable)
                  00002410    0000001a     sensorlib.lib : i2cm_drv.obj (.text:I2CMStateReadWait)
                  0000242a    00000002     --HOLE-- [fill = 0]
                  0000242c    00000018     rtsv7M4_T_le_v4SPD16_eabi.lib : args_main.obj (.text)
                  00002444    00000014     driverlib.lib : uart.obj (.text:UARTEnable)
                  00002458    00000014     rtsv7M4_T_le_v4SPD16_eabi.lib : _lock.obj (.text)
                  0000246c    0000000e     sensorlib.lib : comp_dcm.obj (.text:CompDCMAccelUpdate)
                  0000247a    0000000e                   : comp_dcm.obj (.text:CompDCMGyroUpdate)
                  00002488    0000000e                   : comp_dcm.obj (.text:CompDCMMagnetoUpdate)
                  00002496    0000000e     rtsv7M4_T_le_v4SPD16_eabi.lib : copy_decompress_none.obj (.text:decompress:none)
                  000024a4    0000000c     driverlib.lib : interrupt.obj (.text:IntTrigger)
                  000024b0    0000000c     rtsv7M4_T_le_v4SPD16_eabi.lib : copy_zero_init.obj (.text:decompress:ZI)
                  000024bc    0000000c     tm4c123gh6pm_startup_ccs.obj (.text)
                  000024c8    0000000a     driverlib.lib : i2c.obj (.text:I2CMasterEnable)
                  000024d2    0000000a                   : uart.obj (.text:UARTCharGet)
                  000024dc    0000000a                   : uart.obj (.text:UARTCharPut)
                  000024e6    00000008                   : i2c.obj (.text:I2CMasterIntClear)
                  000024ee    00000008                   : i2c.obj (.text:I2CMasterIntEnableEx)
                  000024f6    00000008                   : i2c.obj (.text:I2CMasterSlaveAddrSet)
                  000024fe    00000006     rtsv7M4_T_le_v4SPD16_eabi.lib : copy_decompress_rle.obj (.text:decompress:rle24)
                  00002504    00000004     driverlib.lib : i2c.obj (.text:I2CMasterControl)
                  00002508    00000004                   : i2c.obj (.text:I2CMasterDataGet)
                  0000250c    00000004                   : i2c.obj (.text:I2CMasterDataPut)
                  00002510    00000004     rtsv7M4_T_le_v4SPD16_eabi.lib : pre_init.obj (.text)

.const     0    00002514    0000010a     
                  00002514    00000070     driverlib.lib : interrupt.obj (.const)
                  00002584    0000006c                   : sysctl.obj (.const:g_pui32Xtals)
                  000025f0    0000001c     uartstdio.obj (.const)
                  0000260c    00000012     uartstdio.obj (.const:.string)

.cinit     0    00002620    00000040     
                  00002620    00000016     (.cinit..data.load) [load image, compression = rle]
                  00002636    00000002     --HOLE-- [fill = 0]
                  00002638    0000000c     (__TI_handler_table)
                  00002644    00000004     --HOLE-- [fill = 0]
                  00002648    00000008     (.cinit..bss.load) [load image, compression = zero_init]
                  00002650    00000010     (__TI_cinit_table)

.init_array 
*          0    00000000    00000000     UNINITIALIZED

.stack     0    20000000    00000200     UNINITIALIZED
                  20000000    00000200     --HOLE--

.bss       0    20000200    000001a8     UNINITIALIZED
                  20000200    00000124     main.obj (.bss:g_sI2CInst)
                  20000324    00000058     main.obj (.bss:g_sCompDCMInst)
                  2000037c    00000008     (.common:pui8Buffer)
                  20000384    00000004     (.common:tiempo2)
                  20000388    00000004     (.common:tiempo3)
                  2000038c    00000004     (.common:tiempo4)
                  20000390    00000004     (.common:tiempo5)
                  20000394    00000004     (.common:tiempoCanal2)
                  20000398    00000004     (.common:tiempoCanal3)
                  2000039c    00000004     (.common:tiempoCanal4)
                  200003a0    00000004     (.common:tiempoCanal5)
                  200003a4    00000004     (.common:ui32CompDCMStarted)

.TI.noinit 
*          0    20000200    00000000     UNINITIALIZED

.data      0    200003a8    000000ec     UNINITIALIZED
                  200003a8    000000b0     rtsv7M4_T_le_v4SPD16_eabi.lib : signal.obj (.data:sigtable)
                  20000458    00000011     main.obj (.data)
                  20000469    00000003     --HOLE--
                  2000046c    00000008     rtsv7M4_T_le_v4SPD16_eabi.lib : _lock.obj (.data)
                  20000474    00000008                                   : exit.obj (.data)
                  2000047c    00000008                                   : feraiseexcept.obj (.data)
                  20000484    00000005     uartstdio.obj (.data)
                  20000489    00000003     --HOLE--
                  2000048c    00000004     rtsv7M4_T_le_v4SPD16_eabi.lib : errno.obj (.data)
                  20000490    00000004                                   : stkdepth_vars.obj (.data)

.TI.persistent 
*          0    200003a8    00000000     UNINITIALIZED


LINKER GENERATED COPY TABLES

__TI_cinit_table @ 00002650 records: 2, size/record: 8, table size: 16
	.data: load addr=00002620, load size=00000016 bytes, run addr=200003a8, run size=000000ec bytes, compression=rle
	.bss: load addr=00002648, load size=00000008 bytes, run addr=20000200, run size=000001a8 bytes, compression=zero_init


LINKER GENERATED HANDLER TABLE

__TI_handler_table @ 00002638 records: 3, size/record: 4, table size: 12
	index: 0, handler: __TI_decompress_rle24
	index: 1, handler: __TI_decompress_none
	index: 2, handler: __TI_zero_init


GLOBAL SYMBOLS: SORTED ALPHABETICALLY BY Name 

address   name                    
-------   ----                    
00001f7d  C$$EXIT                 
0000246d  CompDCMAccelUpdate      
0000247b  CompDCMGyroUpdate       
00001ef5  CompDCMInit             
00002489  CompDCMMagnetoUpdate    
0000162f  CompDCMStart            
00000d8d  CompDCMUpdate           
000018b5  I2CMCommand             
000021dd  I2CMInit                
0000153d  I2CMIntHandler          
00002171  I2CMRead                
0000026d  I2CMSimpleCallback      
0000088b  I2CMSimpleIntHandler    
000021a7  I2CMWrite               
00002505  I2CMasterControl        
00002509  I2CMasterDataGet        
0000250d  I2CMasterDataPut        
000024c9  I2CMasterEnable         
00001d85  I2CMasterInitExpClk     
000024e7  I2CMasterIntClear       
000024ef  I2CMasterIntEnableEx    
000024f7  I2CMasterSlaveAddrSet   
00001afd  IntDisable              
00001b65  IntEnable               
00000775  IntGPIOAHandler         
00001bcd  IntIsEnabled            
000024a5  IntTrigger              
00000689  MPU9250Init             
00000621  MPU9250Read             
00000575  MPU9250Write            
000024bd  ResetISR                
UNDEFED   SHT$$INIT_ARRAY$$Base   
UNDEFED   SHT$$INIT_ARRAY$$Limit  
00001331  SysCtlClockGet          
00002211  SysCtlPeripheralEnable  
00002101  SysCtlPeripheralPresent 
000024d3  UARTCharGet             
000024dd  UARTCharPut             
000006bf  UARTConfig              
00001eaf  UARTConfigSetExpClk     
000023f1  UARTDisable             
00002445  UARTEnable              
000008f1  UARTStdioConfig         
00000a37  UARTgetc                
0000097d  UARTgets                
00000d57  UARTprintf              
00000a5d  UARTvprintf             
00000937  UARTwrite               
00002279  VectorAdd               
00001c8f  VectorCrossProduct      
00002361  VectorDotProduct        
00002387  VectorScale             
2000048c  _Errno                  
0000230b  _FDclass                
2000047c  _Fenv                   
000022ad  _Feraise                
20000480  _Tls_setup__Fenv        
20000200  __STACK_END             
00000200  __STACK_SIZE            
20000200  __STACK_TOP             
00002650  __TI_CINIT_Base         
00002660  __TI_CINIT_Limit        
00002638  __TI_Handler_Table_Base 
00002644  __TI_Handler_Table_Limit
00001a25  __TI_auto_init          
20000474  __TI_cleanup_ptr        
00002497  __TI_decompress_none    
000024ff  __TI_decompress_rle24   
20000478  __TI_dtors_ptr          
00000000  __TI_static_base__      
000024b1  __TI_zero_init          
000019b7  __aeabi_d2f             
00001027  __aeabi_dadd            
00001441  __aeabi_dmul            
0000101d  __aeabi_dsub            
00002139  __aeabi_f2d             
000011d3  __aeabi_idiv0           
0000193d  __aeabi_memclr          
0000193d  __aeabi_memclr4         
0000193d  __aeabi_memclr8         
00001781  __aeabi_memcpy          
00001781  __aeabi_memcpy4         
00001781  __aeabi_memcpy8         
0000193f  __aeabi_memset          
0000193f  __aeabi_memset4         
0000193f  __aeabi_memset8         
00002045  __aeabi_uidiv           
00002045  __aeabi_uidivmod        
ffffffff  __binit__               
ffffffff  __c_args__              
20000000  __stack                 
0000242d  _args_main              
00001d35  _c_int00                
2000046c  _lock                   
00002467  _nop                    
0000245f  _register_lock          
00002459  _register_unlock        
00002511  _system_pre_init        
20000470  _unlock                 
00001f81  abort                   
ffffffff  binit                   
000012a5  changeDuty              
00001dd1  copy_in                 
00001f89  exit                    
00002245  feraiseexcept           
20000468  g_bI2CMSimpleDone       
00000000  g_pfnVectors            
20000324  g_sCompDCMInst          
20000200  g_sI2CInst              
000016e1  gpioAConfig             
0000027f  main                    
20000490  main_func_sp            
00001781  memcpy                  
00001945  memset                  
2000037c  pui8Buffer              
000011d5  pwmInit                 
000022dd  raise                   
00002005  signal                  
000023ad  sqrtf                   
20000384  tiempo2                 
20000388  tiempo3                 
2000038c  tiempo4                 
20000390  tiempo5                 
20000394  tiempoCanal2            
20000398  tiempoCanal3            
2000039c  tiempoCanal4            
200003a0  tiempoCanal5            
000020c5  timerConfig             
200003a4  ui32CompDCMStarted      
20000458  ultimoValorCanal2       
2000045c  ultimoValorCanal3       
20000460  ultimoValorCanal4       
20000464  ultimoValorCanal5       


GLOBAL SYMBOLS: SORTED BY Symbol Address 

address   name                    
-------   ----                    
00000000  __TI_static_base__      
00000000  g_pfnVectors            
00000200  __STACK_SIZE            
0000026d  I2CMSimpleCallback      
0000027f  main                    
00000575  MPU9250Write            
00000621  MPU9250Read             
00000689  MPU9250Init             
000006bf  UARTConfig              
00000775  IntGPIOAHandler         
0000088b  I2CMSimpleIntHandler    
000008f1  UARTStdioConfig         
00000937  UARTwrite               
0000097d  UARTgets                
00000a37  UARTgetc                
00000a5d  UARTvprintf             
00000d57  UARTprintf              
00000d8d  CompDCMUpdate           
0000101d  __aeabi_dsub            
00001027  __aeabi_dadd            
000011d3  __aeabi_idiv0           
000011d5  pwmInit                 
000012a5  changeDuty              
00001331  SysCtlClockGet          
00001441  __aeabi_dmul            
0000153d  I2CMIntHandler          
0000162f  CompDCMStart            
000016e1  gpioAConfig             
00001781  __aeabi_memcpy          
00001781  __aeabi_memcpy4         
00001781  __aeabi_memcpy8         
00001781  memcpy                  
000018b5  I2CMCommand             
0000193d  __aeabi_memclr          
0000193d  __aeabi_memclr4         
0000193d  __aeabi_memclr8         
0000193f  __aeabi_memset          
0000193f  __aeabi_memset4         
0000193f  __aeabi_memset8         
00001945  memset                  
000019b7  __aeabi_d2f             
00001a25  __TI_auto_init          
00001afd  IntDisable              
00001b65  IntEnable               
00001bcd  IntIsEnabled            
00001c8f  VectorCrossProduct      
00001d35  _c_int00                
00001d85  I2CMasterInitExpClk     
00001dd1  copy_in                 
00001eaf  UARTConfigSetExpClk     
00001ef5  CompDCMInit             
00001f7d  C$$EXIT                 
00001f81  abort                   
00001f89  exit                    
00002005  signal                  
00002045  __aeabi_uidiv           
00002045  __aeabi_uidivmod        
000020c5  timerConfig             
00002101  SysCtlPeripheralPresent 
00002139  __aeabi_f2d             
00002171  I2CMRead                
000021a7  I2CMWrite               
000021dd  I2CMInit                
00002211  SysCtlPeripheralEnable  
00002245  feraiseexcept           
00002279  VectorAdd               
000022ad  _Feraise                
000022dd  raise                   
0000230b  _FDclass                
00002361  VectorDotProduct        
00002387  VectorScale             
000023ad  sqrtf                   
000023f1  UARTDisable             
0000242d  _args_main              
00002445  UARTEnable              
00002459  _register_unlock        
0000245f  _register_lock          
00002467  _nop                    
0000246d  CompDCMAccelUpdate      
0000247b  CompDCMGyroUpdate       
00002489  CompDCMMagnetoUpdate    
00002497  __TI_decompress_none    
000024a5  IntTrigger              
000024b1  __TI_zero_init          
000024bd  ResetISR                
000024c9  I2CMasterEnable         
000024d3  UARTCharGet             
000024dd  UARTCharPut             
000024e7  I2CMasterIntClear       
000024ef  I2CMasterIntEnableEx    
000024f7  I2CMasterSlaveAddrSet   
000024ff  __TI_decompress_rle24   
00002505  I2CMasterControl        
00002509  I2CMasterDataGet        
0000250d  I2CMasterDataPut        
00002511  _system_pre_init        
00002638  __TI_Handler_Table_Base 
00002644  __TI_Handler_Table_Limit
00002650  __TI_CINIT_Base         
00002660  __TI_CINIT_Limit        
20000000  __stack                 
20000200  __STACK_END             
20000200  __STACK_TOP             
20000200  g_sI2CInst              
20000324  g_sCompDCMInst          
2000037c  pui8Buffer              
20000384  tiempo2                 
20000388  tiempo3                 
2000038c  tiempo4                 
20000390  tiempo5                 
20000394  tiempoCanal2            
20000398  tiempoCanal3            
2000039c  tiempoCanal4            
200003a0  tiempoCanal5            
200003a4  ui32CompDCMStarted      
20000458  ultimoValorCanal2       
2000045c  ultimoValorCanal3       
20000460  ultimoValorCanal4       
20000464  ultimoValorCanal5       
20000468  g_bI2CMSimpleDone       
2000046c  _lock                   
20000470  _unlock                 
20000474  __TI_cleanup_ptr        
20000478  __TI_dtors_ptr          
2000047c  _Fenv                   
20000480  _Tls_setup__Fenv        
2000048c  _Errno                  
20000490  main_func_sp            
ffffffff  __binit__               
ffffffff  __c_args__              
ffffffff  binit                   
UNDEFED   SHT$$INIT_ARRAY$$Base   
UNDEFED   SHT$$INIT_ARRAY$$Limit  

[133 symbols]
