<?xml version="1.0"?>
<link_info>
   <banner>TI ARM Linker PC v5.2.9</banner>
   <copyright>Copyright (c) 1996-2017 Texas Instruments Incorporated</copyright>
   <link_time>0x5a17b0c4</link_time>
   <link_errors>0x0</link_errors>
   <output_file>triHelice.out</output_file>
   <entry_point>
      <name>_c_int00</name>
      <address>0x1cc1</address>
   </entry_point>
   <input_file_list>
      <input_file id="fl-2">
         <path>.\</path>
         <kind>object</kind>
         <file>main.obj</file>
         <name>main.obj</name>
      </input_file>
      <input_file id="fl-3">
         <path>.\</path>
         <kind>object</kind>
         <file>tm4c123gh6pm_startup_ccs.obj</file>
         <name>tm4c123gh6pm_startup_ccs.obj</name>
      </input_file>
      <input_file id="fl-4">
         <path>.\</path>
         <kind>object</kind>
         <file>uartstdio.obj</file>
         <name>uartstdio.obj</name>
      </input_file>
      <input_file id="fl-5">
         <path>.\Drivers\</path>
         <kind>object</kind>
         <file>gpioAReceiver.obj</file>
         <name>gpioAReceiver.obj</name>
      </input_file>
      <input_file id="fl-6">
         <path>.\Drivers\</path>
         <kind>object</kind>
         <file>pwm.obj</file>
         <name>pwm.obj</name>
      </input_file>
      <input_file id="fl-7">
         <path>.\Drivers\</path>
         <kind>object</kind>
         <file>timer.obj</file>
         <name>timer.obj</name>
      </input_file>
      <input_file id="fl-8">
         <path>.\Utils\</path>
         <kind>object</kind>
         <file>uartPrint.obj</file>
         <name>uartPrint.obj</name>
      </input_file>
      <input_file id="fl-f">
         <path>C:\ti\TivaWare_C_Series-2.1.4.178\driverlib\ccs\Debug\</path>
         <kind>archive</kind>
         <file>driverlib.lib</file>
         <name>sysctl.obj</name>
      </input_file>
      <input_file id="fl-10">
         <path>C:\ti\TivaWare_C_Series-2.1.4.178\driverlib\ccs\Debug\</path>
         <kind>archive</kind>
         <file>driverlib.lib</file>
         <name>uart.obj</name>
      </input_file>
      <input_file id="fl-11">
         <path>C:\ti\TivaWare_C_Series-2.1.4.178\driverlib\ccs\Debug\</path>
         <kind>archive</kind>
         <file>driverlib.lib</file>
         <name>cpu.obj</name>
      </input_file>
      <input_file id="fl-12">
         <path>C:\ti\TivaWare_C_Series-2.1.4.178\driverlib\ccs\Debug\</path>
         <kind>archive</kind>
         <file>driverlib.lib</file>
         <name>interrupt.obj</name>
      </input_file>
      <input_file id="fl-13">
         <path>C:\ti\TivaWare_C_Series-2.1.4.178\sensorlib\ccs\Debug\</path>
         <kind>archive</kind>
         <file>sensorlib.lib</file>
         <name>comp_dcm.obj</name>
      </input_file>
      <input_file id="fl-14">
         <path>C:\ti\TivaWare_C_Series-2.1.4.178\sensorlib\ccs\Debug\</path>
         <kind>archive</kind>
         <file>sensorlib.lib</file>
         <name>i2cm_drv.obj</name>
      </input_file>
      <input_file id="fl-15">
         <path>C:\ti\TivaWare_C_Series-2.1.4.178\sensorlib\ccs\Debug\</path>
         <kind>archive</kind>
         <file>sensorlib.lib</file>
         <name>vector.obj</name>
      </input_file>
      <input_file id="fl-137">
         <path>C:\ti\ccsv7\tools\compiler\ti-cgt-arm_5.2.9\lib\</path>
         <kind>archive</kind>
         <file>rtsv7M4_T_le_v4SPD16_eabi.lib</file>
         <name>asinf.obj</name>
      </input_file>
      <input_file id="fl-138">
         <path>C:\ti\ccsv7\tools\compiler\ti-cgt-arm_5.2.9\lib\</path>
         <kind>archive</kind>
         <file>rtsv7M4_T_le_v4SPD16_eabi.lib</file>
         <name>atan2f.obj</name>
      </input_file>
      <input_file id="fl-139">
         <path>C:\ti\ccsv7\tools\compiler\ti-cgt-arm_5.2.9\lib\</path>
         <kind>archive</kind>
         <file>rtsv7M4_T_le_v4SPD16_eabi.lib</file>
         <name>boot.obj</name>
      </input_file>
      <input_file id="fl-13a">
         <path>C:\ti\ccsv7\tools\compiler\ti-cgt-arm_5.2.9\lib\</path>
         <kind>archive</kind>
         <file>rtsv7M4_T_le_v4SPD16_eabi.lib</file>
         <name>copy_decompress_none.obj</name>
      </input_file>
      <input_file id="fl-13b">
         <path>C:\ti\ccsv7\tools\compiler\ti-cgt-arm_5.2.9\lib\</path>
         <kind>archive</kind>
         <file>rtsv7M4_T_le_v4SPD16_eabi.lib</file>
         <name>copy_decompress_rle.obj</name>
      </input_file>
      <input_file id="fl-13c">
         <path>C:\ti\ccsv7\tools\compiler\ti-cgt-arm_5.2.9\lib\</path>
         <kind>archive</kind>
         <file>rtsv7M4_T_le_v4SPD16_eabi.lib</file>
         <name>copy_zero_init.obj</name>
      </input_file>
      <input_file id="fl-13d">
         <path>C:\ti\ccsv7\tools\compiler\ti-cgt-arm_5.2.9\lib\</path>
         <kind>archive</kind>
         <file>rtsv7M4_T_le_v4SPD16_eabi.lib</file>
         <name>exit.obj</name>
      </input_file>
      <input_file id="fl-13e">
         <path>C:\ti\ccsv7\tools\compiler\ti-cgt-arm_5.2.9\lib\</path>
         <kind>archive</kind>
         <file>rtsv7M4_T_le_v4SPD16_eabi.lib</file>
         <name>fd_add_t2.obj</name>
      </input_file>
      <input_file id="fl-13f">
         <path>C:\ti\ccsv7\tools\compiler\ti-cgt-arm_5.2.9\lib\</path>
         <kind>archive</kind>
         <file>rtsv7M4_T_le_v4SPD16_eabi.lib</file>
         <name>fd_mul_t2.obj</name>
      </input_file>
      <input_file id="fl-140">
         <path>C:\ti\ccsv7\tools\compiler\ti-cgt-arm_5.2.9\lib\</path>
         <kind>archive</kind>
         <file>rtsv7M4_T_le_v4SPD16_eabi.lib</file>
         <name>fd_tos_t2.obj</name>
      </input_file>
      <input_file id="fl-141">
         <path>C:\ti\ccsv7\tools\compiler\ti-cgt-arm_5.2.9\lib\</path>
         <kind>archive</kind>
         <file>rtsv7M4_T_le_v4SPD16_eabi.lib</file>
         <name>fs_tod_t2.obj</name>
      </input_file>
      <input_file id="fl-142">
         <path>C:\ti\ccsv7\tools\compiler\ti-cgt-arm_5.2.9\lib\</path>
         <kind>archive</kind>
         <file>rtsv7M4_T_le_v4SPD16_eabi.lib</file>
         <name>memcpy_t2.obj</name>
      </input_file>
      <input_file id="fl-143">
         <path>C:\ti\ccsv7\tools\compiler\ti-cgt-arm_5.2.9\lib\</path>
         <kind>archive</kind>
         <file>rtsv7M4_T_le_v4SPD16_eabi.lib</file>
         <name>memset_t2.obj</name>
      </input_file>
      <input_file id="fl-144">
         <path>C:\ti\ccsv7\tools\compiler\ti-cgt-arm_5.2.9\lib\</path>
         <kind>archive</kind>
         <file>rtsv7M4_T_le_v4SPD16_eabi.lib</file>
         <name>pre_init.obj</name>
      </input_file>
      <input_file id="fl-145">
         <path>C:\ti\ccsv7\tools\compiler\ti-cgt-arm_5.2.9\lib\</path>
         <kind>archive</kind>
         <file>rtsv7M4_T_le_v4SPD16_eabi.lib</file>
         <name>sqrtf.obj</name>
      </input_file>
      <input_file id="fl-146">
         <path>C:\ti\ccsv7\tools\compiler\ti-cgt-arm_5.2.9\lib\</path>
         <kind>archive</kind>
         <file>rtsv7M4_T_le_v4SPD16_eabi.lib</file>
         <name>stkdepth_vars.obj</name>
      </input_file>
      <input_file id="fl-147">
         <path>C:\ti\ccsv7\tools\compiler\ti-cgt-arm_5.2.9\lib\</path>
         <kind>archive</kind>
         <file>rtsv7M4_T_le_v4SPD16_eabi.lib</file>
         <name>u_divt2.obj</name>
      </input_file>
      <input_file id="fl-148">
         <path>C:\ti\ccsv7\tools\compiler\ti-cgt-arm_5.2.9\lib\</path>
         <kind>archive</kind>
         <file>rtsv7M4_T_le_v4SPD16_eabi.lib</file>
         <name>vsprintf.obj</name>
      </input_file>
      <input_file id="fl-149">
         <path>C:\ti\ccsv7\tools\compiler\ti-cgt-arm_5.2.9\lib\</path>
         <kind>archive</kind>
         <file>rtsv7M4_T_le_v4SPD16_eabi.lib</file>
         <name>xfatan.obj</name>
      </input_file>
      <input_file id="fl-14a">
         <path>C:\ti\ccsv7\tools\compiler\ti-cgt-arm_5.2.9\lib\</path>
         <kind>archive</kind>
         <file>rtsv7M4_T_le_v4SPD16_eabi.lib</file>
         <name>xfdclass.obj</name>
      </input_file>
      <input_file id="fl-14b">
         <path>C:\ti\ccsv7\tools\compiler\ti-cgt-arm_5.2.9\lib\</path>
         <kind>archive</kind>
         <file>rtsv7M4_T_le_v4SPD16_eabi.lib</file>
         <name>xferaise.obj</name>
      </input_file>
      <input_file id="fl-14c">
         <path>C:\ti\ccsv7\tools\compiler\ti-cgt-arm_5.2.9\lib\</path>
         <kind>archive</kind>
         <file>rtsv7M4_T_le_v4SPD16_eabi.lib</file>
         <name>xfvalues.obj</name>
      </input_file>
      <input_file id="fl-14d">
         <path>C:\ti\ccsv7\tools\compiler\ti-cgt-arm_5.2.9\lib\</path>
         <kind>archive</kind>
         <file>rtsv7M4_T_le_v4SPD16_eabi.lib</file>
         <name>_lock.obj</name>
      </input_file>
      <input_file id="fl-14e">
         <path>C:\ti\ccsv7\tools\compiler\ti-cgt-arm_5.2.9\lib\</path>
         <kind>archive</kind>
         <file>rtsv7M4_T_le_v4SPD16_eabi.lib</file>
         <name>_printfi.obj</name>
      </input_file>
      <input_file id="fl-14f">
         <path>C:\ti\ccsv7\tools\compiler\ti-cgt-arm_5.2.9\lib\</path>
         <kind>archive</kind>
         <file>rtsv7M4_T_le_v4SPD16_eabi.lib</file>
         <name>args_main.obj</name>
      </input_file>
      <input_file id="fl-150">
         <path>C:\ti\ccsv7\tools\compiler\ti-cgt-arm_5.2.9\lib\</path>
         <kind>archive</kind>
         <file>rtsv7M4_T_le_v4SPD16_eabi.lib</file>
         <name>atoi.obj</name>
      </input_file>
      <input_file id="fl-151">
         <path>C:\ti\ccsv7\tools\compiler\ti-cgt-arm_5.2.9\lib\</path>
         <kind>archive</kind>
         <file>rtsv7M4_T_le_v4SPD16_eabi.lib</file>
         <name>autoinit.obj</name>
      </input_file>
      <input_file id="fl-152">
         <path>C:\ti\ccsv7\tools\compiler\ti-cgt-arm_5.2.9\lib\</path>
         <kind>archive</kind>
         <file>rtsv7M4_T_le_v4SPD16_eabi.lib</file>
         <name>cpy_tbl.obj</name>
      </input_file>
      <input_file id="fl-153">
         <path>C:\ti\ccsv7\tools\compiler\ti-cgt-arm_5.2.9\lib\</path>
         <kind>archive</kind>
         <file>rtsv7M4_T_le_v4SPD16_eabi.lib</file>
         <name>ctype.obj</name>
      </input_file>
      <input_file id="fl-154">
         <path>C:\ti\ccsv7\tools\compiler\ti-cgt-arm_5.2.9\lib\</path>
         <kind>archive</kind>
         <file>rtsv7M4_T_le_v4SPD16_eabi.lib</file>
         <name>errno.obj</name>
      </input_file>
      <input_file id="fl-155">
         <path>C:\ti\ccsv7\tools\compiler\ti-cgt-arm_5.2.9\lib\</path>
         <kind>archive</kind>
         <file>rtsv7M4_T_le_v4SPD16_eabi.lib</file>
         <name>fd_cmp_t2.obj</name>
      </input_file>
      <input_file id="fl-156">
         <path>C:\ti\ccsv7\tools\compiler\ti-cgt-arm_5.2.9\lib\</path>
         <kind>archive</kind>
         <file>rtsv7M4_T_le_v4SPD16_eabi.lib</file>
         <name>fd_div_t2.obj</name>
      </input_file>
      <input_file id="fl-157">
         <path>C:\ti\ccsv7\tools\compiler\ti-cgt-arm_5.2.9\lib\</path>
         <kind>archive</kind>
         <file>rtsv7M4_T_le_v4SPD16_eabi.lib</file>
         <name>fd_toi_t2.obj</name>
      </input_file>
      <input_file id="fl-158">
         <path>C:\ti\ccsv7\tools\compiler\ti-cgt-arm_5.2.9\lib\</path>
         <kind>archive</kind>
         <file>rtsv7M4_T_le_v4SPD16_eabi.lib</file>
         <name>feraiseexcept.obj</name>
      </input_file>
      <input_file id="fl-159">
         <path>C:\ti\ccsv7\tools\compiler\ti-cgt-arm_5.2.9\lib\</path>
         <kind>archive</kind>
         <file>rtsv7M4_T_le_v4SPD16_eabi.lib</file>
         <name>frexp.obj</name>
      </input_file>
      <input_file id="fl-15a">
         <path>C:\ti\ccsv7\tools\compiler\ti-cgt-arm_5.2.9\lib\</path>
         <kind>archive</kind>
         <file>rtsv7M4_T_le_v4SPD16_eabi.lib</file>
         <name>i_div0.obj</name>
      </input_file>
      <input_file id="fl-15b">
         <path>C:\ti\ccsv7\tools\compiler\ti-cgt-arm_5.2.9\lib\</path>
         <kind>archive</kind>
         <file>rtsv7M4_T_le_v4SPD16_eabi.lib</file>
         <name>i_tofd_t2.obj</name>
      </input_file>
      <input_file id="fl-15c">
         <path>C:\ti\ccsv7\tools\compiler\ti-cgt-arm_5.2.9\lib\</path>
         <kind>archive</kind>
         <file>rtsv7M4_T_le_v4SPD16_eabi.lib</file>
         <name>ldexp.obj</name>
      </input_file>
      <input_file id="fl-15d">
         <path>C:\ti\ccsv7\tools\compiler\ti-cgt-arm_5.2.9\lib\</path>
         <kind>archive</kind>
         <file>rtsv7M4_T_le_v4SPD16_eabi.lib</file>
         <name>ltoa.obj</name>
      </input_file>
      <input_file id="fl-15e">
         <path>C:\ti\ccsv7\tools\compiler\ti-cgt-arm_5.2.9\lib\</path>
         <kind>archive</kind>
         <file>rtsv7M4_T_le_v4SPD16_eabi.lib</file>
         <name>memccpy.obj</name>
      </input_file>
      <input_file id="fl-15f">
         <path>C:\ti\ccsv7\tools\compiler\ti-cgt-arm_5.2.9\lib\</path>
         <kind>archive</kind>
         <file>rtsv7M4_T_le_v4SPD16_eabi.lib</file>
         <name>raise.obj</name>
      </input_file>
      <input_file id="fl-160">
         <path>C:\ti\ccsv7\tools\compiler\ti-cgt-arm_5.2.9\lib\</path>
         <kind>archive</kind>
         <file>rtsv7M4_T_le_v4SPD16_eabi.lib</file>
         <name>signal.obj</name>
      </input_file>
      <input_file id="fl-161">
         <path>C:\ti\ccsv7\tools\compiler\ti-cgt-arm_5.2.9\lib\</path>
         <kind>archive</kind>
         <file>rtsv7M4_T_le_v4SPD16_eabi.lib</file>
         <name>strchr.obj</name>
      </input_file>
      <input_file id="fl-162">
         <path>C:\ti\ccsv7\tools\compiler\ti-cgt-arm_5.2.9\lib\</path>
         <kind>archive</kind>
         <file>rtsv7M4_T_le_v4SPD16_eabi.lib</file>
         <name>strlen.obj</name>
      </input_file>
      <input_file id="fl-163">
         <path>C:\ti\ccsv7\tools\compiler\ti-cgt-arm_5.2.9\lib\</path>
         <kind>archive</kind>
         <file>rtsv7M4_T_le_v4SPD16_eabi.lib</file>
         <name>ull_div_t2.obj</name>
      </input_file>
      <input_file id="fl-164">
         <path>C:\ti\ccsv7\tools\compiler\ti-cgt-arm_5.2.9\lib\</path>
         <kind>archive</kind>
         <file>rtsv7M4_T_le_v4SPD16_eabi.lib</file>
         <name>xdscale.obj</name>
      </input_file>
      <input_file id="fl-165">
         <path>C:\ti\ccsv7\tools\compiler\ti-cgt-arm_5.2.9\lib\</path>
         <kind>archive</kind>
         <file>rtsv7M4_T_le_v4SPD16_eabi.lib</file>
         <name>xdunscal.obj</name>
      </input_file>
      <input_file id="fl-166">
         <path>C:\ti\ccsv7\tools\compiler\ti-cgt-arm_5.2.9\lib\</path>
         <kind>archive</kind>
         <file>rtsv7M4_T_le_v4SPD16_eabi.lib</file>
         <name>xvalues.obj</name>
      </input_file>
      <input_file id="fl-167">
         <path>C:\ti\ccsv7\tools\compiler\ti-cgt-arm_5.2.9\lib\</path>
         <kind>archive</kind>
         <file>rtsv7M4_T_le_v4SPD16_eabi.lib</file>
         <name>xdnorm.obj</name>
      </input_file>
      <input_file id="fl-168">
         <path>C:\ti\TivaWare_C_Series-2.1.4.178\driverlib\ccs\Debug\</path>
         <kind>archive</kind>
         <file>driverlib.lib</file>
         <name>i2c.obj</name>
      </input_file>
   </input_file_list>
   <object_component_list>
      <object_component id="oc-f">
         <name>.intvecs</name>
         <load_address>0x0</load_address>
         <run_address>0x0</run_address>
         <size>0x26c</size>
         <input_file_ref idref="fl-3"/>
      </object_component>
      <object_component id="oc-30">
         <name>.text</name>
         <load_address>0x26c</load_address>
         <run_address>0x26c</run_address>
         <size>0x618</size>
         <input_file_ref idref="fl-2"/>
      </object_component>
      <object_component id="oc-8d">
         <name>.text</name>
         <load_address>0x884</load_address>
         <run_address>0x884</run_address>
         <size>0x49c</size>
         <input_file_ref idref="fl-4"/>
      </object_component>
      <object_component id="oc-cb">
         <name>.text:CompDCMUpdate</name>
         <load_address>0xd20</load_address>
         <run_address>0xd20</run_address>
         <size>0x290</size>
         <input_file_ref idref="fl-13"/>
      </object_component>
      <object_component id="oc-1a7">
         <name>.text</name>
         <load_address>0xfb0</load_address>
         <run_address>0xfb0</run_address>
         <size>0x1b6</size>
         <input_file_ref idref="fl-13e"/>
      </object_component>
      <object_component id="oc-254">
         <name>.text</name>
         <load_address>0x1166</load_address>
         <run_address>0x1166</run_address>
         <size>0x2</size>
         <input_file_ref idref="fl-15a"/>
      </object_component>
      <object_component id="oc-7b">
         <name>.text</name>
         <load_address>0x1168</load_address>
         <run_address>0x1168</run_address>
         <size>0x154</size>
         <input_file_ref idref="fl-6"/>
      </object_component>
      <object_component id="oc-93">
         <name>.text:SysCtlClockGet</name>
         <load_address>0x12bc</load_address>
         <run_address>0x12bc</run_address>
         <size>0x110</size>
         <input_file_ref idref="fl-f"/>
      </object_component>
      <object_component id="oc-1ac">
         <name>.text</name>
         <load_address>0x13cc</load_address>
         <run_address>0x13cc</run_address>
         <size>0xfc</size>
         <input_file_ref idref="fl-13f"/>
      </object_component>
      <object_component id="oc-de">
         <name>.text:I2CMIntHandler</name>
         <load_address>0x14c8</load_address>
         <run_address>0x14c8</run_address>
         <size>0xf2</size>
         <input_file_ref idref="fl-14"/>
      </object_component>
      <object_component id="oc-c5">
         <name>.text:CompDCMStart</name>
         <load_address>0x15ba</load_address>
         <run_address>0x15ba</run_address>
         <size>0xb0</size>
         <input_file_ref idref="fl-13"/>
      </object_component>
      <object_component id="oc-81">
         <name>.text</name>
         <load_address>0x166c</load_address>
         <run_address>0x166c</run_address>
         <size>0xa0</size>
         <input_file_ref idref="fl-5"/>
      </object_component>
      <object_component id="oc-39">
         <name>.text</name>
         <load_address>0x170c</load_address>
         <run_address>0x170c</run_address>
         <size>0x9c</size>
         <input_file_ref idref="fl-142"/>
      </object_component>
      <object_component id="oc-217">
         <name>.text:I2CMStateIdle</name>
         <load_address>0x17a8</load_address>
         <run_address>0x17a8</run_address>
         <size>0x98</size>
         <input_file_ref idref="fl-14"/>
      </object_component>
      <object_component id="oc-178">
         <name>.text:I2CMCommand</name>
         <load_address>0x1840</load_address>
         <run_address>0x1840</run_address>
         <size>0x88</size>
         <input_file_ref idref="fl-14"/>
      </object_component>
      <object_component id="oc-52">
         <name>.text</name>
         <load_address>0x18c8</load_address>
         <run_address>0x18c8</run_address>
         <size>0x7a</size>
         <input_file_ref idref="fl-143"/>
      </object_component>
      <object_component id="oc-1b1">
         <name>.text</name>
         <load_address>0x1942</load_address>
         <run_address>0x1942</run_address>
         <size>0x6e</size>
         <input_file_ref idref="fl-140"/>
      </object_component>
      <object_component id="oc-64">
         <name>.text</name>
         <load_address>0x19b0</load_address>
         <run_address>0x19b0</run_address>
         <size>0x6c</size>
         <input_file_ref idref="fl-151"/>
      </object_component>
      <object_component id="oc-45">
         <name>.text</name>
         <load_address>0x1a1c</load_address>
         <run_address>0x1a1c</run_address>
         <size>0x6a</size>
         <input_file_ref idref="fl-13b"/>
      </object_component>
      <object_component id="oc-275">
         <name>.text:IntDisable</name>
         <load_address>0x1a88</load_address>
         <run_address>0x1a88</run_address>
         <size>0x68</size>
         <input_file_ref idref="fl-12"/>
      </object_component>
      <object_component id="oc-16a">
         <name>.text:IntEnable</name>
         <load_address>0x1af0</load_address>
         <run_address>0x1af0</run_address>
         <size>0x68</size>
         <input_file_ref idref="fl-12"/>
      </object_component>
      <object_component id="oc-26f">
         <name>.text:IntIsEnabled</name>
         <load_address>0x1b58</load_address>
         <run_address>0x1b58</run_address>
         <size>0x64</size>
         <input_file_ref idref="fl-12"/>
      </object_component>
      <object_component id="oc-205">
         <name>.text:I2CMStateWritePause</name>
         <load_address>0x1bbc</load_address>
         <run_address>0x1bbc</run_address>
         <size>0x5e</size>
         <input_file_ref idref="fl-14"/>
      </object_component>
      <object_component id="oc-183">
         <name>.text:VectorCrossProduct</name>
         <load_address>0x1c1a</load_address>
         <run_address>0x1c1a</run_address>
         <size>0x56</size>
         <input_file_ref idref="fl-15"/>
      </object_component>
      <object_component id="oc-20b">
         <name>.text:I2CMStateWriteFinal</name>
         <load_address>0x1c70</load_address>
         <run_address>0x1c70</run_address>
         <size>0x50</size>
         <input_file_ref idref="fl-14"/>
      </object_component>
      <object_component id="oc-24">
         <name>.text</name>
         <load_address>0x1cc0</load_address>
         <run_address>0x1cc0</run_address>
         <size>0x50</size>
         <input_file_ref idref="fl-139"/>
      </object_component>
      <object_component id="oc-164">
         <name>.text:I2CMasterInitExpClk</name>
         <load_address>0x1d10</load_address>
         <run_address>0x1d10</run_address>
         <size>0x4c</size>
         <input_file_ref idref="fl-168"/>
      </object_component>
      <object_component id="oc-112">
         <name>.text</name>
         <load_address>0x1d5c</load_address>
         <run_address>0x1d5c</run_address>
         <size>0x4c</size>
         <input_file_ref idref="fl-152"/>
      </object_component>
      <object_component id="oc-1f3">
         <name>.text:I2CMStateReadNext</name>
         <load_address>0x1da8</load_address>
         <run_address>0x1da8</run_address>
         <size>0x4a</size>
         <input_file_ref idref="fl-14"/>
      </object_component>
      <object_component id="oc-211">
         <name>.text:I2CMStateWriteNext</name>
         <load_address>0x1df2</load_address>
         <run_address>0x1df2</run_address>
         <size>0x48</size>
         <input_file_ref idref="fl-14"/>
      </object_component>
      <object_component id="oc-136">
         <name>.text:UARTConfigSetExpClk</name>
         <load_address>0x1e3a</load_address>
         <run_address>0x1e3a</run_address>
         <size>0x46</size>
         <input_file_ref idref="fl-10"/>
      </object_component>
      <object_component id="oc-a6">
         <name>.text:CompDCMInit</name>
         <load_address>0x1e80</load_address>
         <run_address>0x1e80</run_address>
         <size>0x44</size>
         <input_file_ref idref="fl-13"/>
      </object_component>
      <object_component id="oc-1db">
         <name>.text:I2CMStateCallback</name>
         <load_address>0x1ec4</load_address>
         <run_address>0x1ec4</run_address>
         <size>0x44</size>
         <input_file_ref idref="fl-14"/>
      </object_component>
      <object_component id="oc-70">
         <name>.text</name>
         <load_address>0x1f08</load_address>
         <run_address>0x1f08</run_address>
         <size>0x44</size>
         <input_file_ref idref="fl-13d"/>
      </object_component>
      <object_component id="oc-1ed">
         <name>.text:I2CMStateReadFinal</name>
         <load_address>0x1f4c</load_address>
         <run_address>0x1f4c</run_address>
         <size>0x42</size>
         <input_file_ref idref="fl-14"/>
      </object_component>
      <object_component id="oc-2f4">
         <name>.text</name>
         <load_address>0x1f90</load_address>
         <run_address>0x1f90</run_address>
         <size>0x40</size>
         <input_file_ref idref="fl-160"/>
      </object_component>
      <object_component id="oc-154">
         <name>.text</name>
         <load_address>0x1fd0</load_address>
         <run_address>0x1fd0</run_address>
         <size>0x40</size>
         <input_file_ref idref="fl-147"/>
      </object_component>
      <object_component id="oc-1e7">
         <name>.text:I2CMStateReadPause</name>
         <load_address>0x2010</load_address>
         <run_address>0x2010</run_address>
         <size>0x3e</size>
         <input_file_ref idref="fl-14"/>
      </object_component>
      <object_component id="oc-87">
         <name>.text</name>
         <load_address>0x2050</load_address>
         <run_address>0x2050</run_address>
         <size>0x3c</size>
         <input_file_ref idref="fl-7"/>
      </object_component>
      <object_component id="oc-12a">
         <name>.text:SysCtlPeripheralPresent</name>
         <load_address>0x208c</load_address>
         <run_address>0x208c</run_address>
         <size>0x38</size>
         <input_file_ref idref="fl-f"/>
      </object_component>
      <object_component id="oc-1a2">
         <name>.text</name>
         <load_address>0x20c4</load_address>
         <run_address>0x20c4</run_address>
         <size>0x38</size>
         <input_file_ref idref="fl-141"/>
      </object_component>
      <object_component id="oc-ac">
         <name>.text:I2CMRead</name>
         <load_address>0x20fc</load_address>
         <run_address>0x20fc</run_address>
         <size>0x36</size>
         <input_file_ref idref="fl-2"/>
      </object_component>
      <object_component id="oc-9f">
         <name>.text:I2CMWrite</name>
         <load_address>0x2132</load_address>
         <run_address>0x2132</run_address>
         <size>0x36</size>
         <input_file_ref idref="fl-2"/>
      </object_component>
      <object_component id="oc-99">
         <name>.text:I2CMInit</name>
         <load_address>0x2168</load_address>
         <run_address>0x2168</run_address>
         <size>0x34</size>
         <input_file_ref idref="fl-14"/>
      </object_component>
      <object_component id="oc-130">
         <name>.text:SysCtlPeripheralEnable</name>
         <load_address>0x219c</load_address>
         <run_address>0x219c</run_address>
         <size>0x34</size>
         <input_file_ref idref="fl-f"/>
      </object_component>
      <object_component id="oc-2d7">
         <name>.text</name>
         <load_address>0x21d0</load_address>
         <run_address>0x21d0</run_address>
         <size>0x34</size>
         <input_file_ref idref="fl-158"/>
      </object_component>
      <object_component id="oc-19c">
         <name>.text:VectorAdd</name>
         <load_address>0x2204</load_address>
         <run_address>0x2204</run_address>
         <size>0x32</size>
         <input_file_ref idref="fl-15"/>
      </object_component>
      <object_component id="oc-287">
         <name>.text</name>
         <load_address>0x2238</load_address>
         <run_address>0x2238</run_address>
         <size>0x30</size>
         <input_file_ref idref="fl-14b"/>
      </object_component>
      <object_component id="oc-2e8">
         <name>.text</name>
         <load_address>0x2268</load_address>
         <run_address>0x2268</run_address>
         <size>0x2e</size>
         <input_file_ref idref="fl-15f"/>
      </object_component>
      <object_component id="oc-1b6">
         <name>.text</name>
         <load_address>0x2296</load_address>
         <run_address>0x2296</run_address>
         <size>0x2c</size>
         <input_file_ref idref="fl-14a"/>
      </object_component>
      <object_component id="oc-1f9">
         <name>.text:I2CMStateReadFirst</name>
         <load_address>0x22c2</load_address>
         <run_address>0x22c2</run_address>
         <size>0x2a</size>
         <input_file_ref idref="fl-14"/>
      </object_component>
      <object_component id="oc-189">
         <name>.text:VectorDotProduct</name>
         <load_address>0x22ec</load_address>
         <run_address>0x22ec</run_address>
         <size>0x26</size>
         <input_file_ref idref="fl-15"/>
      </object_component>
      <object_component id="oc-195">
         <name>.text:VectorScale</name>
         <load_address>0x2312</load_address>
         <run_address>0x2312</run_address>
         <size>0x26</size>
         <input_file_ref idref="fl-15"/>
      </object_component>
      <object_component id="oc-18f">
         <name>.text</name>
         <load_address>0x2338</load_address>
         <run_address>0x2338</run_address>
         <size>0x24</size>
         <input_file_ref idref="fl-145"/>
      </object_component>
      <object_component id="oc-1ff">
         <name>.text:I2CMStateReadOne</name>
         <load_address>0x235c</load_address>
         <run_address>0x235c</run_address>
         <size>0x20</size>
         <input_file_ref idref="fl-14"/>
      </object_component>
      <object_component id="oc-244">
         <name>.text:UARTDisable</name>
         <load_address>0x237c</load_address>
         <run_address>0x237c</run_address>
         <size>0x20</size>
         <input_file_ref idref="fl-10"/>
      </object_component>
      <object_component id="oc-1e1">
         <name>.text:I2CMStateReadWait</name>
         <load_address>0x239c</load_address>
         <run_address>0x239c</run_address>
         <size>0x1a</size>
         <input_file_ref idref="fl-14"/>
      </object_component>
      <object_component id="oc-6a">
         <name>.text</name>
         <load_address>0x23b8</load_address>
         <run_address>0x23b8</run_address>
         <size>0x18</size>
         <input_file_ref idref="fl-14f"/>
      </object_component>
      <object_component id="oc-13c">
         <name>.text:UARTEnable</name>
         <load_address>0x23d0</load_address>
         <run_address>0x23d0</run_address>
         <size>0x14</size>
         <input_file_ref idref="fl-10"/>
      </object_component>
      <object_component id="oc-233">
         <name>.text</name>
         <load_address>0x23e4</load_address>
         <run_address>0x23e4</run_address>
         <size>0x14</size>
         <input_file_ref idref="fl-14d"/>
      </object_component>
      <object_component id="oc-b9">
         <name>.text:CompDCMAccelUpdate</name>
         <load_address>0x23f8</load_address>
         <run_address>0x23f8</run_address>
         <size>0xe</size>
         <input_file_ref idref="fl-13"/>
      </object_component>
      <object_component id="oc-bf">
         <name>.text:CompDCMGyroUpdate</name>
         <load_address>0x2406</load_address>
         <run_address>0x2406</run_address>
         <size>0xe</size>
         <input_file_ref idref="fl-13"/>
      </object_component>
      <object_component id="oc-b3">
         <name>.text:CompDCMMagnetoUpdate</name>
         <load_address>0x2414</load_address>
         <run_address>0x2414</run_address>
         <size>0xe</size>
         <input_file_ref idref="fl-13"/>
      </object_component>
      <object_component id="oc-12">
         <name>.text:decompress:none</name>
         <load_address>0x2422</load_address>
         <run_address>0x2422</run_address>
         <size>0xe</size>
         <input_file_ref idref="fl-13a"/>
      </object_component>
      <object_component id="oc-27b">
         <name>.text:IntTrigger</name>
         <load_address>0x2430</load_address>
         <run_address>0x2430</run_address>
         <size>0xc</size>
         <input_file_ref idref="fl-12"/>
      </object_component>
      <object_component id="oc-1e">
         <name>.text:decompress:ZI</name>
         <load_address>0x243c</load_address>
         <run_address>0x243c</run_address>
         <size>0xc</size>
         <input_file_ref idref="fl-13c"/>
      </object_component>
      <object_component id="oc-2a">
         <name>.text</name>
         <load_address>0x2448</load_address>
         <run_address>0x2448</run_address>
         <size>0xc</size>
         <input_file_ref idref="fl-3"/>
      </object_component>
      <object_component id="oc-25f">
         <name>.text:I2CMasterEnable</name>
         <load_address>0x2454</load_address>
         <run_address>0x2454</run_address>
         <size>0xa</size>
         <input_file_ref idref="fl-168"/>
      </object_component>
      <object_component id="oc-148">
         <name>.text:UARTCharGet</name>
         <load_address>0x245e</load_address>
         <run_address>0x245e</run_address>
         <size>0xa</size>
         <input_file_ref idref="fl-10"/>
      </object_component>
      <object_component id="oc-142">
         <name>.text:UARTCharPut</name>
         <load_address>0x2468</load_address>
         <run_address>0x2468</run_address>
         <size>0xa</size>
         <input_file_ref idref="fl-10"/>
      </object_component>
      <object_component id="oc-1cf">
         <name>.text:I2CMasterIntClear</name>
         <load_address>0x2472</load_address>
         <run_address>0x2472</run_address>
         <size>0x8</size>
         <input_file_ref idref="fl-168"/>
      </object_component>
      <object_component id="oc-170">
         <name>.text:I2CMasterIntEnableEx</name>
         <load_address>0x247a</load_address>
         <run_address>0x247a</run_address>
         <size>0x8</size>
         <input_file_ref idref="fl-168"/>
      </object_component>
      <object_component id="oc-2a4">
         <name>.text:I2CMasterSlaveAddrSet</name>
         <load_address>0x2482</load_address>
         <run_address>0x2482</run_address>
         <size>0x8</size>
         <input_file_ref idref="fl-168"/>
      </object_component>
      <object_component id="oc-18">
         <name>.text:decompress:rle24</name>
         <load_address>0x248a</load_address>
         <run_address>0x248a</run_address>
         <size>0x6</size>
         <input_file_ref idref="fl-13b"/>
      </object_component>
      <object_component id="oc-1d5">
         <name>.text:I2CMasterControl</name>
         <load_address>0x2490</load_address>
         <run_address>0x2490</run_address>
         <size>0x4</size>
         <input_file_ref idref="fl-168"/>
      </object_component>
      <object_component id="oc-29a">
         <name>.text:I2CMasterDataGet</name>
         <load_address>0x2494</load_address>
         <run_address>0x2494</run_address>
         <size>0x4</size>
         <input_file_ref idref="fl-168"/>
      </object_component>
      <object_component id="oc-2ac">
         <name>.text:I2CMasterDataPut</name>
         <load_address>0x2498</load_address>
         <run_address>0x2498</run_address>
         <size>0x4</size>
         <input_file_ref idref="fl-168"/>
      </object_component>
      <object_component id="oc-5e">
         <name>.text</name>
         <load_address>0x249c</load_address>
         <run_address>0x249c</run_address>
         <size>0x4</size>
         <input_file_ref idref="fl-144"/>
      </object_component>
      <object_component id="oc-267">
         <name>.const</name>
         <load_address>0x24a0</load_address>
         <run_address>0x24a0</run_address>
         <size>0x70</size>
         <input_file_ref idref="fl-12"/>
      </object_component>
      <object_component id="oc-160">
         <name>.const:g_pui32Xtals</name>
         <load_address>0x2510</load_address>
         <run_address>0x2510</run_address>
         <size>0x6c</size>
         <input_file_ref idref="fl-f"/>
      </object_component>
      <object_component id="oc-14e">
         <name>.const</name>
         <load_address>0x257c</load_address>
         <run_address>0x257c</run_address>
         <size>0x1c</size>
         <input_file_ref idref="fl-4"/>
      </object_component>
      <object_component id="oc-24f">
         <name>.const:.string</name>
         <load_address>0x2598</load_address>
         <run_address>0x2598</run_address>
         <size>0x12</size>
         <input_file_ref idref="fl-4"/>
      </object_component>
      <object_component id="oc-33a">
         <name>.cinit..data.load</name>
         <load_address>0x25b0</load_address>
         <run_address>0x25b0</run_address>
         <size>0x16</size>
      </object_component>
      <object_component id="oc-338">
         <name>__TI_handler_table</name>
         <load_address>0x25c8</load_address>
         <run_address>0x25c8</run_address>
         <size>0xc</size>
      </object_component>
      <object_component id="oc-33b">
         <name>.cinit..bss.load</name>
         <load_address>0x25d8</load_address>
         <run_address>0x25d8</run_address>
         <size>0x8</size>
      </object_component>
      <object_component id="oc-339">
         <name>__TI_cinit_table</name>
         <load_address>0x25e0</load_address>
         <run_address>0x25e0</run_address>
         <size>0x10</size>
      </object_component>
      <object_component id="oc-29">
         <name>.stack</name>
         <uninitialized>true</uninitialized>
         <run_address>0x20000000</run_address>
         <size>0x0</size>
         <input_file_ref idref="fl-139"/>
      </object_component>
      <object_component id="oc-33c">
         <name>.stack</name>
         <uninitialized>true</uninitialized>
         <run_address>0x20000000</run_address>
         <size>0x0</size>
      </object_component>
      <object_component id="oc-d4">
         <name>.bss:g_sI2CInst</name>
         <uninitialized>true</uninitialized>
         <run_address>0x20000200</run_address>
         <size>0x124</size>
         <input_file_ref idref="fl-2"/>
      </object_component>
      <object_component id="oc-da">
         <name>.bss:g_sCompDCMInst</name>
         <uninitialized>true</uninitialized>
         <run_address>0x20000324</run_address>
         <size>0x58</size>
         <input_file_ref idref="fl-2"/>
      </object_component>
      <object_component id="oc-e4">
         <name>.common:tiempo2</name>
         <uninitialized>true</uninitialized>
         <run_address>0x20000384</run_address>
         <size>0x4</size>
      </object_component>
      <object_component id="oc-e6">
         <name>.common:tiempo3</name>
         <uninitialized>true</uninitialized>
         <run_address>0x20000388</run_address>
         <size>0x4</size>
      </object_component>
      <object_component id="oc-e8">
         <name>.common:tiempo4</name>
         <uninitialized>true</uninitialized>
         <run_address>0x2000038c</run_address>
         <size>0x4</size>
      </object_component>
      <object_component id="oc-ea">
         <name>.common:tiempo5</name>
         <uninitialized>true</uninitialized>
         <run_address>0x20000390</run_address>
         <size>0x4</size>
      </object_component>
      <object_component id="oc-e5">
         <name>.common:tiempoCanal2</name>
         <uninitialized>true</uninitialized>
         <run_address>0x20000394</run_address>
         <size>0x4</size>
      </object_component>
      <object_component id="oc-e7">
         <name>.common:tiempoCanal3</name>
         <uninitialized>true</uninitialized>
         <run_address>0x20000398</run_address>
         <size>0x4</size>
      </object_component>
      <object_component id="oc-e9">
         <name>.common:tiempoCanal4</name>
         <uninitialized>true</uninitialized>
         <run_address>0x2000039c</run_address>
         <size>0x4</size>
      </object_component>
      <object_component id="oc-eb">
         <name>.common:tiempoCanal5</name>
         <uninitialized>true</uninitialized>
         <run_address>0x200003a0</run_address>
         <size>0x4</size>
      </object_component>
      <object_component id="oc-dd">
         <name>.common:ui32CompDCMStarted</name>
         <uninitialized>true</uninitialized>
         <run_address>0x200003a4</run_address>
         <size>0x4</size>
      </object_component>
      <object_component id="oc-d7">
         <name>.common:pui8Buffer</name>
         <uninitialized>true</uninitialized>
         <run_address>0x2000037c</run_address>
         <size>0x8</size>
      </object_component>
      <object_component id="oc-d1">
         <name>.data</name>
         <load_address>0x20000458</load_address>
         <run_address>0x20000458</run_address>
         <size>0x11</size>
         <input_file_ref idref="fl-2"/>
      </object_component>
      <object_component id="oc-151">
         <name>.data</name>
         <load_address>0x20000484</load_address>
         <run_address>0x20000484</run_address>
         <size>0x5</size>
         <input_file_ref idref="fl-4"/>
      </object_component>
      <object_component id="oc-11f">
         <name>.data</name>
         <load_address>0x20000474</load_address>
         <run_address>0x20000474</run_address>
         <size>0x8</size>
         <input_file_ref idref="fl-13d"/>
      </object_component>
      <object_component id="oc-76">
         <name>.data</name>
         <load_address>0x20000490</load_address>
         <run_address>0x20000490</run_address>
         <size>0x4</size>
         <input_file_ref idref="fl-146"/>
      </object_component>
      <object_component id="oc-11c">
         <name>.data</name>
         <load_address>0x2000046c</load_address>
         <run_address>0x2000046c</run_address>
         <size>0x8</size>
         <input_file_ref idref="fl-14d"/>
      </object_component>
      <object_component id="oc-2dd">
         <name>.data</name>
         <load_address>0x2000048c</load_address>
         <run_address>0x2000048c</run_address>
         <size>0x4</size>
         <input_file_ref idref="fl-154"/>
      </object_component>
      <object_component id="oc-2ee">
         <name>.data</name>
         <load_address>0x2000047c</load_address>
         <run_address>0x2000047c</run_address>
         <size>0x8</size>
         <input_file_ref idref="fl-158"/>
      </object_component>
      <object_component id="oc-305">
         <name>.data:sigtable</name>
         <load_address>0x200003a8</load_address>
         <run_address>0x200003a8</run_address>
         <size>0xb0</size>
         <input_file_ref idref="fl-160"/>
      </object_component>
      <object_component id="oc-d8">
         <name>.debug_info</name>
         <load_address>0x0</load_address>
         <run_address>0x0</run_address>
         <size>0x76b</size>
         <input_file_ref idref="fl-2"/>
      </object_component>
      <object_component id="oc-d2">
         <name>.debug_info</name>
         <load_address>0x76b</load_address>
         <run_address>0x76b</run_address>
         <size>0x1a1</size>
         <input_file_ref idref="fl-2"/>
      </object_component>
      <object_component id="oc-d5">
         <name>.debug_info</name>
         <load_address>0x90c</load_address>
         <run_address>0x90c</run_address>
         <size>0xc7</size>
         <input_file_ref idref="fl-2"/>
      </object_component>
      <object_component id="oc-db">
         <name>.debug_info</name>
         <load_address>0x9d3</load_address>
         <run_address>0x9d3</run_address>
         <size>0xcf</size>
         <input_file_ref idref="fl-2"/>
      </object_component>
      <object_component id="oc-a0">
         <name>.debug_info</name>
         <load_address>0xaa2</load_address>
         <run_address>0xaa2</run_address>
         <size>0x26c</size>
         <input_file_ref idref="fl-2"/>
      </object_component>
      <object_component id="oc-ad">
         <name>.debug_info</name>
         <load_address>0xd0e</load_address>
         <run_address>0xd0e</run_address>
         <size>0x2d8</size>
         <input_file_ref idref="fl-2"/>
      </object_component>
      <object_component id="oc-31">
         <name>.debug_info</name>
         <load_address>0xfe6</load_address>
         <run_address>0xfe6</run_address>
         <size>0x87a</size>
         <input_file_ref idref="fl-2"/>
      </object_component>
      <object_component id="oc-1c1">
         <name>.debug_info</name>
         <load_address>0x1860</load_address>
         <run_address>0x1860</run_address>
         <size>0x4e6</size>
         <input_file_ref idref="fl-2"/>
      </object_component>
      <object_component id="oc-1c8">
         <name>.debug_info</name>
         <load_address>0x1d46</load_address>
         <run_address>0x1d46</run_address>
         <size>0xd6</size>
         <input_file_ref idref="fl-2"/>
      </object_component>
      <object_component id="oc-f2">
         <name>.debug_info</name>
         <load_address>0x1e1c</load_address>
         <run_address>0x1e1c</run_address>
         <size>0x8b</size>
         <input_file_ref idref="fl-2"/>
      </object_component>
      <object_component id="oc-ed">
         <name>.debug_info</name>
         <load_address>0x1ea7</load_address>
         <run_address>0x1ea7</run_address>
         <size>0x18b</size>
         <input_file_ref idref="fl-2"/>
      </object_component>
      <object_component id="oc-15b">
         <name>.debug_info</name>
         <load_address>0x2032</load_address>
         <run_address>0x2032</run_address>
         <size>0x4e</size>
         <input_file_ref idref="fl-2"/>
      </object_component>
      <object_component id="oc-38">
         <name>.debug_info</name>
         <load_address>0x2080</load_address>
         <run_address>0x2080</run_address>
         <size>0x150</size>
         <input_file_ref idref="fl-3"/>
      </object_component>
      <object_component id="oc-10">
         <name>.debug_info</name>
         <load_address>0x21d0</load_address>
         <run_address>0x21d0</run_address>
         <size>0xdf</size>
         <input_file_ref idref="fl-3"/>
      </object_component>
      <object_component id="oc-2d">
         <name>.debug_info</name>
         <load_address>0x22af</load_address>
         <run_address>0x22af</run_address>
         <size>0x25b</size>
         <input_file_ref idref="fl-3"/>
      </object_component>
      <object_component id="oc-f9">
         <name>.debug_info</name>
         <load_address>0x250a</load_address>
         <run_address>0x250a</run_address>
         <size>0x84</size>
         <input_file_ref idref="fl-3"/>
      </object_component>
      <object_component id="oc-15a">
         <name>.debug_info</name>
         <load_address>0x258e</load_address>
         <run_address>0x258e</run_address>
         <size>0x253</size>
         <input_file_ref idref="fl-4"/>
      </object_component>
      <object_component id="oc-152">
         <name>.debug_info</name>
         <load_address>0x27e1</load_address>
         <run_address>0x27e1</run_address>
         <size>0xf0</size>
         <input_file_ref idref="fl-4"/>
      </object_component>
      <object_component id="oc-14f">
         <name>.debug_info</name>
         <load_address>0x28d1</load_address>
         <run_address>0x28d1</run_address>
         <size>0x146</size>
         <input_file_ref idref="fl-4"/>
      </object_component>
      <object_component id="oc-8e">
         <name>.debug_info</name>
         <load_address>0x2a17</load_address>
         <run_address>0x2a17</run_address>
         <size>0x955</size>
         <input_file_ref idref="fl-4"/>
      </object_component>
      <object_component id="oc-85">
         <name>.debug_info</name>
         <load_address>0x336c</load_address>
         <run_address>0x336c</run_address>
         <size>0x126</size>
         <input_file_ref idref="fl-5"/>
      </object_component>
      <object_component id="oc-7e">
         <name>.debug_info</name>
         <load_address>0x3492</load_address>
         <run_address>0x3492</run_address>
         <size>0x1a7</size>
         <input_file_ref idref="fl-6"/>
      </object_component>
      <object_component id="oc-8b">
         <name>.debug_info</name>
         <load_address>0x3639</load_address>
         <run_address>0x3639</run_address>
         <size>0x10e</size>
         <input_file_ref idref="fl-7"/>
      </object_component>
      <object_component id="oc-242">
         <name>.debug_info</name>
         <load_address>0x3747</load_address>
         <run_address>0x3747</run_address>
         <size>0x298</size>
         <input_file_ref idref="fl-f"/>
      </object_component>
      <object_component id="oc-161">
         <name>.debug_info</name>
         <load_address>0x39df</load_address>
         <run_address>0x39df</run_address>
         <size>0x14d</size>
         <input_file_ref idref="fl-f"/>
      </object_component>
      <object_component id="oc-12c">
         <name>.debug_info</name>
         <load_address>0x3b2c</load_address>
         <run_address>0x3b2c</run_address>
         <size>0x283</size>
         <input_file_ref idref="fl-f"/>
      </object_component>
      <object_component id="oc-132">
         <name>.debug_info</name>
         <load_address>0x3daf</load_address>
         <run_address>0x3daf</run_address>
         <size>0x27d</size>
         <input_file_ref idref="fl-f"/>
      </object_component>
      <object_component id="oc-94">
         <name>.debug_info</name>
         <load_address>0x402c</load_address>
         <run_address>0x402c</run_address>
         <size>0x2b5</size>
         <input_file_ref idref="fl-f"/>
      </object_component>
      <object_component id="oc-2c2">
         <name>.debug_info</name>
         <load_address>0x42e1</load_address>
         <run_address>0x42e1</run_address>
         <size>0x5f</size>
         <input_file_ref idref="fl-f"/>
      </object_component>
      <object_component id="oc-24b">
         <name>.debug_info</name>
         <load_address>0x4340</load_address>
         <run_address>0x4340</run_address>
         <size>0x227</size>
         <input_file_ref idref="fl-10"/>
      </object_component>
      <object_component id="oc-13f">
         <name>.debug_info</name>
         <load_address>0x4567</load_address>
         <run_address>0x4567</run_address>
         <size>0x247</size>
         <input_file_ref idref="fl-10"/>
      </object_component>
      <object_component id="oc-247">
         <name>.debug_info</name>
         <load_address>0x47ae</load_address>
         <run_address>0x47ae</run_address>
         <size>0x249</size>
         <input_file_ref idref="fl-10"/>
      </object_component>
      <object_component id="oc-139">
         <name>.debug_info</name>
         <load_address>0x49f7</load_address>
         <run_address>0x49f7</run_address>
         <size>0x326</size>
         <input_file_ref idref="fl-10"/>
      </object_component>
      <object_component id="oc-145">
         <name>.debug_info</name>
         <load_address>0x4d1d</load_address>
         <run_address>0x4d1d</run_address>
         <size>0x273</size>
         <input_file_ref idref="fl-10"/>
      </object_component>
      <object_component id="oc-14b">
         <name>.debug_info</name>
         <load_address>0x4f90</load_address>
         <run_address>0x4f90</run_address>
         <size>0x24d</size>
         <input_file_ref idref="fl-10"/>
      </object_component>
      <object_component id="oc-26b">
         <name>.debug_info</name>
         <load_address>0x51dd</load_address>
         <run_address>0x51dd</run_address>
         <size>0x20e</size>
         <input_file_ref idref="fl-12"/>
      </object_component>
      <object_component id="oc-268">
         <name>.debug_info</name>
         <load_address>0x53eb</load_address>
         <run_address>0x53eb</run_address>
         <size>0x210</size>
         <input_file_ref idref="fl-12"/>
      </object_component>
      <object_component id="oc-27d">
         <name>.debug_info</name>
         <load_address>0x55fb</load_address>
         <run_address>0x55fb</run_address>
         <size>0x26a</size>
         <input_file_ref idref="fl-12"/>
      </object_component>
      <object_component id="oc-270">
         <name>.debug_info</name>
         <load_address>0x5865</load_address>
         <run_address>0x5865</run_address>
         <size>0x2a1</size>
         <input_file_ref idref="fl-12"/>
      </object_component>
      <object_component id="oc-16b">
         <name>.debug_info</name>
         <load_address>0x5b06</load_address>
         <run_address>0x5b06</run_address>
         <size>0x268</size>
         <input_file_ref idref="fl-12"/>
      </object_component>
      <object_component id="oc-276">
         <name>.debug_info</name>
         <load_address>0x5d6e</load_address>
         <run_address>0x5d6e</run_address>
         <size>0x26a</size>
         <input_file_ref idref="fl-12"/>
      </object_component>
      <object_component id="oc-17f">
         <name>.debug_info</name>
         <load_address>0x5fd8</load_address>
         <run_address>0x5fd8</run_address>
         <size>0x2f0</size>
         <input_file_ref idref="fl-13"/>
      </object_component>
      <object_component id="oc-cf">
         <name>.debug_info</name>
         <load_address>0x62c8</load_address>
         <run_address>0x62c8</run_address>
         <size>0x606</size>
         <input_file_ref idref="fl-13"/>
      </object_component>
      <object_component id="oc-c9">
         <name>.debug_info</name>
         <load_address>0x68ce</load_address>
         <run_address>0x68ce</run_address>
         <size>0x34a</size>
         <input_file_ref idref="fl-13"/>
      </object_component>
      <object_component id="oc-b7">
         <name>.debug_info</name>
         <load_address>0x6c18</load_address>
         <run_address>0x6c18</run_address>
         <size>0x300</size>
         <input_file_ref idref="fl-13"/>
      </object_component>
      <object_component id="oc-aa">
         <name>.debug_info</name>
         <load_address>0x6f18</load_address>
         <run_address>0x6f18</run_address>
         <size>0x306</size>
         <input_file_ref idref="fl-13"/>
      </object_component>
      <object_component id="oc-c3">
         <name>.debug_info</name>
         <load_address>0x721e</load_address>
         <run_address>0x721e</run_address>
         <size>0x2d6</size>
         <input_file_ref idref="fl-13"/>
      </object_component>
      <object_component id="oc-bd">
         <name>.debug_info</name>
         <load_address>0x74f4</load_address>
         <run_address>0x74f4</run_address>
         <size>0x2e4</size>
         <input_file_ref idref="fl-13"/>
      </object_component>
      <object_component id="oc-177">
         <name>.debug_info</name>
         <load_address>0x77d8</load_address>
         <run_address>0x77d8</run_address>
         <size>0x44b</size>
         <input_file_ref idref="fl-14"/>
      </object_component>
      <object_component id="oc-179">
         <name>.debug_info</name>
         <load_address>0x7c23</load_address>
         <run_address>0x7c23</run_address>
         <size>0x484</size>
         <input_file_ref idref="fl-14"/>
      </object_component>
      <object_component id="oc-1dc">
         <name>.debug_info</name>
         <load_address>0x80a7</load_address>
         <run_address>0x80a7</run_address>
         <size>0x32c</size>
         <input_file_ref idref="fl-14"/>
      </object_component>
      <object_component id="oc-1e2">
         <name>.debug_info</name>
         <load_address>0x83d3</load_address>
         <run_address>0x83d3</run_address>
         <size>0x2a1</size>
         <input_file_ref idref="fl-14"/>
      </object_component>
      <object_component id="oc-1e8">
         <name>.debug_info</name>
         <load_address>0x8674</load_address>
         <run_address>0x8674</run_address>
         <size>0x2ba</size>
         <input_file_ref idref="fl-14"/>
      </object_component>
      <object_component id="oc-1ee">
         <name>.debug_info</name>
         <load_address>0x892e</load_address>
         <run_address>0x892e</run_address>
         <size>0x2c7</size>
         <input_file_ref idref="fl-14"/>
      </object_component>
      <object_component id="oc-1f4">
         <name>.debug_info</name>
         <load_address>0x8bf5</load_address>
         <run_address>0x8bf5</run_address>
         <size>0x2c5</size>
         <input_file_ref idref="fl-14"/>
      </object_component>
      <object_component id="oc-1fa">
         <name>.debug_info</name>
         <load_address>0x8eba</load_address>
         <run_address>0x8eba</run_address>
         <size>0x2bf</size>
         <input_file_ref idref="fl-14"/>
      </object_component>
      <object_component id="oc-200">
         <name>.debug_info</name>
         <load_address>0x9179</load_address>
         <run_address>0x9179</run_address>
         <size>0x2bb</size>
         <input_file_ref idref="fl-14"/>
      </object_component>
      <object_component id="oc-206">
         <name>.debug_info</name>
         <load_address>0x9434</load_address>
         <run_address>0x9434</run_address>
         <size>0x2ea</size>
         <input_file_ref idref="fl-14"/>
      </object_component>
      <object_component id="oc-20c">
         <name>.debug_info</name>
         <load_address>0x971e</load_address>
         <run_address>0x971e</run_address>
         <size>0x2e0</size>
         <input_file_ref idref="fl-14"/>
      </object_component>
      <object_component id="oc-212">
         <name>.debug_info</name>
         <load_address>0x99fe</load_address>
         <run_address>0x99fe</run_address>
         <size>0x2c7</size>
         <input_file_ref idref="fl-14"/>
      </object_component>
      <object_component id="oc-218">
         <name>.debug_info</name>
         <load_address>0x9cc5</load_address>
         <run_address>0x9cc5</run_address>
         <size>0x32d</size>
         <input_file_ref idref="fl-14"/>
      </object_component>
      <object_component id="oc-df">
         <name>.debug_info</name>
         <load_address>0x9ff2</load_address>
         <run_address>0x9ff2</run_address>
         <size>0x3f3</size>
         <input_file_ref idref="fl-14"/>
      </object_component>
      <object_component id="oc-9a">
         <name>.debug_info</name>
         <load_address>0xa3e5</load_address>
         <run_address>0xa3e5</run_address>
         <size>0x350</size>
         <input_file_ref idref="fl-14"/>
      </object_component>
      <object_component id="oc-285">
         <name>.debug_info</name>
         <load_address>0xa735</load_address>
         <run_address>0xa735</run_address>
         <size>0x13b</size>
         <input_file_ref idref="fl-15"/>
      </object_component>
      <object_component id="oc-198">
         <name>.debug_info</name>
         <load_address>0xa870</load_address>
         <run_address>0xa870</run_address>
         <size>0x2be</size>
         <input_file_ref idref="fl-15"/>
      </object_component>
      <object_component id="oc-18d">
         <name>.debug_info</name>
         <load_address>0xab2e</load_address>
         <run_address>0xab2e</run_address>
         <size>0x2a4</size>
         <input_file_ref idref="fl-15"/>
      </object_component>
      <object_component id="oc-187">
         <name>.debug_info</name>
         <load_address>0xadd2</load_address>
         <run_address>0xadd2</run_address>
         <size>0x2e2</size>
         <input_file_ref idref="fl-15"/>
      </object_component>
      <object_component id="oc-1a0">
         <name>.debug_info</name>
         <load_address>0xb0b4</load_address>
         <run_address>0xb0b4</run_address>
         <size>0x2d0</size>
         <input_file_ref idref="fl-15"/>
      </object_component>
      <object_component id="oc-25">
         <name>.debug_info</name>
         <load_address>0xb384</load_address>
         <run_address>0xb384</run_address>
         <size>0x14e</size>
         <input_file_ref idref="fl-139"/>
      </object_component>
      <object_component id="oc-44">
         <name>.debug_info</name>
         <load_address>0xb4d2</load_address>
         <run_address>0xb4d2</run_address>
         <size>0x13b</size>
         <input_file_ref idref="fl-13a"/>
      </object_component>
      <object_component id="oc-15">
         <name>.debug_info</name>
         <load_address>0xb60d</load_address>
         <run_address>0xb60d</run_address>
         <size>0x1da</size>
         <input_file_ref idref="fl-13a"/>
      </object_component>
      <object_component id="oc-3f">
         <name>.debug_info</name>
         <load_address>0xb7e7</load_address>
         <run_address>0xb7e7</run_address>
         <size>0x46</size>
         <input_file_ref idref="fl-13a"/>
      </object_component>
      <object_component id="oc-ff">
         <name>.debug_info</name>
         <load_address>0xb82d</load_address>
         <run_address>0xb82d</run_address>
         <size>0x2c</size>
         <input_file_ref idref="fl-13a"/>
      </object_component>
      <object_component id="oc-4c">
         <name>.debug_info</name>
         <load_address>0xb859</load_address>
         <run_address>0xb859</run_address>
         <size>0x12f</size>
         <input_file_ref idref="fl-13b"/>
      </object_component>
      <object_component id="oc-46">
         <name>.debug_info</name>
         <load_address>0xb988</load_address>
         <run_address>0xb988</run_address>
         <size>0x242</size>
         <input_file_ref idref="fl-13b"/>
      </object_component>
      <object_component id="oc-19">
         <name>.debug_info</name>
         <load_address>0xbbca</load_address>
         <run_address>0xbbca</run_address>
         <size>0x1ac</size>
         <input_file_ref idref="fl-13b"/>
      </object_component>
      <object_component id="oc-4d">
         <name>.debug_info</name>
         <load_address>0xbd76</load_address>
         <run_address>0xbd76</run_address>
         <size>0x39</size>
         <input_file_ref idref="fl-13b"/>
      </object_component>
      <object_component id="oc-109">
         <name>.debug_info</name>
         <load_address>0xbdaf</load_address>
         <run_address>0xbdaf</run_address>
         <size>0x2c</size>
         <input_file_ref idref="fl-13b"/>
      </object_component>
      <object_component id="oc-5d">
         <name>.debug_info</name>
         <load_address>0xbddb</load_address>
         <run_address>0xbddb</run_address>
         <size>0x12a</size>
         <input_file_ref idref="fl-13c"/>
      </object_component>
      <object_component id="oc-1f">
         <name>.debug_info</name>
         <load_address>0xbf05</load_address>
         <run_address>0xbf05</run_address>
         <size>0x1a5</size>
         <input_file_ref idref="fl-13c"/>
      </object_component>
      <object_component id="oc-58">
         <name>.debug_info</name>
         <load_address>0xc0aa</load_address>
         <run_address>0xc0aa</run_address>
         <size>0x46</size>
         <input_file_ref idref="fl-13c"/>
      </object_component>
      <object_component id="oc-123">
         <name>.debug_info</name>
         <load_address>0xc0f0</load_address>
         <run_address>0xc0f0</run_address>
         <size>0x18c</size>
         <input_file_ref idref="fl-13d"/>
      </object_component>
      <object_component id="oc-120">
         <name>.debug_info</name>
         <load_address>0xc27c</load_address>
         <run_address>0xc27c</run_address>
         <size>0x131</size>
         <input_file_ref idref="fl-13d"/>
      </object_component>
      <object_component id="oc-71">
         <name>.debug_info</name>
         <load_address>0xc3ad</load_address>
         <run_address>0xc3ad</run_address>
         <size>0x208</size>
         <input_file_ref idref="fl-13d"/>
      </object_component>
      <object_component id="oc-1a8">
         <name>.debug_info</name>
         <load_address>0xc5b5</load_address>
         <run_address>0xc5b5</run_address>
         <size>0x143</size>
         <input_file_ref idref="fl-13e"/>
      </object_component>
      <object_component id="oc-1ad">
         <name>.debug_info</name>
         <load_address>0xc6f8</load_address>
         <run_address>0xc6f8</run_address>
         <size>0x131</size>
         <input_file_ref idref="fl-13f"/>
      </object_component>
      <object_component id="oc-1b2">
         <name>.debug_info</name>
         <load_address>0xc829</load_address>
         <run_address>0xc829</run_address>
         <size>0x135</size>
         <input_file_ref idref="fl-140"/>
      </object_component>
      <object_component id="oc-1a5">
         <name>.debug_info</name>
         <load_address>0xc95e</load_address>
         <run_address>0xc95e</run_address>
         <size>0x123</size>
         <input_file_ref idref="fl-141"/>
      </object_component>
      <object_component id="oc-3c">
         <name>.debug_info</name>
         <load_address>0xca81</load_address>
         <run_address>0xca81</run_address>
         <size>0x110</size>
         <input_file_ref idref="fl-142"/>
      </object_component>
      <object_component id="oc-53">
         <name>.debug_info</name>
         <load_address>0xcb91</load_address>
         <run_address>0xcb91</run_address>
         <size>0x13e</size>
         <input_file_ref idref="fl-143"/>
      </object_component>
      <object_component id="oc-62">
         <name>.debug_info</name>
         <load_address>0xcccf</load_address>
         <run_address>0xcccf</run_address>
         <size>0x143</size>
         <input_file_ref idref="fl-144"/>
      </object_component>
      <object_component id="oc-28e">
         <name>.debug_info</name>
         <load_address>0xce12</load_address>
         <run_address>0xce12</run_address>
         <size>0x11c</size>
         <input_file_ref idref="fl-145"/>
      </object_component>
      <object_component id="oc-190">
         <name>.debug_info</name>
         <load_address>0xcf2e</load_address>
         <run_address>0xcf2e</run_address>
         <size>0x153</size>
         <input_file_ref idref="fl-145"/>
      </object_component>
      <object_component id="oc-77">
         <name>.debug_info</name>
         <load_address>0xd081</load_address>
         <run_address>0xd081</run_address>
         <size>0x104</size>
         <input_file_ref idref="fl-146"/>
      </object_component>
      <object_component id="oc-155">
         <name>.debug_info</name>
         <load_address>0xd185</load_address>
         <run_address>0xd185</run_address>
         <size>0x139</size>
         <input_file_ref idref="fl-147"/>
      </object_component>
      <object_component id="oc-296">
         <name>.debug_info</name>
         <load_address>0xd2be</load_address>
         <run_address>0xd2be</run_address>
         <size>0xf9</size>
         <input_file_ref idref="fl-14a"/>
      </object_component>
      <object_component id="oc-1b7">
         <name>.debug_info</name>
         <load_address>0xd3b7</load_address>
         <run_address>0xd3b7</run_address>
         <size>0x153</size>
         <input_file_ref idref="fl-14a"/>
      </object_component>
      <object_component id="oc-288">
         <name>.debug_info</name>
         <load_address>0xd50a</load_address>
         <run_address>0xd50a</run_address>
         <size>0x16d</size>
         <input_file_ref idref="fl-14b"/>
      </object_component>
      <object_component id="oc-23b">
         <name>.debug_info</name>
         <load_address>0xd677</load_address>
         <run_address>0xd677</run_address>
         <size>0x11f</size>
         <input_file_ref idref="fl-14d"/>
      </object_component>
      <object_component id="oc-11d">
         <name>.debug_info</name>
         <load_address>0xd796</load_address>
         <run_address>0xd796</run_address>
         <size>0x10e</size>
         <input_file_ref idref="fl-14d"/>
      </object_component>
      <object_component id="oc-234">
         <name>.debug_info</name>
         <load_address>0xd8a4</load_address>
         <run_address>0xd8a4</run_address>
         <size>0x21a</size>
         <input_file_ref idref="fl-14d"/>
      </object_component>
      <object_component id="oc-11b">
         <name>.debug_info</name>
         <load_address>0xdabe</load_address>
         <run_address>0xdabe</run_address>
         <size>0x161</size>
         <input_file_ref idref="fl-14f"/>
      </object_component>
      <object_component id="oc-6b">
         <name>.debug_info</name>
         <load_address>0xdc1f</load_address>
         <run_address>0xdc1f</run_address>
         <size>0x162</size>
         <input_file_ref idref="fl-14f"/>
      </object_component>
      <object_component id="oc-22e">
         <name>.debug_info</name>
         <load_address>0xdd81</load_address>
         <run_address>0xdd81</run_address>
         <size>0x5e</size>
         <input_file_ref idref="fl-14f"/>
      </object_component>
      <object_component id="oc-119">
         <name>.debug_info</name>
         <load_address>0xdddf</load_address>
         <run_address>0xdddf</run_address>
         <size>0x2b8</size>
         <input_file_ref idref="fl-151"/>
      </object_component>
      <object_component id="oc-66">
         <name>.debug_info</name>
         <load_address>0xe097</load_address>
         <run_address>0xe097</run_address>
         <size>0x172</size>
         <input_file_ref idref="fl-151"/>
      </object_component>
      <object_component id="oc-222">
         <name>.debug_info</name>
         <load_address>0xe209</load_address>
         <run_address>0xe209</run_address>
         <size>0x39</size>
         <input_file_ref idref="fl-151"/>
      </object_component>
      <object_component id="oc-227">
         <name>.debug_info</name>
         <load_address>0xe242</load_address>
         <run_address>0xe242</run_address>
         <size>0xcd</size>
         <input_file_ref idref="fl-151"/>
      </object_component>
      <object_component id="oc-21f">
         <name>.debug_info</name>
         <load_address>0xe30f</load_address>
         <run_address>0xe30f</run_address>
         <size>0x1db</size>
         <input_file_ref idref="fl-152"/>
      </object_component>
      <object_component id="oc-113">
         <name>.debug_info</name>
         <load_address>0xe4ea</load_address>
         <run_address>0xe4ea</run_address>
         <size>0x17e</size>
         <input_file_ref idref="fl-152"/>
      </object_component>
      <object_component id="oc-2b8">
         <name>.debug_info</name>
         <load_address>0xe668</load_address>
         <run_address>0xe668</run_address>
         <size>0x2c</size>
         <input_file_ref idref="fl-152"/>
      </object_component>
      <object_component id="oc-2de">
         <name>.debug_info</name>
         <load_address>0xe694</load_address>
         <run_address>0xe694</run_address>
         <size>0xf0</size>
         <input_file_ref idref="fl-154"/>
      </object_component>
      <object_component id="oc-303">
         <name>.debug_info</name>
         <load_address>0xe784</load_address>
         <run_address>0xe784</run_address>
         <size>0x158</size>
         <input_file_ref idref="fl-158"/>
      </object_component>
      <object_component id="oc-2ef">
         <name>.debug_info</name>
         <load_address>0xe8dc</load_address>
         <run_address>0xe8dc</run_address>
         <size>0x128</size>
         <input_file_ref idref="fl-158"/>
      </object_component>
      <object_component id="oc-2da">
         <name>.debug_info</name>
         <load_address>0xea04</load_address>
         <run_address>0xea04</run_address>
         <size>0x189</size>
         <input_file_ref idref="fl-158"/>
      </object_component>
      <object_component id="oc-2fe">
         <name>.debug_info</name>
         <load_address>0xeb8d</load_address>
         <run_address>0xeb8d</run_address>
         <size>0x6f</size>
         <input_file_ref idref="fl-158"/>
      </object_component>
      <object_component id="oc-256">
         <name>.debug_info</name>
         <load_address>0xebfc</load_address>
         <run_address>0xebfc</run_address>
         <size>0x142</size>
         <input_file_ref idref="fl-15a"/>
      </object_component>
      <object_component id="oc-2fb">
         <name>.debug_info</name>
         <load_address>0xed3e</load_address>
         <run_address>0xed3e</run_address>
         <size>0x117</size>
         <input_file_ref idref="fl-15f"/>
      </object_component>
      <object_component id="oc-2e9">
         <name>.debug_info</name>
         <load_address>0xee55</load_address>
         <run_address>0xee55</run_address>
         <size>0x16e</size>
         <input_file_ref idref="fl-15f"/>
      </object_component>
      <object_component id="oc-30c">
         <name>.debug_info</name>
         <load_address>0xefc3</load_address>
         <run_address>0xefc3</run_address>
         <size>0x2c</size>
         <input_file_ref idref="fl-15f"/>
      </object_component>
      <object_component id="oc-309">
         <name>.debug_info</name>
         <load_address>0xefef</load_address>
         <run_address>0xefef</run_address>
         <size>0x137</size>
         <input_file_ref idref="fl-160"/>
      </object_component>
      <object_component id="oc-306">
         <name>.debug_info</name>
         <load_address>0xf126</load_address>
         <run_address>0xf126</run_address>
         <size>0xf5</size>
         <input_file_ref idref="fl-160"/>
      </object_component>
      <object_component id="oc-2f5">
         <name>.debug_info</name>
         <load_address>0xf21b</load_address>
         <run_address>0xf21b</run_address>
         <size>0x184</size>
         <input_file_ref idref="fl-160"/>
      </object_component>
      <object_component id="oc-266">
         <name>.debug_info</name>
         <load_address>0xf39f</load_address>
         <run_address>0xf39f</run_address>
         <size>0x231</size>
         <input_file_ref idref="fl-168"/>
      </object_component>
      <object_component id="oc-2a5">
         <name>.debug_info</name>
         <load_address>0xf5d0</load_address>
         <run_address>0xf5d0</run_address>
         <size>0x2ce</size>
         <input_file_ref idref="fl-168"/>
      </object_component>
      <object_component id="oc-171">
         <name>.debug_info</name>
         <load_address>0xf89e</load_address>
         <run_address>0xf89e</run_address>
         <size>0x29a</size>
         <input_file_ref idref="fl-168"/>
      </object_component>
      <object_component id="oc-1d0">
         <name>.debug_info</name>
         <load_address>0xfb38</load_address>
         <run_address>0xfb38</run_address>
         <size>0x252</size>
         <input_file_ref idref="fl-168"/>
      </object_component>
      <object_component id="oc-260">
         <name>.debug_info</name>
         <load_address>0xfd8a</load_address>
         <run_address>0xfd8a</run_address>
         <size>0x24e</size>
         <input_file_ref idref="fl-168"/>
      </object_component>
      <object_component id="oc-165">
         <name>.debug_info</name>
         <load_address>0xffd8</load_address>
         <run_address>0xffd8</run_address>
         <size>0x2d5</size>
         <input_file_ref idref="fl-168"/>
      </object_component>
      <object_component id="oc-2ad">
         <name>.debug_info</name>
         <load_address>0x102ad</load_address>
         <run_address>0x102ad</run_address>
         <size>0x27e</size>
         <input_file_ref idref="fl-168"/>
      </object_component>
      <object_component id="oc-29b">
         <name>.debug_info</name>
         <load_address>0x1052b</load_address>
         <run_address>0x1052b</run_address>
         <size>0x254</size>
         <input_file_ref idref="fl-168"/>
      </object_component>
      <object_component id="oc-1d6">
         <name>.debug_info</name>
         <load_address>0x1077f</load_address>
         <run_address>0x1077f</run_address>
         <size>0x27e</size>
         <input_file_ref idref="fl-168"/>
      </object_component>
      <object_component id="oc-33d">
         <name>.debug_info</name>
         <load_address>0x109fd</load_address>
         <run_address>0x109fd</run_address>
         <size>0x99</size>
      </object_component>
      <object_component id="oc-1c7">
         <name>.debug_line</name>
         <load_address>0x0</load_address>
         <run_address>0x0</run_address>
         <size>0x158</size>
         <input_file_ref idref="fl-2"/>
      </object_component>
      <object_component id="oc-1be">
         <name>.debug_line</name>
         <load_address>0x158</load_address>
         <run_address>0x158</run_address>
         <size>0x2d</size>
         <input_file_ref idref="fl-2"/>
      </object_component>
      <object_component id="oc-1c0">
         <name>.debug_line</name>
         <load_address>0x185</load_address>
         <run_address>0x185</run_address>
         <size>0x2d</size>
         <input_file_ref idref="fl-2"/>
      </object_component>
      <object_component id="oc-1ce">
         <name>.debug_line</name>
         <load_address>0x1b2</load_address>
         <run_address>0x1b2</run_address>
         <size>0x2d</size>
         <input_file_ref idref="fl-2"/>
      </object_component>
      <object_component id="oc-a3">
         <name>.debug_line</name>
         <load_address>0x1df</load_address>
         <run_address>0x1df</run_address>
         <size>0x72</size>
         <input_file_ref idref="fl-2"/>
      </object_component>
      <object_component id="oc-b0">
         <name>.debug_line</name>
         <load_address>0x251</load_address>
         <run_address>0x251</run_address>
         <size>0x72</size>
         <input_file_ref idref="fl-2"/>
      </object_component>
      <object_component id="oc-35">
         <name>.debug_line</name>
         <load_address>0x2c3</load_address>
         <run_address>0x2c3</run_address>
         <size>0x211</size>
         <input_file_ref idref="fl-2"/>
      </object_component>
      <object_component id="oc-1c4">
         <name>.debug_line</name>
         <load_address>0x4d4</load_address>
         <run_address>0x4d4</run_address>
         <size>0x5a</size>
         <input_file_ref idref="fl-2"/>
      </object_component>
      <object_component id="oc-1cb">
         <name>.debug_line</name>
         <load_address>0x52e</load_address>
         <run_address>0x52e</run_address>
         <size>0x5a</size>
         <input_file_ref idref="fl-2"/>
      </object_component>
      <object_component id="oc-f5">
         <name>.debug_line</name>
         <load_address>0x588</load_address>
         <run_address>0x588</run_address>
         <size>0x20</size>
         <input_file_ref idref="fl-2"/>
      </object_component>
      <object_component id="oc-f0">
         <name>.debug_line</name>
         <load_address>0x5a8</load_address>
         <run_address>0x5a8</run_address>
         <size>0x60</size>
         <input_file_ref idref="fl-2"/>
      </object_component>
      <object_component id="oc-15e">
         <name>.debug_line</name>
         <load_address>0x608</load_address>
         <run_address>0x608</run_address>
         <size>0x60</size>
         <input_file_ref idref="fl-2"/>
      </object_component>
      <object_component id="oc-f8">
         <name>.debug_line</name>
         <load_address>0x668</load_address>
         <run_address>0x668</run_address>
         <size>0x41</size>
         <input_file_ref idref="fl-3"/>
      </object_component>
      <object_component id="oc-37">
         <name>.debug_line</name>
         <load_address>0x6a9</load_address>
         <run_address>0x6a9</run_address>
         <size>0x41</size>
         <input_file_ref idref="fl-3"/>
      </object_component>
      <object_component id="oc-2c">
         <name>.debug_line</name>
         <load_address>0x6ea</load_address>
         <run_address>0x6ea</run_address>
         <size>0xa1</size>
         <input_file_ref idref="fl-3"/>
      </object_component>
      <object_component id="oc-fc">
         <name>.debug_line</name>
         <load_address>0x78b</load_address>
         <run_address>0x78b</run_address>
         <size>0x20</size>
[...]
         <name>__TI_zero_init</name>
      </handler>
   </handler_table>
   <symbol_table>
      <symbol id="sm-1">
         <name>__STACK_TOP</name>
         <value>0x20000200</value>
      </symbol>
      <symbol id="sm-2">
         <name>__TI_CINIT_Base</name>
         <value>0x25e0</value>
      </symbol>
      <symbol id="sm-3">
         <name>__TI_CINIT_Limit</name>
         <value>0x25f0</value>
      </symbol>
      <symbol id="sm-4">
         <name>__TI_Handler_Table_Base</name>
         <value>0x25c8</value>
      </symbol>
      <symbol id="sm-5">
         <name>__TI_Handler_Table_Limit</name>
         <value>0x25d4</value>
      </symbol>
      <symbol id="sm-6">
         <name>binit</name>
         <value>0xffffffff</value>
      </symbol>
      <symbol id="sm-7">
         <name>__binit__</name>
         <value>0xffffffff</value>
      </symbol>
      <symbol id="sm-8">
         <name>__STACK_SIZE</name>
         <value>0x200</value>
      </symbol>
      <symbol id="sm-9">
         <name>__STACK_END</name>
         <value>0x20000200</value>
      </symbol>
      <symbol id="sm-a">
         <name>__c_args__</name>
         <value>0xffffffff</value>
      </symbol>
      <symbol id="sm-c1">
         <name>tiempo2</name>
         <value>0x20000384</value>
      </symbol>
      <symbol id="sm-c2">
         <name>tiempo3</name>
         <value>0x20000388</value>
      </symbol>
      <symbol id="sm-c3">
         <name>tiempo4</name>
         <value>0x2000038c</value>
      </symbol>
      <symbol id="sm-c4">
         <name>tiempo5</name>
         <value>0x20000390</value>
      </symbol>
      <symbol id="sm-c5">
         <name>tiempoCanal2</name>
         <value>0x20000394</value>
      </symbol>
      <symbol id="sm-c6">
         <name>tiempoCanal3</name>
         <value>0x20000398</value>
      </symbol>
      <symbol id="sm-c7">
         <name>tiempoCanal4</name>
         <value>0x2000039c</value>
      </symbol>
      <symbol id="sm-c8">
         <name>tiempoCanal5</name>
         <value>0x200003a0</value>
      </symbol>
      <symbol id="sm-c9">
         <name>ui32CompDCMStarted</name>
         <value>0x200003a4</value>
      </symbol>
      <symbol id="sm-ca">
         <name>pui8Buffer</name>
         <value>0x2000037c</value>
      </symbol>
      <symbol id="sm-cb">
         <name>ultimoValorCanal2</name>
         <value>0x20000458</value>
         <object_component_ref idref="oc-d1"/>
      </symbol>
      <symbol id="sm-cc">
         <name>ultimoValorCanal3</name>
         <value>0x2000045c</value>
         <object_component_ref idref="oc-d1"/>
      </symbol>
      <symbol id="sm-cd">
         <name>ultimoValorCanal4</name>
         <value>0x20000460</value>
         <object_component_ref idref="oc-d1"/>
      </symbol>
      <symbol id="sm-ce">
         <name>ultimoValorCanal5</name>
         <value>0x20000464</value>
         <object_component_ref idref="oc-d1"/>
      </symbol>
      <symbol id="sm-cf">
         <name>g_sI2CInst</name>
         <value>0x20000200</value>
         <object_component_ref idref="oc-d4"/>
      </symbol>
      <symbol id="sm-d0">
         <name>g_bI2CMSimpleDone</name>
         <value>0x20000468</value>
         <object_component_ref idref="oc-d1"/>
      </symbol>
      <symbol id="sm-d1">
         <name>UARTConfig</name>
         <value>0x65d</value>
         <object_component_ref idref="oc-30"/>
      </symbol>
      <symbol id="sm-d2">
         <name>MPU9250Read</name>
         <value>0x589</value>
         <object_component_ref idref="oc-30"/>
      </symbol>
      <symbol id="sm-d3">
         <name>I2CMWrite</name>
         <value>0x2133</value>
         <object_component_ref idref="oc-9f"/>
      </symbol>
      <symbol id="sm-d4">
         <name>IntGPIOAHandler</name>
         <value>0x715</value>
         <object_component_ref idref="oc-30"/>
      </symbol>
      <symbol id="sm-d5">
         <name>main</name>
         <value>0x27f</value>
         <object_component_ref idref="oc-30"/>
      </symbol>
      <symbol id="sm-d6">
         <name>I2CMRead</name>
         <value>0x20fd</value>
         <object_component_ref idref="oc-ac"/>
      </symbol>
      <symbol id="sm-d7">
         <name>MPU9250Write</name>
         <value>0x555</value>
         <object_component_ref idref="oc-30"/>
      </symbol>
      <symbol id="sm-d8">
         <name>g_sCompDCMInst</name>
         <value>0x20000324</value>
         <object_component_ref idref="oc-da"/>
      </symbol>
      <symbol id="sm-d9">
         <name>I2CMSimpleIntHandler</name>
         <value>0x82b</value>
         <object_component_ref idref="oc-30"/>
      </symbol>
      <symbol id="sm-da">
         <name>MPU9250Init</name>
         <value>0x607</value>
         <object_component_ref idref="oc-30"/>
      </symbol>
      <symbol id="sm-db">
         <name>I2CMSimpleCallback</name>
         <value>0x26d</value>
         <object_component_ref idref="oc-30"/>
      </symbol>
      <symbol id="sm-fc">
         <name>ResetISR</name>
         <value>0x2449</value>
         <object_component_ref idref="oc-2a"/>
      </symbol>
      <symbol id="sm-fd">
         <name>g_pfnVectors</name>
         <value>0x0</value>
         <object_component_ref idref="oc-f"/>
      </symbol>
      <symbol id="sm-162">
         <name>UARTgetc</name>
         <value>0x9cb</value>
         <object_component_ref idref="oc-8d"/>
      </symbol>
      <symbol id="sm-163">
         <name>UARTgets</name>
         <value>0x911</value>
         <object_component_ref idref="oc-8d"/>
      </symbol>
      <symbol id="sm-164">
         <name>UARTStdioConfig</name>
         <value>0x885</value>
         <object_component_ref idref="oc-8d"/>
      </symbol>
      <symbol id="sm-165">
         <name>UARTwrite</name>
         <value>0x8cb</value>
         <object_component_ref idref="oc-8d"/>
      </symbol>
      <symbol id="sm-166">
         <name>UARTprintf</name>
         <value>0xceb</value>
         <object_component_ref idref="oc-8d"/>
      </symbol>
      <symbol id="sm-167">
         <name>UARTvprintf</name>
         <value>0x9f1</value>
         <object_component_ref idref="oc-8d"/>
      </symbol>
      <symbol id="sm-17e">
         <name>gpioAConfig</name>
         <value>0x166d</value>
         <object_component_ref idref="oc-81"/>
      </symbol>
      <symbol id="sm-1a4">
         <name>changeDuty</name>
         <value>0x122f</value>
         <object_component_ref idref="oc-7b"/>
      </symbol>
      <symbol id="sm-1a5">
         <name>pwmInit</name>
         <value>0x1169</value>
         <object_component_ref idref="oc-7b"/>
      </symbol>
      <symbol id="sm-1b5">
         <name>timerConfig</name>
         <value>0x2051</value>
         <object_component_ref idref="oc-87"/>
      </symbol>
      <symbol id="sm-1fb">
         <name>SysCtlPeripheralPresent</name>
         <value>0x208d</value>
         <object_component_ref idref="oc-12a"/>
      </symbol>
      <symbol id="sm-1fc">
         <name>SysCtlPeripheralEnable</name>
         <value>0x219d</value>
         <object_component_ref idref="oc-130"/>
      </symbol>
      <symbol id="sm-1fd">
         <name>SysCtlClockGet</name>
         <value>0x12bd</value>
         <object_component_ref idref="oc-93"/>
      </symbol>
      <symbol id="sm-230">
         <name>UARTConfigSetExpClk</name>
         <value>0x1e3b</value>
         <object_component_ref idref="oc-136"/>
      </symbol>
      <symbol id="sm-231">
         <name>UARTDisable</name>
         <value>0x237d</value>
         <object_component_ref idref="oc-244"/>
      </symbol>
      <symbol id="sm-232">
         <name>UARTCharPut</name>
         <value>0x2469</value>
         <object_component_ref idref="oc-142"/>
      </symbol>
      <symbol id="sm-233">
         <name>UARTEnable</name>
         <value>0x23d1</value>
         <object_component_ref idref="oc-13c"/>
      </symbol>
      <symbol id="sm-234">
         <name>UARTCharGet</name>
         <value>0x245f</value>
         <object_component_ref idref="oc-148"/>
      </symbol>
      <symbol id="sm-28a">
         <name>IntIsEnabled</name>
         <value>0x1b59</value>
         <object_component_ref idref="oc-26f"/>
      </symbol>
      <symbol id="sm-28b">
         <name>IntEnable</name>
         <value>0x1af1</value>
         <object_component_ref idref="oc-16a"/>
      </symbol>
      <symbol id="sm-28c">
         <name>IntTrigger</name>
         <value>0x2431</value>
         <object_component_ref idref="oc-27b"/>
      </symbol>
      <symbol id="sm-28d">
         <name>IntDisable</name>
         <value>0x1a89</value>
         <object_component_ref idref="oc-275"/>
      </symbol>
      <symbol id="sm-2ca">
         <name>CompDCMMagnetoUpdate</name>
         <value>0x2415</value>
         <object_component_ref idref="oc-b3"/>
      </symbol>
      <symbol id="sm-2cb">
         <name>CompDCMStart</name>
         <value>0x15bb</value>
         <object_component_ref idref="oc-c5"/>
      </symbol>
      <symbol id="sm-2cc">
         <name>CompDCMGyroUpdate</name>
         <value>0x2407</value>
         <object_component_ref idref="oc-bf"/>
      </symbol>
      <symbol id="sm-2cd">
         <name>CompDCMUpdate</name>
         <value>0xd21</value>
         <object_component_ref idref="oc-cb"/>
      </symbol>
      <symbol id="sm-2ce">
         <name>CompDCMAccelUpdate</name>
         <value>0x23f9</value>
         <object_component_ref idref="oc-b9"/>
      </symbol>
      <symbol id="sm-2cf">
         <name>CompDCMInit</name>
         <value>0x1e81</value>
         <object_component_ref idref="oc-a6"/>
      </symbol>
      <symbol id="sm-382">
         <name>I2CMCommand</name>
         <value>0x1841</value>
         <object_component_ref idref="oc-178"/>
      </symbol>
      <symbol id="sm-383">
         <name>I2CMInit</name>
         <value>0x2169</value>
         <object_component_ref idref="oc-99"/>
      </symbol>
      <symbol id="sm-384">
         <name>I2CMIntHandler</name>
         <value>0x14c9</value>
         <object_component_ref idref="oc-de"/>
      </symbol>
      <symbol id="sm-3a9">
         <name>VectorDotProduct</name>
         <value>0x22ed</value>
         <object_component_ref idref="oc-189"/>
      </symbol>
      <symbol id="sm-3aa">
         <name>VectorScale</name>
         <value>0x2313</value>
         <object_component_ref idref="oc-195"/>
      </symbol>
      <symbol id="sm-3ab">
         <name>VectorAdd</name>
         <value>0x2205</value>
         <object_component_ref idref="oc-19c"/>
      </symbol>
      <symbol id="sm-3ac">
         <name>VectorCrossProduct</name>
         <value>0x1c1b</value>
         <object_component_ref idref="oc-183"/>
      </symbol>
      <symbol id="sm-3c0">
         <name>_c_int00</name>
         <value>0x1cc1</value>
         <object_component_ref idref="oc-24"/>
      </symbol>
      <symbol id="sm-3c1">
         <name>__stack</name>
         <value>0x20000000</value>
         <object_component_ref idref="oc-29"/>
      </symbol>
      <symbol id="sm-3d8">
         <name>__TI_decompress_none</name>
         <value>0x2423</value>
         <object_component_ref idref="oc-12"/>
      </symbol>
      <symbol id="sm-400">
         <name>__TI_decompress_rle24</name>
         <value>0x248b</value>
         <object_component_ref idref="oc-18"/>
      </symbol>
      <symbol id="sm-412">
         <name>__TI_zero_init</name>
         <value>0x243d</value>
         <object_component_ref idref="oc-1e"/>
      </symbol>
      <symbol id="sm-431">
         <name>C$$EXIT</name>
         <value>0x1f09</value>
         <object_component_ref idref="oc-70"/>
      </symbol>
      <symbol id="sm-432">
         <name>abort</name>
         <value>0x1f0d</value>
         <object_component_ref idref="oc-70"/>
      </symbol>
      <symbol id="sm-433">
         <name>exit</name>
         <value>0x1f15</value>
         <object_component_ref idref="oc-70"/>
      </symbol>
      <symbol id="sm-434">
         <name>__TI_dtors_ptr</name>
         <value>0x20000478</value>
         <object_component_ref idref="oc-11f"/>
      </symbol>
      <symbol id="sm-435">
         <name>__TI_cleanup_ptr</name>
         <value>0x20000474</value>
         <object_component_ref idref="oc-11f"/>
      </symbol>
      <symbol id="sm-459">
         <name>__aeabi_dsub</name>
         <value>0xfb1</value>
         <object_component_ref idref="oc-1a7"/>
      </symbol>
      <symbol id="sm-45a">
         <name>__aeabi_dadd</name>
         <value>0xfbb</value>
         <object_component_ref idref="oc-1a7"/>
      </symbol>
      <symbol id="sm-471">
         <name>__aeabi_dmul</name>
         <value>0x13cd</value>
         <object_component_ref idref="oc-1ac"/>
      </symbol>
      <symbol id="sm-481">
         <name>__aeabi_d2f</name>
         <value>0x1943</value>
         <object_component_ref idref="oc-1b1"/>
      </symbol>
      <symbol id="sm-48f">
         <name>__aeabi_f2d</name>
         <value>0x20c5</value>
         <object_component_ref idref="oc-1a2"/>
      </symbol>
      <symbol id="sm-4aa">
         <name>memcpy</name>
         <value>0x170d</value>
         <object_component_ref idref="oc-39"/>
      </symbol>
      <symbol id="sm-4ab">
         <name>__aeabi_memcpy</name>
         <value>0x170d</value>
         <object_component_ref idref="oc-39"/>
      </symbol>
      <symbol id="sm-4ac">
         <name>__aeabi_memcpy8</name>
         <value>0x170d</value>
         <object_component_ref idref="oc-39"/>
      </symbol>
      <symbol id="sm-4ad">
         <name>__aeabi_memcpy4</name>
         <value>0x170d</value>
         <object_component_ref idref="oc-39"/>
      </symbol>
      <symbol id="sm-4bc">
         <name>__aeabi_memset</name>
         <value>0x18cb</value>
         <object_component_ref idref="oc-52"/>
      </symbol>
      <symbol id="sm-4bd">
         <name>memset</name>
         <value>0x18d1</value>
         <object_component_ref idref="oc-52"/>
      </symbol>
      <symbol id="sm-4be">
         <name>__aeabi_memset8</name>
         <value>0x18cb</value>
         <object_component_ref idref="oc-52"/>
      </symbol>
      <symbol id="sm-4bf">
         <name>__aeabi_memset4</name>
         <value>0x18cb</value>
         <object_component_ref idref="oc-52"/>
      </symbol>
      <symbol id="sm-4c0">
         <name>__aeabi_memclr8</name>
         <value>0x18c9</value>
         <object_component_ref idref="oc-52"/>
      </symbol>
      <symbol id="sm-4c1">
         <name>__aeabi_memclr4</name>
         <value>0x18c9</value>
         <object_component_ref idref="oc-52"/>
      </symbol>
      <symbol id="sm-4c2">
         <name>__aeabi_memclr</name>
         <value>0x18c9</value>
         <object_component_ref idref="oc-52"/>
      </symbol>
      <symbol id="sm-4cc">
         <name>_system_pre_init</name>
         <value>0x249d</value>
         <object_component_ref idref="oc-5e"/>
      </symbol>
      <symbol id="sm-4dc">
         <name>sqrtf</name>
         <value>0x2339</value>
         <object_component_ref idref="oc-18f"/>
      </symbol>
      <symbol id="sm-4e4">
         <name>main_func_sp</name>
         <value>0x20000490</value>
         <object_component_ref idref="oc-76"/>
      </symbol>
      <symbol id="sm-4f6">
         <name>__aeabi_uidivmod</name>
         <value>0x1fd1</value>
         <object_component_ref idref="oc-154"/>
      </symbol>
      <symbol id="sm-4f7">
         <name>__aeabi_uidiv</name>
         <value>0x1fd1</value>
         <object_component_ref idref="oc-154"/>
      </symbol>
      <symbol id="sm-50a">
         <name>_FDclass</name>
         <value>0x2297</value>
         <object_component_ref idref="oc-1b6"/>
      </symbol>
      <symbol id="sm-519">
         <name>_Feraise</name>
         <value>0x2239</value>
         <object_component_ref idref="oc-287"/>
      </symbol>
      <symbol id="sm-533">
         <name>_nop</name>
         <value>0x23f3</value>
         <object_component_ref idref="oc-233"/>
      </symbol>
      <symbol id="sm-534">
         <name>_lock</name>
         <value>0x2000046c</value>
         <object_component_ref idref="oc-11c"/>
      </symbol>
      <symbol id="sm-535">
         <name>_unlock</name>
         <value>0x20000470</value>
         <object_component_ref idref="oc-11c"/>
      </symbol>
      <symbol id="sm-536">
         <name>_register_lock</name>
         <value>0x23eb</value>
         <object_component_ref idref="oc-233"/>
      </symbol>
      <symbol id="sm-537">
         <name>_register_unlock</name>
         <value>0x23e5</value>
         <object_component_ref idref="oc-233"/>
      </symbol>
      <symbol id="sm-54d">
         <name>_args_main</name>
         <value>0x23b9</value>
         <object_component_ref idref="oc-6a"/>
      </symbol>
      <symbol id="sm-574">
         <name>__TI_auto_init</name>
         <value>0x19b1</value>
         <object_component_ref idref="oc-64"/>
      </symbol>
      <symbol id="sm-58e">
         <name>copy_in</name>
         <value>0x1d5d</value>
         <object_component_ref idref="oc-112"/>
      </symbol>
      <symbol id="sm-597">
         <name>_Errno</name>
         <value>0x2000048c</value>
         <object_component_ref idref="oc-2dd"/>
      </symbol>
      <symbol id="sm-5cd">
         <name>feraiseexcept</name>
         <value>0x21d1</value>
         <object_component_ref idref="oc-2d7"/>
      </symbol>
      <symbol id="sm-5ce">
         <name>_Tls_setup__Fenv</name>
         <value>0x20000480</value>
         <object_component_ref idref="oc-2ee"/>
      </symbol>
      <symbol id="sm-5cf">
         <name>_Fenv</name>
         <value>0x2000047c</value>
         <object_component_ref idref="oc-2ee"/>
      </symbol>
      <symbol id="sm-5da">
         <name>__aeabi_idiv0</name>
         <value>0x1167</value>
         <object_component_ref idref="oc-254"/>
      </symbol>
      <symbol id="sm-5f4">
         <name>raise</name>
         <value>0x2269</value>
         <object_component_ref idref="oc-2e8"/>
      </symbol>
      <symbol id="sm-60e">
         <name>signal</name>
         <value>0x1f91</value>
         <object_component_ref idref="oc-2f4"/>
      </symbol>
      <symbol id="sm-66c">
         <name>I2CMasterDataPut</name>
         <value>0x2499</value>
         <object_component_ref idref="oc-2ac"/>
      </symbol>
      <symbol id="sm-66d">
         <name>I2CMasterInitExpClk</name>
         <value>0x1d11</value>
         <object_component_ref idref="oc-164"/>
      </symbol>
      <symbol id="sm-66e">
         <name>I2CMasterSlaveAddrSet</name>
         <value>0x2483</value>
         <object_component_ref idref="oc-2a4"/>
      </symbol>
      <symbol id="sm-66f">
         <name>I2CMasterDataGet</name>
         <value>0x2495</value>
         <object_component_ref idref="oc-29a"/>
      </symbol>
      <symbol id="sm-670">
         <name>I2CMasterIntEnableEx</name>
         <value>0x247b</value>
         <object_component_ref idref="oc-170"/>
      </symbol>
      <symbol id="sm-671">
         <name>I2CMasterControl</name>
         <value>0x2491</value>
         <object_component_ref idref="oc-1d5"/>
      </symbol>
      <symbol id="sm-672">
         <name>I2CMasterEnable</name>
         <value>0x2455</value>
         <object_component_ref idref="oc-25f"/>
      </symbol>
      <symbol id="sm-673">
         <name>I2CMasterIntClear</name>
         <value>0x2473</value>
         <object_component_ref idref="oc-1cf"/>
      </symbol>
      <symbol id="sm-674">
         <name>__TI_static_base__</name>
         <value>0x0</value>
      </symbol>
      <symbol id="sm-677">
         <name>SHT$$INIT_ARRAY$$Limit</name>
         <value>0x0</value>
      </symbol>
      <symbol id="sm-678">
         <name>SHT$$INIT_ARRAY$$Base</name>
         <value>0x0</value>
      </symbol>
   </symbol_table>
   <title>Link successful</title>
</link_info>
