******************************************************************************
                  TI ARM Linker PC v5.2.9                      
******************************************************************************
>> Linked Mon Jun 18 17:07:35 2018

OUTPUT FILE NAME:   <triHelice.out>
ENTRY POINT SYMBOL: "_c_int00"  address: 00002c0d


MEMORY CONFIGURATION

         name            origin    length      used     unused   attr    fill
----------------------  --------  ---------  --------  --------  ----  --------
  FLASH                 00000000   00040000  000036ee  0003c912  R  X
  SRAM                  20000000   00008000  00000653  000079ad  RW X


SEGMENT ALLOCATION MAP

run origin  load origin   length   init length attrs members
----------  ----------- ---------- ----------- ----- -------
00000000    00000000    000036f0   000036f0    r-x
  00000000    00000000    0000026c   0000026c    r-- .intvecs
  0000026c    0000026c    0000328c   0000328c    r-x .text
  000034f8    000034f8    0000013e   0000013e    r-- .const
  00003638    00003638    000000b8   000000b8    r-- .cinit
20000000    20000000    00000658   00000000    rw-
  20000000    20000000    0000027b   00000000    rw- .bss
  2000027c    2000027c    00000200   00000000    rw- .stack
  20000480    20000480    000001d8   00000000    rw- .data


SECTION ALLOCATION MAP

 output                                  attributes/
section   page    origin      length       input sections
--------  ----  ----------  ----------   ----------------
.intvecs   0    00000000    0000026c     
                  00000000    0000026c     tm4c123gh6pm_startup_ccs.obj (.intvecs)

.text      0    0000026c    0000328c     
                  0000026c    00001164     main.obj (.text)
                  000013d0    0000049c     uartstdio.obj (.text)
                  0000186c    00000290     sensorlib.lib : comp_dcm.obj (.text:CompDCMUpdate)
                  00001afc    000001b6     rtsv7M4_T_le_v4SPD16_eabi.lib : fd_add_t2.obj (.text)
                  00001cb2    00000002                                   : i_div0.obj (.text)
                  00001cb4    00000194     pwm.obj (.text)
                  00001e48    0000014c     scheduler.obj (.text)
                  00001f94    00000118     rtsv7M4_T_le_v4SPD16_eabi.lib : atan2f.obj (.text)
                  000020ac    00000110     driverlib.lib : sysctl.obj (.text:SysCtlClockGet)
                  000021bc    000000fc     rtsv7M4_T_le_v4SPD16_eabi.lib : fd_mul_t2.obj (.text)
                  000022b8    000000f2     sensorlib.lib : i2cm_drv.obj (.text:I2CMIntHandler)
                  000023aa    00000002     --HOLE-- [fill = 0]
                  000023ac    000000b4     rtsv7M4_T_le_v4SPD16_eabi.lib : asinf.obj (.text)
                  00002460    000000b0     sensorlib.lib : comp_dcm.obj (.text:CompDCMStart)
                  00002510    000000a8     rtsv7M4_T_le_v4SPD16_eabi.lib : xfatan.obj (.text)
                  000025b8    000000a0     gpioAReceiver.obj (.text)
                  00002658    0000009c     rtsv7M4_T_le_v4SPD16_eabi.lib : memcpy_t2.obj (.text)
                  000026f4    00000098     sensorlib.lib : i2cm_drv.obj (.text:I2CMStateIdle)
                  0000278c    00000088                   : i2cm_drv.obj (.text:I2CMCommand)
                  00002814    0000007a     rtsv7M4_T_le_v4SPD16_eabi.lib : memset_t2.obj (.text)
                  0000288e    0000006e                                   : fd_tos_t2.obj (.text)
                  000028fc    0000006c                                   : autoinit.obj (.text)
                  00002968    0000006a                                   : copy_decompress_rle.obj (.text)
                  000029d2    00000002     --HOLE-- [fill = 0]
                  000029d4    00000068     driverlib.lib : interrupt.obj (.text:IntDisable)
                  00002a3c    00000068                   : interrupt.obj (.text:IntEnable)
                  00002aa4    00000064                   : interrupt.obj (.text:IntIsEnabled)
                  00002b08    0000005e     sensorlib.lib : i2cm_drv.obj (.text:I2CMStateWritePause)
                  00002b66    00000056                   : vector.obj (.text:VectorCrossProduct)
                  00002bbc    00000050                   : i2cm_drv.obj (.text:I2CMStateWriteFinal)
                  00002c0c    00000050     rtsv7M4_T_le_v4SPD16_eabi.lib : boot.obj (.text)
                  00002c5c    0000004c     driverlib.lib : i2c.obj (.text:I2CMasterInitExpClk)
                  00002ca8    0000004c     rtsv7M4_T_le_v4SPD16_eabi.lib : cpy_tbl.obj (.text)
                  00002cf4    0000004a     sensorlib.lib : i2cm_drv.obj (.text:I2CMStateReadNext)
                  00002d3e    00000048                   : i2cm_drv.obj (.text:I2CMStateWriteNext)
                  00002d86    00000046     driverlib.lib : uart.obj (.text:UARTConfigSetExpClk)
                  00002dcc    00000044     sensorlib.lib : comp_dcm.obj (.text:CompDCMInit)
                  00002e10    00000044                   : i2cm_drv.obj (.text:I2CMStateCallback)
                  00002e54    00000044     rtsv7M4_T_le_v4SPD16_eabi.lib : exit.obj (.text)
                  00002e98    00000044                                   : fd_tou_t2.obj (.text)
                  00002edc    00000042     sensorlib.lib : comp_dcm.obj (.text:CompDCMComputeEulers)
                  00002f1e    00000042                   : i2cm_drv.obj (.text:I2CMStateReadFinal)
                  00002f60    00000040     rtsv7M4_T_le_v4SPD16_eabi.lib : signal.obj (.text)
                  00002fa0    00000040                                   : u_divt2.obj (.text)
                  00002fe0    0000003e     sensorlib.lib : i2cm_drv.obj (.text:I2CMStateReadPause)
                  0000301e    00000002     --HOLE-- [fill = 0]
                  00003020    0000003c     timer.obj (.text)
                  0000305c    00000038     driverlib.lib : sysctl.obj (.text:SysCtlPeripheralPresent)
                  00003094    00000038     rtsv7M4_T_le_v4SPD16_eabi.lib : fs_tod_t2.obj (.text)
                  000030cc    00000036     main.obj (.text:I2CMRead)
                  00003102    00000036     main.obj (.text:I2CMWrite)
                  00003138    00000034     sensorlib.lib : i2cm_drv.obj (.text:I2CMInit)
                  0000316c    00000034     driverlib.lib : sysctl.obj (.text:SysCtlPeripheralEnable)
                  000031a0    00000034     rtsv7M4_T_le_v4SPD16_eabi.lib : feraiseexcept.obj (.text)
                  000031d4    00000032     sensorlib.lib : vector.obj (.text:VectorAdd)
                  00003206    00000002     --HOLE-- [fill = 0]
                  00003208    00000030     rtsv7M4_T_le_v4SPD16_eabi.lib : xferaise.obj (.text)
                  00003238    0000002e                                   : i_tofd_t2.obj (.text)
                  00003266    0000002e                                   : raise.obj (.text)
                  00003294    0000002c                                   : xfdclass.obj (.text)
                  000032c0    0000002a     sensorlib.lib : i2cm_drv.obj (.text:I2CMStateReadFirst)
                  000032ea    00000026                   : vector.obj (.text:VectorDotProduct)
                  00003310    00000026                   : vector.obj (.text:VectorScale)
                  00003336    00000002     --HOLE-- [fill = 0]
                  00003338    00000024     rtsv7M4_T_le_v4SPD16_eabi.lib : sqrtf.obj (.text)
                  0000335c    00000020     sensorlib.lib : i2cm_drv.obj (.text:I2CMStateReadOne)
                  0000337c    00000020     driverlib.lib : uart.obj (.text:UARTDisable)
                  0000339c    00000020     rtsv7M4_T_le_v4SPD16_eabi.lib : u_tofd_t2.obj (.text)
                  000033bc    0000001a     sensorlib.lib : i2cm_drv.obj (.text:I2CMStateReadWait)
                  000033d6    00000002     --HOLE-- [fill = 0]
                  000033d8    00000018     rtsv7M4_T_le_v4SPD16_eabi.lib : args_main.obj (.text)
                  000033f0    00000014     driverlib.lib : systick.obj (.text:SysTickEnable)
                  00003404    00000014                   : systick.obj (.text:SysTickIntEnable)
                  00003418    00000014                   : uart.obj (.text:UARTEnable)
                  0000342c    00000014     rtsv7M4_T_le_v4SPD16_eabi.lib : _lock.obj (.text)
                  00003440    00000010     driverlib.lib : systick.obj (.text:SysTickPeriodSet)
                  00003450    0000000e     sensorlib.lib : comp_dcm.obj (.text:CompDCMAccelUpdate)
                  0000345e    0000000e                   : comp_dcm.obj (.text:CompDCMGyroUpdate)
                  0000346c    0000000e                   : comp_dcm.obj (.text:CompDCMMagnetoUpdate)
                  0000347a    0000000e     rtsv7M4_T_le_v4SPD16_eabi.lib : copy_decompress_none.obj (.text:decompress:none)
                  00003488    0000000c     driverlib.lib : interrupt.obj (.text:IntTrigger)
                  00003494    0000000c     rtsv7M4_T_le_v4SPD16_eabi.lib : copy_zero_init.obj (.text:decompress:ZI)
                  000034a0    0000000c     tm4c123gh6pm_startup_ccs.obj (.text)
                  000034ac    0000000a     driverlib.lib : i2c.obj (.text:I2CMasterEnable)
                  000034b6    0000000a                   : uart.obj (.text:UARTCharGet)
                  000034c0    0000000a                   : uart.obj (.text:UARTCharPut)
                  000034ca    00000008                   : i2c.obj (.text:I2CMasterIntClear)
                  000034d2    00000008                   : i2c.obj (.text:I2CMasterIntEnableEx)
                  000034da    00000008                   : i2c.obj (.text:I2CMasterSlaveAddrSet)
                  000034e2    00000006     rtsv7M4_T_le_v4SPD16_eabi.lib : copy_decompress_rle.obj (.text:decompress:rle24)
                  000034e8    00000004     driverlib.lib : i2c.obj (.text:I2CMasterControl)
                  000034ec    00000004                   : i2c.obj (.text:I2CMasterDataGet)
                  000034f0    00000004                   : i2c.obj (.text:I2CMasterDataPut)
                  000034f4    00000004     rtsv7M4_T_le_v4SPD16_eabi.lib : pre_init.obj (.text)

.const     0    000034f8    0000013e     
                  000034f8    00000070     driverlib.lib : interrupt.obj (.const)
                  00003568    0000006c                   : sysctl.obj (.const:g_pui32Xtals)
                  000035d4    00000034     rtsv7M4_T_le_v4SPD16_eabi.lib : xfatan.obj (.const)
                  00003608    0000001c     uartstdio.obj (.const)
                  00003624    00000012     uartstdio.obj (.const:.string)

.cinit     0    00003638    000000b8     
                  00003638    0000008d     (.cinit..data.load) [load image, compression = rle]
                  000036c5    00000003     --HOLE-- [fill = 0]
                  000036c8    0000000c     (__TI_handler_table)
                  000036d4    00000004     --HOLE-- [fill = 0]
                  000036d8    00000008     (.cinit..bss.load) [load image, compression = zero_init]
                  000036e0    00000010     (__TI_cinit_table)

.init_array 
*          0    00000000    00000000     UNINITIALIZED

.bss       0    20000000    0000027b     UNINITIALIZED
                  20000000    00000124     main.obj (.bss:g_sI2CInst)
                  20000124    00000058     main.obj (.bss:g_sCompDCMInst)
                  2000017c    00000030     main.obj (.bss:pfData)
                  200001ac    00000010     (.common:pfData_int)
                  200001bc    0000000c     (.common:e)
                  200001c8    0000000c     (.common:e_roll)
                  200001d4    0000000c     (.common:ev)
                  200001e0    00000008     (.common:pfData_int_Mag)
                  200001e8    00000008     (.common:pui8Buffer)
                  200001f0    00000008     (.common:u)
                  200001f8    00000008     (.common:u_roll)
                  20000200    00000008     (.common:uv)
                  20000208    00000004     (.common:g_ui32SchedulerTickCount)
                  2000020c    00000004     (.common:pfAccel)
                  20000210    00000004     (.common:pfEulers)
                  20000214    00000004     (.common:pfGyro)
                  20000218    00000004     (.common:pfMag)
                  2000021c    00000004     (.common:q0)
                  20000220    00000004     (.common:q0_roll)
                  20000224    00000004     (.common:q1)
                  20000228    00000004     (.common:q1_roll)
                  2000022c    00000004     (.common:q2)
                  20000230    00000004     (.common:q2_roll)
                  20000234    00000004     (.common:qv0)
                  20000238    00000004     (.common:qv1)
                  2000023c    00000004     (.common:qv2)
                  20000240    00000004     (.common:rotor1)
                  20000244    00000004     (.common:rotor2)
                  20000248    00000004     (.common:rotor3)
                  2000024c    00000004     (.common:tiempo1)
                  20000250    00000004     (.common:tiempo2)
                  20000254    00000004     (.common:tiempo3)
                  20000258    00000004     (.common:tiempo4)
                  2000025c    00000004     (.common:tiempo5)
                  20000260    00000004     (.common:tiempoCanal1)
                  20000264    00000004     (.common:tiempoCanal2)
                  20000268    00000004     (.common:tiempoCanal3)
                  2000026c    00000004     (.common:tiempoCanal4)
                  20000270    00000004     (.common:tiempoCanal5)
                  20000274    00000004     (.common:ui32CompDCMStarted)
                  20000278    00000001     (.common:vel1)
                  20000279    00000001     (.common:vel2)
                  2000027a    00000001     (.common:vel3)

.TI.noinit 
*          0    20000000    00000000     UNINITIALIZED

.stack     0    2000027c    00000200     UNINITIALIZED
                  2000027c    00000200     --HOLE--

.data      0    20000480    000001d8     UNINITIALIZED
                  20000480    000000b0     rtsv7M4_T_le_v4SPD16_eabi.lib : signal.obj (.data:sigtable)
                  20000530    00000068                                   : xfvalues.obj (.data)
                  20000598    00000050     main.obj (.data:g_psSchedulerTable)
                  200005e8    00000048     main.obj (.data)
                  20000630    00000008     rtsv7M4_T_le_v4SPD16_eabi.lib : _lock.obj (.data)
                  20000638    00000008                                   : exit.obj (.data)
                  20000640    00000008                                   : feraiseexcept.obj (.data)
                  20000648    00000005     uartstdio.obj (.data)
                  2000064d    00000003     --HOLE--
                  20000650    00000004     rtsv7M4_T_le_v4SPD16_eabi.lib : errno.obj (.data)
                  20000654    00000004                                   : stkdepth_vars.obj (.data)

.TI.persistent 
*          0    20000480    00000000     UNINITIALIZED


LINKER GENERATED COPY TABLES

__TI_cinit_table @ 000036e0 records: 2, size/record: 8, table size: 16
	.data: load addr=00003638, load size=0000008d bytes, run addr=20000480, run size=000001d8 bytes, compression=rle
	.bss: load addr=000036d8, load size=00000008 bytes, run addr=20000000, run size=0000027b bytes, compression=zero_init


LINKER GENERATED HANDLER TABLE

__TI_handler_table @ 000036c8 records: 3, size/record: 4, table size: 12
	index: 0, handler: __TI_decompress_rle24
	index: 1, handler: __TI_decompress_none
	index: 2, handler: __TI_zero_init


GLOBAL SYMBOLS: SORTED ALPHABETICALLY BY Name 

address   name                      
-------   ----                      
00002e55  C$$EXIT                   
00003451  CompDCMAccelUpdate        
00002edd  CompDCMComputeEulers      
0000345f  CompDCMGyroUpdate         
00002dcd  CompDCMInit               
0000346d  CompDCMMagnetoUpdate      
00002461  CompDCMStart              
0000186d  CompDCMUpdate             
0000278d  I2CMCommand               
00003139  I2CMInit                  
000022b9  I2CMIntHandler            
000030cd  I2CMRead                  
0000026d  I2CMSimpleCallback        
00001353  I2CMSimpleIntHandler      
00003103  I2CMWrite                 
000034e9  I2CMasterControl          
000034ed  I2CMasterDataGet          
000034f1  I2CMasterDataPut          
000034ad  I2CMasterEnable           
00002c5d  I2CMasterInitExpClk       
000034cb  I2CMasterIntClear         
000034d3  I2CMasterIntEnableEx      
000034db  I2CMasterSlaveAddrSet     
000029d5  IntDisable                
00002a3d  IntEnable                 
0000123d  IntGPIOAHandler           
000011c9  IntGPIOFHandler           
00002aa5  IntIsEnabled              
00003489  IntTrigger                
000034a1  ResetISR                  
UNDEFED   SHT$$INIT_ARRAY$$Base     
UNDEFED   SHT$$INIT_ARRAY$$Limit    
00001f59  SchedulerElapsedTicksCalc 
00001f49  SchedulerElapsedTicksGet  
00001e53  SchedulerInit             
00001e6f  SchedulerRun              
00001e49  SchedulerSysTickIntHandler
00001f21  SchedulerTaskDisable      
00001ec9  SchedulerTaskEnable       
00001f43  SchedulerTickCountGet     
000020ad  SysCtlClockGet            
0000316d  SysCtlPeripheralEnable    
0000305d  SysCtlPeripheralPresent   
000033f1  SysTickEnable             
00003405  SysTickIntEnable          
00003441  SysTickPeriodSet          
20000600  T                         
000034b7  UARTCharGet               
000034c1  UARTCharPut               
00001169  UARTConfig                
00002d87  UARTConfigSetExpClk       
0000337d  UARTDisable               
00003419  UARTEnable                
000013d1  UARTStdioConfig           
00001517  UARTgetc                  
0000145d  UARTgets                  
00001837  UARTprintf                
0000153d  UARTvprintf               
00001417  UARTwrite                 
000031d5  VectorAdd                 
00002b67  VectorCrossProduct        
000032eb  VectorDotProduct          
00003311  VectorScale               
20000650  _Errno                    
00002511  _FAtan                    
00003295  _FDclass                  
20000530  _FDenorm                  
20000540  _FEps                     
20000550  _FInf                     
20000560  _FNan                     
20000580  _FRteps                   
20000570  _FSnan                    
20000590  _FXbig                    
20000594  _FZero                    
20000640  _Fenv                     
00003209  _Feraise                  
20000644  _Tls_setup__Fenv          
2000047c  __STACK_END               
00000200  __STACK_SIZE              
2000047c  __STACK_TOP               
000036e0  __TI_CINIT_Base           
000036f0  __TI_CINIT_Limit          
000036c8  __TI_Handler_Table_Base   
000036d4  __TI_Handler_Table_Limit  
000028fd  __TI_auto_init            
20000638  __TI_cleanup_ptr          
0000347b  __TI_decompress_none      
000034e3  __TI_decompress_rle24     
2000063c  __TI_dtors_ptr            
00000000  __TI_static_base__        
00003495  __TI_zero_init            
0000288f  __aeabi_d2f               
00002e99  __aeabi_d2uiz             
00001b07  __aeabi_dadd              
000021bd  __aeabi_dmul              
00001afd  __aeabi_dsub              
00003095  __aeabi_f2d               
00003239  __aeabi_i2d               
00001cb3  __aeabi_idiv0             
00002815  __aeabi_memclr            
00002815  __aeabi_memclr4           
00002815  __aeabi_memclr8           
00002659  __aeabi_memcpy            
00002659  __aeabi_memcpy4           
00002659  __aeabi_memcpy8           
00002817  __aeabi_memset            
00002817  __aeabi_memset4           
00002817  __aeabi_memset8           
0000339d  __aeabi_ui2d              
00002fa1  __aeabi_uidiv             
00002fa1  __aeabi_uidivmod          
ffffffff  __binit__                 
ffffffff  __c_args__                
2000027c  __stack                   
000033d9  _args_main                
00002c0d  _c_int00                  
20000630  _lock                     
0000343b  _nop                      
00003433  _register_lock            
0000342d  _register_unlock          
000034f5  _system_pre_init          
20000634  _unlock                   
00002e59  abort                     
000023ad  asinf                     
00001f95  atan2f                    
ffffffff  binit                     
00000c25  convertirVelocidad        
00002ca9  copy_in                   
200001bc  e                         
200001c8  e_roll                    
200001d4  ev                        
00002e61  exit                      
000031a1  feraiseexcept             
200005f0  g_bI2CMSimpleDone         
00000000  g_pfnVectors              
20000598  g_psSchedulerTable        
20000124  g_sCompDCMInst            
20000000  g_sI2CInst                
200005e8  g_ui32SchedulerNumTasks   
200005ec  g_ulSchedulerNumTasks     
000025b9  gpioAConfig               
200005f4  kp                        
20000604  kp_roll                   
20000610  kpv                       
0000027f  main                      
20000654  main_func_sp              
00002659  memcpy                    
0000281d  memset                    
2000020c  pfAccel                   
2000017c  pfData                    
200001ac  pfData_int                
200001e0  pfData_int_Mag            
20000210  pfEulers                  
20000214  pfGyro                    
20000218  pfMag                     
200001e8  pui8Buffer                
00001cb5  pwmInit                   
2000021c  q0                        
20000220  q0_roll                   
20000224  q1                        
20000228  q1_roll                   
2000022c  q2                        
20000230  q2_roll                   
20000234  qv0                       
20000238  qv1                       
2000023c  qv2                       
00003267  raise                     
20000240  rotor1                    
20000244  rotor2                    
20000248  rotor3                    
00002f61  signal                    
00003339  sqrtf                     
200005fc  td                        
2000060c  td_roll                   
20000618  tdv                       
200005f8  ti                        
20000608  ti_roll                   
2000024c  tiempo1                   
20000250  tiempo2                   
20000254  tiempo3                   
20000258  tiempo4                   
2000025c  tiempo5                   
20000260  tiempoCanal1              
20000264  tiempoCanal2              
20000268  tiempoCanal3              
2000026c  tiempoCanal4              
20000270  tiempoCanal5              
00003021  timerConfig               
20000614  tiv                       
200001f0  u                         
200001f8  u_roll                    
20000274  ui32CompDCMStarted        
2000061c  ultimoValorCanal1         
20000620  ultimoValorCanal2         
20000624  ultimoValorCanal3         
20000628  ultimoValorCanal4         
2000062c  ultimoValorCanal5         
20000200  uv                        
20000278  vel1                      
20000279  vel2                      
2000027a  vel3                      
00001d85  velocidadMotor            


GLOBAL SYMBOLS: SORTED BY Symbol Address 

address   name                      
-------   ----                      
00000000  __TI_static_base__        
00000000  g_pfnVectors              
00000200  __STACK_SIZE              
0000026d  I2CMSimpleCallback        
0000027f  main                      
00000c25  convertirVelocidad        
00001169  UARTConfig                
000011c9  IntGPIOFHandler           
0000123d  IntGPIOAHandler           
00001353  I2CMSimpleIntHandler      
000013d1  UARTStdioConfig           
00001417  UARTwrite                 
0000145d  UARTgets                  
00001517  UARTgetc                  
0000153d  UARTvprintf               
00001837  UARTprintf                
0000186d  CompDCMUpdate             
00001afd  __aeabi_dsub              
00001b07  __aeabi_dadd              
00001cb3  __aeabi_idiv0             
00001cb5  pwmInit                   
00001d85  velocidadMotor            
00001e49  SchedulerSysTickIntHandler
00001e53  SchedulerInit             
00001e6f  SchedulerRun              
00001ec9  SchedulerTaskEnable       
00001f21  SchedulerTaskDisable      
00001f43  SchedulerTickCountGet     
00001f49  SchedulerElapsedTicksGet  
00001f59  SchedulerElapsedTicksCalc 
00001f95  atan2f                    
000020ad  SysCtlClockGet            
000021bd  __aeabi_dmul              
000022b9  I2CMIntHandler            
000023ad  asinf                     
00002461  CompDCMStart              
00002511  _FAtan                    
000025b9  gpioAConfig               
00002659  __aeabi_memcpy            
00002659  __aeabi_memcpy4           
00002659  __aeabi_memcpy8           
00002659  memcpy                    
0000278d  I2CMCommand               
00002815  __aeabi_memclr            
00002815  __aeabi_memclr4           
00002815  __aeabi_memclr8           
00002817  __aeabi_memset            
00002817  __aeabi_memset4           
00002817  __aeabi_memset8           
0000281d  memset                    
0000288f  __aeabi_d2f               
000028fd  __TI_auto_init            
000029d5  IntDisable                
00002a3d  IntEnable                 
00002aa5  IntIsEnabled              
00002b67  VectorCrossProduct        
00002c0d  _c_int00                  
00002c5d  I2CMasterInitExpClk       
00002ca9  copy_in                   
00002d87  UARTConfigSetExpClk       
00002dcd  CompDCMInit               
00002e55  C$$EXIT                   
00002e59  abort                     
00002e61  exit                      
00002e99  __aeabi_d2uiz             
00002edd  CompDCMComputeEulers      
00002f61  signal                    
00002fa1  __aeabi_uidiv             
00002fa1  __aeabi_uidivmod          
00003021  timerConfig               
0000305d  SysCtlPeripheralPresent   
00003095  __aeabi_f2d               
000030cd  I2CMRead                  
00003103  I2CMWrite                 
00003139  I2CMInit                  
0000316d  SysCtlPeripheralEnable    
000031a1  feraiseexcept             
000031d5  VectorAdd                 
00003209  _Feraise                  
00003239  __aeabi_i2d               
00003267  raise                     
00003295  _FDclass                  
000032eb  VectorDotProduct          
00003311  VectorScale               
00003339  sqrtf                     
0000337d  UARTDisable               
0000339d  __aeabi_ui2d              
000033d9  _args_main                
000033f1  SysTickEnable             
00003405  SysTickIntEnable          
00003419  UARTEnable                
0000342d  _register_unlock          
00003433  _register_lock            
0000343b  _nop                      
00003441  SysTickPeriodSet          
00003451  CompDCMAccelUpdate        
0000345f  CompDCMGyroUpdate         
0000346d  CompDCMMagnetoUpdate      
0000347b  __TI_decompress_none      
00003489  IntTrigger                
00003495  __TI_zero_init            
000034a1  ResetISR                  
000034ad  I2CMasterEnable           
000034b7  UARTCharGet               
000034c1  UARTCharPut               
000034cb  I2CMasterIntClear         
000034d3  I2CMasterIntEnableEx      
000034db  I2CMasterSlaveAddrSet     
000034e3  __TI_decompress_rle24     
000034e9  I2CMasterControl          
000034ed  I2CMasterDataGet          
000034f1  I2CMasterDataPut          
000034f5  _system_pre_init          
000036c8  __TI_Handler_Table_Base   
000036d4  __TI_Handler_Table_Limit  
000036e0  __TI_CINIT_Base           
000036f0  __TI_CINIT_Limit          
20000000  g_sI2CInst                
20000124  g_sCompDCMInst            
2000017c  pfData                    
200001ac  pfData_int                
200001bc  e                         
200001c8  e_roll                    
200001d4  ev                        
200001e0  pfData_int_Mag            
200001e8  pui8Buffer                
200001f0  u                         
200001f8  u_roll                    
20000200  uv                        
2000020c  pfAccel                   
20000210  pfEulers                  
20000214  pfGyro                    
20000218  pfMag                     
2000021c  q0                        
20000220  q0_roll                   
20000224  q1                        
20000228  q1_roll                   
2000022c  q2                        
20000230  q2_roll                   
20000234  qv0                       
20000238  qv1                       
2000023c  qv2                       
20000240  rotor1                    
20000244  rotor2                    
20000248  rotor3                    
2000024c  tiempo1                   
20000250  tiempo2                   
20000254  tiempo3                   
20000258  tiempo4                   
2000025c  tiempo5                   
20000260  tiempoCanal1              
20000264  tiempoCanal2              
20000268  tiempoCanal3              
2000026c  tiempoCanal4              
20000270  tiempoCanal5              
20000274  ui32CompDCMStarted        
20000278  vel1                      
20000279  vel2                      
2000027a  vel3                      
2000027c  __stack                   
2000047c  __STACK_END               
2000047c  __STACK_TOP               
20000530  _FDenorm                  
20000540  _FEps                     
20000550  _FInf                     
20000560  _FNan                     
20000570  _FSnan                    
20000580  _FRteps                   
20000590  _FXbig                    
20000594  _FZero                    
20000598  g_psSchedulerTable        
200005e8  g_ui32SchedulerNumTasks   
200005ec  g_ulSchedulerNumTasks     
200005f0  g_bI2CMSimpleDone         
200005f4  kp                        
200005f8  ti                        
200005fc  td                        
20000600  T                         
20000604  kp_roll                   
20000608  ti_roll                   
2000060c  td_roll                   
20000610  kpv                       
20000614  tiv                       
20000618  tdv                       
2000061c  ultimoValorCanal1         
20000620  ultimoValorCanal2         
20000624  ultimoValorCanal3         
20000628  ultimoValorCanal4         
2000062c  ultimoValorCanal5         
20000630  _lock                     
20000634  _unlock                   
20000638  __TI_cleanup_ptr          
2000063c  __TI_dtors_ptr            
20000640  _Fenv                     
20000644  _Tls_setup__Fenv          
20000650  _Errno                    
20000654  main_func_sp              
ffffffff  __binit__                 
ffffffff  __c_args__                
ffffffff  binit                     
UNDEFED   SHT$$INIT_ARRAY$$Base     
UNDEFED   SHT$$INIT_ARRAY$$Limit    

[202 symbols]
