<?xml version="1.0"?>
<link_info>
   <banner>TI ARM Linker PC v16.9.3.LTS</banner>
   <copyright>Copyright (c) 1996-2017 Texas Instruments Incorporated</copyright>
   <link_time>0x5a0e72c7</link_time>
   <link_errors>0x0</link_errors>
   <output_file>triHelice.out</output_file>
   <entry_point>
      <name>_c_int00</name>
      <address>0x2171</address>
   </entry_point>
   <input_file_list>
      <input_file id="fl-2">
         <path>.\</path>
         <kind>object</kind>
         <file>main.obj</file>
         <name>main.obj</name>
      </input_file>
      <input_file id="fl-3">
         <path>.\</path>
         <kind>object</kind>
         <file>tm4c123gh6pm_startup_ccs.obj</file>
         <name>tm4c123gh6pm_startup_ccs.obj</name>
      </input_file>
      <input_file id="fl-8">
         <kind>object</kind>
         <file>&lt;internal&gt;</file>
         <name>&lt;internal&gt;</name>
      </input_file>
      <input_file id="fl-be">
         <path>C:\ti\ccsv7\tools\compiler\ti-cgt-arm_16.9.3.LTS\lib\</path>
         <kind>archive</kind>
         <file>rtsv7M4_T_le_v4SPD16_eabi.lib</file>
         <name>boot.obj</name>
      </input_file>
      <input_file id="fl-bf">
         <path>C:\ti\ccsv7\tools\compiler\ti-cgt-arm_16.9.3.LTS\lib\</path>
         <kind>archive</kind>
         <file>rtsv7M4_T_le_v4SPD16_eabi.lib</file>
         <name>copy_decompress_lzss.obj</name>
      </input_file>
      <input_file id="fl-c0">
         <path>C:\ti\ccsv7\tools\compiler\ti-cgt-arm_16.9.3.LTS\lib\</path>
         <kind>archive</kind>
         <file>rtsv7M4_T_le_v4SPD16_eabi.lib</file>
         <name>copy_decompress_none.obj</name>
      </input_file>
      <input_file id="fl-c1">
         <path>C:\ti\ccsv7\tools\compiler\ti-cgt-arm_16.9.3.LTS\lib\</path>
         <kind>archive</kind>
         <file>rtsv7M4_T_le_v4SPD16_eabi.lib</file>
         <name>copy_zero_init.obj</name>
      </input_file>
      <input_file id="fl-c2">
         <path>C:\ti\ccsv7\tools\compiler\ti-cgt-arm_16.9.3.LTS\lib\</path>
         <kind>archive</kind>
         <file>rtsv7M4_T_le_v4SPD16_eabi.lib</file>
         <name>exit.obj</name>
      </input_file>
      <input_file id="fl-c3">
         <path>C:\ti\ccsv7\tools\compiler\ti-cgt-arm_16.9.3.LTS\lib\</path>
         <kind>archive</kind>
         <file>rtsv7M4_T_le_v4SPD16_eabi.lib</file>
         <name>fs_tod_t2.obj</name>
      </input_file>
      <input_file id="fl-c4">
         <path>C:\ti\ccsv7\tools\compiler\ti-cgt-arm_16.9.3.LTS\lib\</path>
         <kind>archive</kind>
         <file>rtsv7M4_T_le_v4SPD16_eabi.lib</file>
         <name>memcpy_t2.obj</name>
      </input_file>
      <input_file id="fl-c5">
         <path>C:\ti\ccsv7\tools\compiler\ti-cgt-arm_16.9.3.LTS\lib\</path>
         <kind>archive</kind>
         <file>rtsv7M4_T_le_v4SPD16_eabi.lib</file>
         <name>memset_t2.obj</name>
      </input_file>
      <input_file id="fl-c6">
         <path>C:\ti\ccsv7\tools\compiler\ti-cgt-arm_16.9.3.LTS\lib\</path>
         <kind>archive</kind>
         <file>rtsv7M4_T_le_v4SPD16_eabi.lib</file>
         <name>mpu_init.obj</name>
      </input_file>
      <input_file id="fl-c7">
         <path>C:\ti\ccsv7\tools\compiler\ti-cgt-arm_16.9.3.LTS\lib\</path>
         <kind>archive</kind>
         <file>rtsv7M4_T_le_v4SPD16_eabi.lib</file>
         <name>pre_init.obj</name>
      </input_file>
      <input_file id="fl-c8">
         <path>C:\ti\ccsv7\tools\compiler\ti-cgt-arm_16.9.3.LTS\lib\</path>
         <kind>archive</kind>
         <file>rtsv7M4_T_le_v4SPD16_eabi.lib</file>
         <name>stkdepth_vars.obj</name>
      </input_file>
      <input_file id="fl-c9">
         <path>C:\ti\ccsv7\tools\compiler\ti-cgt-arm_16.9.3.LTS\lib\</path>
         <kind>archive</kind>
         <file>rtsv7M4_T_le_v4SPD16_eabi.lib</file>
         <name>vsprintf.obj</name>
      </input_file>
      <input_file id="fl-ca">
         <path>C:\ti\ccsv7\tools\compiler\ti-cgt-arm_16.9.3.LTS\lib\</path>
         <kind>archive</kind>
         <file>rtsv7M4_T_le_v4SPD16_eabi.lib</file>
         <name>_lock.obj</name>
      </input_file>
      <input_file id="fl-cb">
         <path>C:\ti\ccsv7\tools\compiler\ti-cgt-arm_16.9.3.LTS\lib\</path>
         <kind>archive</kind>
         <file>rtsv7M4_T_le_v4SPD16_eabi.lib</file>
         <name>_printfi.obj</name>
      </input_file>
      <input_file id="fl-cc">
         <path>C:\ti\ccsv7\tools\compiler\ti-cgt-arm_16.9.3.LTS\lib\</path>
         <kind>archive</kind>
         <file>rtsv7M4_T_le_v4SPD16_eabi.lib</file>
         <name>args_main.obj</name>
      </input_file>
      <input_file id="fl-cd">
         <path>C:\ti\ccsv7\tools\compiler\ti-cgt-arm_16.9.3.LTS\lib\</path>
         <kind>archive</kind>
         <file>rtsv7M4_T_le_v4SPD16_eabi.lib</file>
         <name>atoi.obj</name>
      </input_file>
      <input_file id="fl-ce">
         <path>C:\ti\ccsv7\tools\compiler\ti-cgt-arm_16.9.3.LTS\lib\</path>
         <kind>archive</kind>
         <file>rtsv7M4_T_le_v4SPD16_eabi.lib</file>
         <name>autoinit.obj</name>
      </input_file>
      <input_file id="fl-cf">
         <path>C:\ti\ccsv7\tools\compiler\ti-cgt-arm_16.9.3.LTS\lib\</path>
         <kind>archive</kind>
         <file>rtsv7M4_T_le_v4SPD16_eabi.lib</file>
         <name>cpy_tbl.obj</name>
      </input_file>
      <input_file id="fl-d0">
         <path>C:\ti\ccsv7\tools\compiler\ti-cgt-arm_16.9.3.LTS\lib\</path>
         <kind>archive</kind>
         <file>rtsv7M4_T_le_v4SPD16_eabi.lib</file>
         <name>ctype.obj</name>
      </input_file>
      <input_file id="fl-d1">
         <path>C:\ti\ccsv7\tools\compiler\ti-cgt-arm_16.9.3.LTS\lib\</path>
         <kind>archive</kind>
         <file>rtsv7M4_T_le_v4SPD16_eabi.lib</file>
         <name>fd_add_t2.obj</name>
      </input_file>
      <input_file id="fl-d2">
         <path>C:\ti\ccsv7\tools\compiler\ti-cgt-arm_16.9.3.LTS\lib\</path>
         <kind>archive</kind>
         <file>rtsv7M4_T_le_v4SPD16_eabi.lib</file>
         <name>fd_cmp_t2.obj</name>
      </input_file>
      <input_file id="fl-d3">
         <path>C:\ti\ccsv7\tools\compiler\ti-cgt-arm_16.9.3.LTS\lib\</path>
         <kind>archive</kind>
         <file>rtsv7M4_T_le_v4SPD16_eabi.lib</file>
         <name>fd_div_t2.obj</name>
      </input_file>
      <input_file id="fl-d4">
         <path>C:\ti\ccsv7\tools\compiler\ti-cgt-arm_16.9.3.LTS\lib\</path>
         <kind>archive</kind>
         <file>rtsv7M4_T_le_v4SPD16_eabi.lib</file>
         <name>fd_mul_t2.obj</name>
      </input_file>
      <input_file id="fl-d5">
         <path>C:\ti\ccsv7\tools\compiler\ti-cgt-arm_16.9.3.LTS\lib\</path>
         <kind>archive</kind>
         <file>rtsv7M4_T_le_v4SPD16_eabi.lib</file>
         <name>fd_toi_t2.obj</name>
      </input_file>
      <input_file id="fl-d6">
         <path>C:\ti\ccsv7\tools\compiler\ti-cgt-arm_16.9.3.LTS\lib\</path>
         <kind>archive</kind>
         <file>rtsv7M4_T_le_v4SPD16_eabi.lib</file>
         <name>i_tofd_t2.obj</name>
      </input_file>
      <input_file id="fl-d7">
         <path>C:\ti\ccsv7\tools\compiler\ti-cgt-arm_16.9.3.LTS\lib\</path>
         <kind>archive</kind>
         <file>rtsv7M4_T_le_v4SPD16_eabi.lib</file>
         <name>ltoa.obj</name>
      </input_file>
      <input_file id="fl-d8">
         <path>C:\ti\ccsv7\tools\compiler\ti-cgt-arm_16.9.3.LTS\lib\</path>
         <kind>archive</kind>
         <file>rtsv7M4_T_le_v4SPD16_eabi.lib</file>
         <name>memccpy.obj</name>
      </input_file>
      <input_file id="fl-d9">
         <path>C:\ti\ccsv7\tools\compiler\ti-cgt-arm_16.9.3.LTS\lib\</path>
         <kind>archive</kind>
         <file>rtsv7M4_T_le_v4SPD16_eabi.lib</file>
         <name>s_frexp.obj</name>
      </input_file>
      <input_file id="fl-da">
         <path>C:\ti\ccsv7\tools\compiler\ti-cgt-arm_16.9.3.LTS\lib\</path>
         <kind>archive</kind>
         <file>rtsv7M4_T_le_v4SPD16_eabi.lib</file>
         <name>s_scalbn.obj</name>
      </input_file>
      <input_file id="fl-db">
         <path>C:\ti\ccsv7\tools\compiler\ti-cgt-arm_16.9.3.LTS\lib\</path>
         <kind>archive</kind>
         <file>rtsv7M4_T_le_v4SPD16_eabi.lib</file>
         <name>startup.obj</name>
      </input_file>
      <input_file id="fl-dc">
         <path>C:\ti\ccsv7\tools\compiler\ti-cgt-arm_16.9.3.LTS\lib\</path>
         <kind>archive</kind>
         <file>rtsv7M4_T_le_v4SPD16_eabi.lib</file>
         <name>strchr.obj</name>
      </input_file>
      <input_file id="fl-dd">
         <path>C:\ti\ccsv7\tools\compiler\ti-cgt-arm_16.9.3.LTS\lib\</path>
         <kind>archive</kind>
         <file>rtsv7M4_T_le_v4SPD16_eabi.lib</file>
         <name>strlen.obj</name>
      </input_file>
      <input_file id="fl-de">
         <path>C:\ti\ccsv7\tools\compiler\ti-cgt-arm_16.9.3.LTS\lib\</path>
         <kind>archive</kind>
         <file>rtsv7M4_T_le_v4SPD16_eabi.lib</file>
         <name>ull_div_t2.obj</name>
      </input_file>
      <input_file id="fl-df">
         <path>C:\ti\ccsv7\tools\compiler\ti-cgt-arm_16.9.3.LTS\lib\</path>
         <kind>archive</kind>
         <file>rtsv7M4_T_le_v4SPD16_eabi.lib</file>
         <name>errno.obj</name>
      </input_file>
      <input_file id="fl-e0">
         <path>C:\ti\ccsv7\tools\compiler\ti-cgt-arm_16.9.3.LTS\lib\</path>
         <kind>archive</kind>
         <file>rtsv7M4_T_le_v4SPD16_eabi.lib</file>
         <name>s_copysign.obj</name>
      </input_file>
   </input_file_list>
   <object_component_list>
      <object_component id="oc-f">
         <name>.intvecs</name>
         <load_address>0x0</load_address>
         <run_address>0x0</run_address>
         <size>0x26c</size>
         <input_file_ref idref="fl-3"/>
      </object_component>
      <object_component id="oc-d6">
         <name>.text</name>
         <load_address>0x26c</load_address>
         <run_address>0x26c</run_address>
         <size>0x113e</size>
         <input_file_ref idref="fl-cb"/>
      </object_component>
      <object_component id="oc-5d">
         <name>.text</name>
         <load_address>0x13aa</load_address>
         <run_address>0x13aa</run_address>
         <size>0x2</size>
         <input_file_ref idref="fl-c6"/>
      </object_component>
      <object_component id="oc-31">
         <name>.text</name>
         <load_address>0x13ac</load_address>
         <run_address>0x13ac</run_address>
         <size>0x38c</size>
         <input_file_ref idref="fl-2"/>
      </object_component>
      <object_component id="oc-109">
         <name>.text</name>
         <load_address>0x1738</load_address>
         <run_address>0x1738</run_address>
         <size>0x1f4</size>
         <input_file_ref idref="fl-de"/>
      </object_component>
      <object_component id="oc-138">
         <name>.text</name>
         <load_address>0x192c</load_address>
         <run_address>0x192c</run_address>
         <size>0x1b6</size>
         <input_file_ref idref="fl-d1"/>
      </object_component>
      <object_component id="oc-11e">
         <name>.text</name>
         <load_address>0x1ae2</load_address>
         <run_address>0x1ae2</run_address>
         <size>0x136</size>
         <input_file_ref idref="fl-d3"/>
      </object_component>
      <object_component id="oc-119">
         <name>.text</name>
         <load_address>0x1c18</load_address>
         <run_address>0x1c18</run_address>
         <size>0xfc</size>
         <input_file_ref idref="fl-d4"/>
      </object_component>
      <object_component id="oc-143">
         <name>.text</name>
         <load_address>0x1d14</load_address>
         <run_address>0x1d14</run_address>
         <size>0xfc</size>
         <input_file_ref idref="fl-da"/>
      </object_component>
      <object_component id="oc-45">
         <name>.text</name>
         <load_address>0x1e10</load_address>
         <run_address>0x1e10</run_address>
         <size>0x9c</size>
         <input_file_ref idref="fl-c4"/>
      </object_component>
      <object_component id="oc-114">
         <name>.text:__aeabi_cdcmple</name>
         <load_address>0x1eac</load_address>
         <run_address>0x1eac</run_address>
         <size>0x86</size>
         <input_file_ref idref="fl-d2"/>
      </object_component>
      <object_component id="oc-123">
         <name>.text:__aeabi_cdrcmple</name>
         <load_address>0x1f32</load_address>
         <run_address>0x1f32</run_address>
         <size>0x86</size>
         <input_file_ref idref="fl-d2"/>
      </object_component>
      <object_component id="oc-51">
         <name>.text</name>
         <load_address>0x1fb8</load_address>
         <run_address>0x1fb8</run_address>
         <size>0x7a</size>
         <input_file_ref idref="fl-c5"/>
      </object_component>
      <object_component id="oc-c1">
         <name>.text</name>
         <load_address>0x2032</load_address>
         <run_address>0x2032</run_address>
         <size>0x2</size>
         <input_file_ref idref="fl-db"/>
      </object_component>
      <object_component id="oc-69">
         <name>.text</name>
         <load_address>0x2034</load_address>
         <run_address>0x2034</run_address>
         <size>0x70</size>
         <input_file_ref idref="fl-ce"/>
      </object_component>
      <object_component id="oc-12">
         <name>.text:decompress:lzss</name>
         <load_address>0x20a4</load_address>
         <run_address>0x20a4</run_address>
         <size>0x68</size>
         <input_file_ref idref="fl-bf"/>
      </object_component>
      <object_component id="oc-13d">
         <name>.text</name>
         <load_address>0x210c</load_address>
         <run_address>0x210c</run_address>
         <size>0x64</size>
         <input_file_ref idref="fl-d9"/>
      </object_component>
      <object_component id="oc-24">
         <name>.text</name>
         <load_address>0x2170</load_address>
         <run_address>0x2170</run_address>
         <size>0x54</size>
         <input_file_ref idref="fl-be"/>
      </object_component>
      <object_component id="oc-75">
         <name>.text</name>
         <load_address>0x21c4</load_address>
         <run_address>0x21c4</run_address>
         <size>0x54</size>
         <input_file_ref idref="fl-c2"/>
      </object_component>
      <object_component id="oc-12d">
         <name>.text</name>
         <load_address>0x2218</load_address>
         <run_address>0x2218</run_address>
         <size>0x54</size>
         <input_file_ref idref="fl-d7"/>
      </object_component>
      <object_component id="oc-14f">
         <name>.text</name>
         <load_address>0x226c</load_address>
         <run_address>0x226c</run_address>
         <size>0x4c</size>
         <input_file_ref idref="fl-cd"/>
      </object_component>
      <object_component id="oc-bb">
         <name>.text</name>
         <load_address>0x22b8</load_address>
         <run_address>0x22b8</run_address>
         <size>0x4c</size>
         <input_file_ref idref="fl-cf"/>
      </object_component>
      <object_component id="oc-128">
         <name>.text</name>
         <load_address>0x2304</load_address>
         <run_address>0x2304</run_address>
         <size>0x48</size>
         <input_file_ref idref="fl-d5"/>
      </object_component>
      <object_component id="oc-80">
         <name>.text</name>
         <load_address>0x234c</load_address>
         <run_address>0x234c</run_address>
         <size>0x48</size>
         <input_file_ref idref="fl-c9"/>
      </object_component>
      <object_component id="oc-86">
         <name>.text</name>
         <load_address>0x2394</load_address>
         <run_address>0x2394</run_address>
         <size>0x38</size>
         <input_file_ref idref="fl-c3"/>
      </object_component>
      <object_component id="oc-133">
         <name>.text</name>
         <load_address>0x23cc</load_address>
         <run_address>0x23cc</run_address>
         <size>0x2e</size>
         <input_file_ref idref="fl-d6"/>
      </object_component>
      <object_component id="oc-155">
         <name>.text</name>
         <load_address>0x23fa</load_address>
         <run_address>0x23fa</run_address>
         <size>0x1c</size>
         <input_file_ref idref="fl-d8"/>
      </object_component>
      <object_component id="oc-6f">
         <name>.text</name>
         <load_address>0x2418</load_address>
         <run_address>0x2418</run_address>
         <size>0x18</size>
         <input_file_ref idref="fl-cc"/>
      </object_component>
      <object_component id="oc-149">
         <name>.text</name>
         <load_address>0x2430</load_address>
         <run_address>0x2430</run_address>
         <size>0x16</size>
         <input_file_ref idref="fl-dc"/>
      </object_component>
      <object_component id="oc-fd">
         <name>.text</name>
         <load_address>0x2448</load_address>
         <run_address>0x2448</run_address>
         <size>0x14</size>
         <input_file_ref idref="fl-ca"/>
      </object_component>
      <object_component id="oc-190">
         <name>.text</name>
         <load_address>0x245c</load_address>
         <run_address>0x245c</run_address>
         <size>0x14</size>
         <input_file_ref idref="fl-e0"/>
      </object_component>
      <object_component id="oc-10e">
         <name>.text</name>
         <load_address>0x2470</load_address>
         <run_address>0x2470</run_address>
         <size>0x14</size>
         <input_file_ref idref="fl-dd"/>
      </object_component>
      <object_component id="oc-18">
         <name>.text:decompress:none</name>
         <load_address>0x2484</load_address>
         <run_address>0x2484</run_address>
         <size>0xe</size>
         <input_file_ref idref="fl-c0"/>
      </object_component>
      <object_component id="oc-1e">
         <name>.text:decompress:ZI</name>
         <load_address>0x2492</load_address>
         <run_address>0x2492</run_address>
         <size>0xc</size>
         <input_file_ref idref="fl-c1"/>
      </object_component>
      <object_component id="oc-2b">
         <name>.text</name>
         <load_address>0x249e</load_address>
         <run_address>0x249e</run_address>
         <size>0xc</size>
         <input_file_ref idref="fl-3"/>
      </object_component>
      <object_component id="oc-63">
         <name>.text</name>
         <load_address>0x24aa</load_address>
         <run_address>0x24aa</run_address>
         <size>0x4</size>
         <input_file_ref idref="fl-c7"/>
      </object_component>
      <object_component id="oc-19d">
         <name>.const:.string:_ctypes_</name>
         <load_address>0x24ae</load_address>
         <run_address>0x24ae</run_address>
         <size>0x101</size>
         <input_file_ref idref="fl-d0"/>
      </object_component>
      <object_component id="oc-1e2">
         <name>.cinit..data.load</name>
         <load_address>0x25b0</load_address>
         <run_address>0x25b0</run_address>
         <size>0x14</size>
      </object_component>
      <object_component id="oc-1e0">
         <name>__TI_handler_table</name>
         <load_address>0x25c4</load_address>
         <run_address>0x25c4</run_address>
         <size>0xc</size>
      </object_component>
      <object_component id="oc-1e3">
         <name>.cinit..bss.load</name>
         <load_address>0x25d0</load_address>
         <run_address>0x25d0</run_address>
         <size>0x8</size>
      </object_component>
      <object_component id="oc-1e1">
         <name>__TI_cinit_table</name>
         <load_address>0x25d8</load_address>
         <run_address>0x25d8</run_address>
         <size>0x10</size>
      </object_component>
      <object_component id="oc-8e">
         <name>.data</name>
         <load_address>0x20000814</load_address>
         <run_address>0x20000814</run_address>
         <size>0x4</size>
         <input_file_ref idref="fl-2"/>
      </object_component>
      <object_component id="oc-cb">
         <name>.data:$O1$$</name>
         <load_address>0x20000800</load_address>
         <run_address>0x20000800</run_address>
         <size>0xc</size>
         <input_file_ref idref="fl-c2"/>
      </object_component>
      <object_component id="oc-7b">
         <name>.data</name>
         <load_address>0x2000081c</load_address>
         <run_address>0x2000081c</run_address>
         <size>0x4</size>
         <input_file_ref idref="fl-c8"/>
      </object_component>
      <object_component id="oc-ce">
         <name>.data:$O1$$</name>
         <load_address>0x2000080c</load_address>
         <run_address>0x2000080c</run_address>
         <size>0x8</size>
         <input_file_ref idref="fl-ca"/>
      </object_component>
      <object_component id="oc-196">
         <name>.data</name>
         <load_address>0x20000818</load_address>
         <run_address>0x20000818</run_address>
         <size>0x4</size>
         <input_file_ref idref="fl-df"/>
      </object_component>
      <object_component id="oc-8b">
         <name>.common:time</name>
         <uninitialized>true</uninitialized>
         <run_address>0x20000820</run_address>
         <size>0x10</size>
      </object_component>
      <object_component id="oc-2a">
         <name>.stack</name>
         <uninitialized>true</uninitialized>
         <run_address>0x20000000</run_address>
         <size>0x0</size>
         <input_file_ref idref="fl-be"/>
      </object_component>
      <object_component id="oc-1e4">
         <name>.stack</name>
         <uninitialized>true</uninitialized>
         <run_address>0x20000000</run_address>
         <size>0x0</size>
      </object_component>
      <object_component id="oc-8c">
         <name>.debug_info</name>
         <load_address>0x0</load_address>
         <run_address>0x0</run_address>
         <size>0x3ca</size>
         <input_file_ref idref="fl-2"/>
      </object_component>
      <object_component id="oc-8f">
         <name>.debug_info</name>
         <load_address>0x3ca</load_address>
         <run_address>0x3ca</run_address>
         <size>0xc4</size>
         <input_file_ref idref="fl-2"/>
      </object_component>
      <object_component id="oc-32">
         <name>.debug_info</name>
         <load_address>0x48e</load_address>
         <run_address>0x48e</run_address>
         <size>0x2bf</size>
         <input_file_ref idref="fl-2"/>
      </object_component>
      <object_component id="oc-97">
         <name>.debug_info</name>
         <load_address>0x74d</load_address>
         <run_address>0x74d</run_address>
         <size>0x8b</size>
         <input_file_ref idref="fl-2"/>
      </object_component>
      <object_component id="oc-9e">
         <name>.debug_info</name>
         <load_address>0x7d8</load_address>
         <run_address>0x7d8</run_address>
         <size>0x18b</size>
         <input_file_ref idref="fl-2"/>
      </object_component>
      <object_component id="oc-92">
         <name>.debug_info</name>
         <load_address>0x963</load_address>
         <run_address>0x963</run_address>
         <size>0x4e</size>
         <input_file_ref idref="fl-2"/>
      </object_component>
      <object_component id="oc-39">
         <name>.debug_info</name>
         <load_address>0x9b1</load_address>
         <run_address>0x9b1</run_address>
         <size>0x2b9</size>
         <input_file_ref idref="fl-3"/>
      </object_component>
      <object_component id="oc-10">
         <name>.debug_info</name>
         <load_address>0xc6a</load_address>
         <run_address>0xc6a</run_address>
         <size>0xe4</size>
         <input_file_ref idref="fl-3"/>
      </object_component>
      <object_component id="oc-2e">
         <name>.debug_info</name>
         <load_address>0xd4e</load_address>
         <run_address>0xd4e</run_address>
         <size>0x260</size>
         <input_file_ref idref="fl-3"/>
      </object_component>
      <object_component id="oc-40">
         <name>.debug_info</name>
         <load_address>0xfae</load_address>
         <run_address>0xfae</run_address>
         <size>0x84</size>
         <input_file_ref idref="fl-3"/>
      </object_component>
      <object_component id="oc-27">
         <name>.debug_info</name>
         <load_address>0x1032</load_address>
         <run_address>0x1032</run_address>
         <size>0x160</size>
         <input_file_ref idref="fl-be"/>
      </object_component>
      <object_component id="oc-a8">
         <name>.debug_info</name>
         <load_address>0x1192</load_address>
         <run_address>0x1192</run_address>
         <size>0x293</size>
         <input_file_ref idref="fl-bf"/>
      </object_component>
      <object_component id="oc-13">
         <name>.debug_info</name>
         <load_address>0x1425</load_address>
         <run_address>0x1425</run_address>
         <size>0x245</size>
         <input_file_ref idref="fl-bf"/>
      </object_component>
      <object_component id="oc-3b">
         <name>.debug_info</name>
         <load_address>0x166a</load_address>
         <run_address>0x166a</run_address>
         <size>0x60</size>
         <input_file_ref idref="fl-bf"/>
      </object_component>
      <object_component id="oc-a3">
         <name>.debug_info</name>
         <load_address>0x16ca</load_address>
         <run_address>0x16ca</run_address>
         <size>0x46</size>
         <input_file_ref idref="fl-bf"/>
      </object_component>
      <object_component id="oc-50">
         <name>.debug_info</name>
         <load_address>0x1710</load_address>
         <run_address>0x1710</run_address>
         <size>0x2da</size>
         <input_file_ref idref="fl-c0"/>
      </object_component>
      <object_component id="oc-19">
         <name>.debug_info</name>
         <load_address>0x19ea</load_address>
         <run_address>0x19ea</run_address>
         <size>0x1df</size>
         <input_file_ref idref="fl-c0"/>
      </object_component>
      <object_component id="oc-4b">
         <name>.debug_info</name>
         <load_address>0x1bc9</load_address>
         <run_address>0x1bc9</run_address>
         <size>0x46</size>
         <input_file_ref idref="fl-c0"/>
      </object_component>
      <object_component id="oc-aa">
         <name>.debug_info</name>
         <load_address>0x1c0f</load_address>
         <run_address>0x1c0f</run_address>
         <size>0x2c</size>
         <input_file_ref idref="fl-c0"/>
      </object_component>
      <object_component id="oc-5c">
         <name>.debug_info</name>
         <load_address>0x1c3b</load_address>
         <run_address>0x1c3b</run_address>
         <size>0x2c9</size>
         <input_file_ref idref="fl-c1"/>
      </object_component>
      <object_component id="oc-20">
         <name>.debug_info</name>
         <load_address>0x1f04</load_address>
         <run_address>0x1f04</run_address>
         <size>0x1aa</size>
         <input_file_ref idref="fl-c1"/>
      </object_component>
      <object_component id="oc-57">
         <name>.debug_info</name>
         <load_address>0x20ae</load_address>
         <run_address>0x20ae</run_address>
         <size>0x46</size>
         <input_file_ref idref="fl-c1"/>
      </object_component>
      <object_component id="oc-b2">
         <name>.debug_info</name>
         <load_address>0x20f4</load_address>
         <run_address>0x20f4</run_address>
         <size>0x2c</size>
         <input_file_ref idref="fl-c1"/>
      </object_component>
      <object_component id="oc-d2">
         <name>.debug_info</name>
         <load_address>0x2120</load_address>
         <run_address>0x2120</run_address>
         <size>0x3ce</size>
         <input_file_ref idref="fl-c2"/>
      </object_component>
      <object_component id="oc-cc">
         <name>.debug_info</name>
         <load_address>0x24ee</load_address>
         <run_address>0x24ee</run_address>
         <size>0x185</size>
         <input_file_ref idref="fl-c2"/>
      </object_component>
      <object_component id="oc-76">
         <name>.debug_info</name>
         <load_address>0x2673</load_address>
         <run_address>0x2673</run_address>
         <size>0x214</size>
         <input_file_ref idref="fl-c2"/>
      </object_component>
      <object_component id="oc-89">
         <name>.debug_info</name>
         <load_address>0x2887</load_address>
         <run_address>0x2887</run_address>
         <size>0x124</size>
         <input_file_ref idref="fl-c3"/>
      </object_component>
      <object_component id="oc-46">
         <name>.debug_info</name>
         <load_address>0x29ab</load_address>
         <run_address>0x29ab</run_address>
         <size>0x111</size>
         <input_file_ref idref="fl-c4"/>
      </object_component>
      <object_component id="oc-54">
         <name>.debug_info</name>
         <load_address>0x2abc</load_address>
         <run_address>0x2abc</run_address>
         <size>0x13f</size>
         <input_file_ref idref="fl-c5"/>
      </object_component>
      <object_component id="oc-60">
         <name>.debug_info</name>
         <load_address>0x2bfb</load_address>
         <run_address>0x2bfb</run_address>
         <size>0x138</size>
         <input_file_ref idref="fl-c6"/>
      </object_component>
      <object_component id="oc-67">
         <name>.debug_info</name>
         <load_address>0x2d33</load_address>
         <run_address>0x2d33</run_address>
         <size>0x148</size>
         <input_file_ref idref="fl-c7"/>
      </object_component>
      <object_component id="oc-7c">
         <name>.debug_info</name>
         <load_address>0x2e7b</load_address>
         <run_address>0x2e7b</run_address>
         <size>0x109</size>
         <input_file_ref idref="fl-c8"/>
      </object_component>
      <object_component id="oc-dd">
         <name>.debug_info</name>
         <load_address>0x2f84</load_address>
         <run_address>0x2f84</run_address>
         <size>0x35b</size>
         <input_file_ref idref="fl-c9"/>
      </object_component>
      <object_component id="oc-83">
         <name>.debug_info</name>
         <load_address>0x32df</load_address>
         <run_address>0x32df</run_address>
         <size>0x311</size>
         <input_file_ref idref="fl-c9"/>
      </object_component>
      <object_component id="oc-167">
         <name>.debug_info</name>
         <load_address>0x35f0</load_address>
         <run_address>0x35f0</run_address>
         <size>0x2c</size>
         <input_file_ref idref="fl-c9"/>
      </object_component>
      <object_component id="oc-105">
         <name>.debug_info</name>
         <load_address>0x361c</load_address>
         <run_address>0x361c</run_address>
         <size>0x2be</size>
         <input_file_ref idref="fl-ca"/>
      </object_component>
      <object_component id="oc-cf">
         <name>.debug_info</name>
         <load_address>0x38da</load_address>
         <run_address>0x38da</run_address>
         <size>0x113</size>
         <input_file_ref idref="fl-ca"/>
      </object_component>
      <object_component id="oc-fe">
         <name>.debug_info</name>
         <load_address>0x39ed</load_address>
         <run_address>0x39ed</run_address>
         <size>0x21f</size>
         <input_file_ref idref="fl-ca"/>
      </object_component>
      <object_component id="oc-15c">
         <name>.debug_info</name>
         <load_address>0x3c0c</load_address>
         <run_address>0x3c0c</run_address>
         <size>0x51f</size>
         <input_file_ref idref="fl-cb"/>
      </object_component>
      <object_component id="oc-d8">
         <name>.debug_info</name>
         <load_address>0x412b</load_address>
         <run_address>0x412b</run_address>
         <size>0x1543</size>
         <input_file_ref idref="fl-cb"/>
      </object_component>
      <object_component id="oc-15d">
         <name>.debug_info</name>
         <load_address>0x566e</load_address>
         <run_address>0x566e</run_address>
         <size>0x86</size>
         <input_file_ref idref="fl-cb"/>
      </object_component>
      <object_component id="oc-1a6">
         <name>.debug_info</name>
         <load_address>0x56f4</load_address>
         <run_address>0x56f4</run_address>
         <size>0x46</size>
         <input_file_ref idref="fl-cb"/>
      </object_component>
      <object_component id="oc-162">
         <name>.debug_info</name>
         <load_address>0x573a</load_address>
         <run_address>0x573a</run_address>
         <size>0x39</size>
         <input_file_ref idref="fl-cb"/>
      </object_component>
      <object_component id="oc-ca">
         <name>.debug_info</name>
         <load_address>0x5773</load_address>
         <run_address>0x5773</run_address>
         <size>0x300</size>
         <input_file_ref idref="fl-cc"/>
      </object_component>
      <object_component id="oc-70">
         <name>.debug_info</name>
         <load_address>0x5a73</load_address>
         <run_address>0x5a73</run_address>
         <size>0x167</size>
         <input_file_ref idref="fl-cc"/>
      </object_component>
      <object_component id="oc-f6">
         <name>.debug_info</name>
         <load_address>0x5bda</load_address>
         <run_address>0x5bda</run_address>
         <size>0x5e</size>
         <input_file_ref idref="fl-cc"/>
      </object_component>
      <object_component id="oc-1a1">
         <name>.debug_info</name>
         <load_address>0x5c38</load_address>
         <run_address>0x5c38</run_address>
         <size>0x2ae</size>
         <input_file_ref idref="fl-cd"/>
      </object_component>
      <object_component id="oc-151">
         <name>.debug_info</name>
         <load_address>0x5ee6</load_address>
         <run_address>0x5ee6</run_address>
         <size>0x171</size>
         <input_file_ref idref="fl-cd"/>
      </object_component>
      <object_component id="oc-c8">
         <name>.debug_info</name>
         <load_address>0x6057</load_address>
         <run_address>0x6057</run_address>
         <size>0x483</size>
         <input_file_ref idref="fl-ce"/>
      </object_component>
      <object_component id="oc-6a">
         <name>.debug_info</name>
         <load_address>0x64da</load_address>
         <run_address>0x64da</run_address>
         <size>0x190</size>
         <input_file_ref idref="fl-ce"/>
      </object_component>
      <object_component id="oc-ea">
         <name>.debug_info</name>
         <load_address>0x666a</load_address>
         <run_address>0x666a</run_address>
         <size>0x39</size>
         <input_file_ref idref="fl-ce"/>
      </object_component>
      <object_component id="oc-175">
         <name>.debug_info</name>
         <load_address>0x66a3</load_address>
         <run_address>0x66a3</run_address>
         <size>0x39</size>
         <input_file_ref idref="fl-ce"/>
      </object_component>
      <object_component id="oc-ef">
         <name>.debug_info</name>
         <load_address>0x66dc</load_address>
         <run_address>0x66dc</run_address>
         <size>0xcd</size>
         <input_file_ref idref="fl-ce"/>
      </object_component>
      <object_component id="oc-e6">
         <name>.debug_info</name>
         <load_address>0x67a9</load_address>
         <run_address>0x67a9</run_address>
         <size>0x37a</size>
         <input_file_ref idref="fl-cf"/>
      </object_component>
      <object_component id="oc-be">
         <name>.debug_info</name>
         <load_address>0x6b23</load_address>
         <run_address>0x6b23</run_address>
         <size>0x183</size>
         <input_file_ref idref="fl-cf"/>
      </object_component>
      <object_component id="oc-170">
         <name>.debug_info</name>
         <load_address>0x6ca6</load_address>
         <run_address>0x6ca6</run_address>
         <size>0x2c</size>
         <input_file_ref idref="fl-cf"/>
      </object_component>
      <object_component id="oc-1ba">
         <name>.debug_info</name>
         <load_address>0x6cd2</load_address>
         <run_address>0x6cd2</run_address>
         <size>0xee</size>
         <input_file_ref idref="fl-d0"/>
      </object_component>
      <object_component id="oc-19e">
         <name>.debug_info</name>
         <load_address>0x6dc0</load_address>
         <run_address>0x6dc0</run_address>
         <size>0xfa</size>
         <input_file_ref idref="fl-d0"/>
      </object_component>
      <object_component id="oc-139">
         <name>.debug_info</name>
         <load_address>0x6eba</load_address>
         <run_address>0x6eba</run_address>
         <size>0x144</size>
         <input_file_ref idref="fl-d1"/>
      </object_component>
      <object_component id="oc-117">
         <name>.debug_info</name>
         <load_address>0x6ffe</load_address>
         <run_address>0x6ffe</run_address>
         <size>0x120</size>
         <input_file_ref idref="fl-d2"/>
      </object_component>
      <object_component id="oc-125">
         <name>.debug_info</name>
         <load_address>0x711e</load_address>
         <run_address>0x711e</run_address>
         <size>0x122</size>
         <input_file_ref idref="fl-d2"/>
      </object_component>
      <object_component id="oc-120">
         <name>.debug_info</name>
         <load_address>0x7240</load_address>
         <run_address>0x7240</run_address>
         <size>0x132</size>
         <input_file_ref idref="fl-d3"/>
      </object_component>
      <object_component id="oc-11a">
         <name>.debug_info</name>
         <load_address>0x7372</load_address>
         <run_address>0x7372</run_address>
         <size>0x132</size>
         <input_file_ref idref="fl-d4"/>
      </object_component>
      <object_component id="oc-129">
         <name>.debug_info</name>
         <load_address>0x74a4</load_address>
         <run_address>0x74a4</run_address>
         <size>0x126</size>
         <input_file_ref idref="fl-d5"/>
      </object_component>
      <object_component id="oc-134">
         <name>.debug_info</name>
         <load_address>0x75ca</load_address>
         <run_address>0x75ca</run_address>
         <size>0x124</size>
         <input_file_ref idref="fl-d6"/>
      </object_component>
      <object_component id="oc-186">
         <name>.debug_info</name>
         <load_address>0x76ee</load_address>
         <run_address>0x76ee</run_address>
         <size>0x2e6</size>
         <input_file_ref idref="fl-d7"/>
      </object_component>
      <object_component id="oc-130">
         <name>.debug_info</name>
         <load_address>0x79d4</load_address>
         <run_address>0x79d4</run_address>
         <size>0x1c2</size>
         <input_file_ref idref="fl-d7"/>
      </object_component>
      <object_component id="oc-1a3">
         <name>.debug_info</name>
         <load_address>0x7b96</load_address>
         <run_address>0x7b96</run_address>
         <size>0x28b</size>
         <input_file_ref idref="fl-d8"/>
      </object_component>
      <object_component id="oc-159">
         <name>.debug_info</name>
         <load_address>0x7e21</load_address>
         <run_address>0x7e21</run_address>
         <size>0x1ab</size>
         <input_file_ref idref="fl-d8"/>
      </object_component>
      <object_component id="oc-18a">
         <name>.debug_info</name>
         <load_address>0x7fcc</load_address>
         <run_address>0x7fcc</run_address>
         <size>0x2d9</size>
         <input_file_ref idref="fl-d9"/>
      </object_component>
      <object_component id="oc-13e">
         <name>.debug_info</name>
         <load_address>0x82a5</load_address>
         <run_address>0x82a5</run_address>
         <size>0x18a</size>
         <input_file_ref idref="fl-d9"/>
      </object_component>
      <object_component id="oc-18b">
         <name>.debug_info</name>
         <load_address>0x842f</load_address>
         <run_address>0x842f</run_address>
         <size>0x2c</size>
         <input_file_ref idref="fl-d9"/>
      </object_component>
      <object_component id="oc-19a">
         <name>.debug_info</name>
         <load_address>0x845b</load_address>
         <run_address>0x845b</run_address>
         <size>0x316</size>
         <input_file_ref idref="fl-da"/>
      </object_component>
      <object_component id="oc-144">
         <name>.debug_info</name>
         <load_address>0x8771</load_address>
         <run_address>0x8771</run_address>
         <size>0x1d5</size>
         <input_file_ref idref="fl-da"/>
      </object_component>
      <object_component id="oc-c4">
         <name>.debug_info</name>
         <load_address>0x8946</load_address>
         <run_address>0x8946</run_address>
         <size>0x145</size>
         <input_file_ref idref="fl-db"/>
      </object_component>
      <object_component id="oc-19c">
         <name>.debug_info</name>
         <load_address>0x8a8b</load_address>
         <run_address>0x8a8b</run_address>
         <size>0x28f</size>
         <input_file_ref idref="fl-dc"/>
      </object_component>
      <object_component id="oc-14a">
         <name>.debug_info</name>
         <load_address>0x8d1a</load_address>
         <run_address>0x8d1a</run_address>
         <size>0x244</size>
         <input_file_ref idref="fl-dc"/>
      </object_component>
      <object_component id="oc-17f">
         <name>.debug_info</name>
         <load_address>0x8f5e</load_address>
         <run_address>0x8f5e</run_address>
         <size>0x284</size>
         <input_file_ref idref="fl-dd"/>
      </object_component>
      <object_component id="oc-110">
         <name>.debug_info</name>
         <load_address>0x91e2</load_address>
         <run_address>0x91e2</run_address>
         <size>0x22a</size>
         <input_file_ref idref="fl-dd"/>
      </object_component>
      <object_component id="oc-10b">
         <name>.debug_info</name>
         <load_address>0x940c</load_address>
         <run_address>0x940c</run_address>
         <size>0x17d</size>
         <input_file_ref idref="fl-de"/>
      </object_component>
      <object_component id="oc-197">
         <name>.debug_info</name>
         <load_address>0x9589</load_address>
         <run_address>0x9589</run_address>
         <size>0xf3</size>
         <input_file_ref idref="fl-df"/>
      </object_component>
      <object_component id="oc-191">
         <name>.debug_info</name>
         <load_address>0x967c</load_address>
         <run_address>0x967c</run_address>
         <size>0x156</size>
         <input_file_ref idref="fl-e0"/>
      </object_component>
      <object_component id="oc-1e5">
         <name>.debug_info</name>
         <load_address>0x97d2</load_address>
         <run_address>0x97d2</run_address>
         <size>0x9a</size>
      </object_component>
      <object_component id="oc-e0">
         <name>.debug_line</name>
         <load_address>0x0</load_address>
         <run_address>0x0</run_address>
         <size>0x71</size>
         <input_file_ref idref="fl-2"/>
      </object_component>
      <object_component id="oc-e2">
         <name>.debug_line</name>
         <load_address>0x71</load_address>
         <run_address>0x71</run_address>
         <size>0x2d</size>
         <input_file_ref idref="fl-2"/>
      </object_component>
      <object_component id="oc-35">
         <name>.debug_line</name>
         <load_address>0x9e</load_address>
         <run_address>0x9e</run_address>
         <size>0xd3</size>
         <input_file_ref idref="fl-2"/>
      </object_component>
      <object_component id="oc-9a">
         <name>.debug_line</name>
         <load_address>0x171</load_address>
         <run_address>0x171</run_address>
         <size>0x20</size>
         <input_file_ref idref="fl-2"/>
      </object_component>
      <object_component id="oc-a1">
         <name>.debug_line</name>
         <load_address>0x191</load_address>
         <run_address>0x191</run_address>
         <size>0x65</size>
         <input_file_ref idref="fl-2"/>
      </object_component>
      <object_component id="oc-95">
         <name>.debug_line</name>
         <load_address>0x1f6</load_address>
         <run_address>0x1f6</run_address>
         <size>0x65</size>
         <input_file_ref idref="fl-2"/>
      </object_component>
      <object_component id="oc-9d">
         <name>.debug_line</name>
         <load_address>0x25b</load_address>
         <run_address>0x25b</run_address>
         <size>0x41</size>
         <input_file_ref idref="fl-3"/>
      </object_component>
      <object_component id="oc-38">
         <name>.debug_line</name>
         <load_address>0x29c</load_address>
         <run_address>0x29c</run_address>
         <size>0x41</size>
         <input_file_ref idref="fl-3"/>
      </object_component>
      <object_component id="oc-2d">
         <name>.debug_line</name>
         <load_address>0x2dd</load_address>
         <run_address>0x2dd</run_address>
         <size>0xa1</size>
         <input_file_ref idref="fl-3"/>
      </object_component>
      <object_component id="oc-43">
         <name>.debug_line</name>
         <load_address>0x37e</load_address>
         <run_address>0x37e</run_address>
         <size>0x20</size>
         <input_file_ref idref="fl-3"/>
      </object_component>
      <object_component id="oc-25">
         <name>.debug_line</name>
         <load_address>0x39e</load_address>
         <run_address>0x39e</run_address>
         <size>0x53</size>
         <input_file_ref idref="fl-be"/>
      </object_component>
      <object_component id="oc-e4">
         <name>.debug_line</name>
         <load_address>0x3f1</load_address>
         <run_address>0x3f1</run_address>
         <size>0x20</size>
         <input_file_ref idref="fl-bf"/>
      </object_component>
      <object_component id="oc-16">
         <name>.debug_line</name>
         <load_address>0x411</load_address>
         <run_address>0x411</run_address>
         <size>0xa9</size>
         <input_file_ref idref="fl-bf"/>
      </object_component>
      <object_component id="oc-3e">
         <name>.debug_line</name>
         <load_address>0x4ba</load_address>
         <run_address>0x4ba</run_address>
         <size>0x3a</size>
         <input_file_ref idref="fl-bf"/>
      </object_component>
      <object_component id="oc-a6">
         <name>.debug_line</name>
         <load_address>0x4f4</load_address>
         <run_address>0x4f4</run_address>
         <size>0x8a</size>
         <input_file_ref idref="fl-bf"/>
      </object_component>
      <object_component id="oc-b0">
         <name>.debug_line</name>
         <load_address>0x57e</load_address>
         <run_address>0x57e</run_address>
         <size>0x8a</size>
         <input_file_ref idref="fl-c0"/>
      </object_component>
      <object_component id="oc-1c">
         <name>.debug_line</name>
         <load_address>0x608</load_address>
         <run_address>0x608</run_address>
         <size>0x55</size>
         <input_file_ref idref="fl-c0"/>
      </object_component>
      <object_component id="oc-4e">
         <name>.debug_line</name>
         <load_address>0x65d</load_address>
         <run_address>0x65d</run_address>
         <size>0x3a</size>
         <input_file_ref idref="fl-c0"/>
      </object_component>
      <object_component id="oc-ad">
         <name>.debug_line</name>
         <load_address>0x697</load_address>
         <run_address>0x697</run_address>
         <size>0x8a</size>
         <input_file_ref idref="fl-c0"/>
      </object_component>
      <object_component id="oc-b8">
         <name>.debug_line</name>
         <load_address>0x721</load_address>
         <run_address>0x721</run_address>
         <size>0x8a</size>
         <input_file_ref idref="fl-c1"/>
      </object_component>
      <object_component id="oc-23">
         <name>.debug_line</name>
         <load_address>0x7ab</load_address>
         <run_address>0x7ab</run_address>
         <size>0x4f</size>
         <input_file_ref idref="fl-c1"/>
      </object_component>
      <object_component id="oc-5a">
         <name>.debug_line</name>
         <load_address>0x7fa</load_address>
         <run_address>0x7fa</run_address>
         <size>0x34</size>
         <input_file_ref idref="fl-c1"/>
      </object_component>
      <object_component id="oc-b5">
         <name>.debug_line</name>
         <load_address>0x82e</load_address>
         <run_address>0x82e</run_address>
         <size>0x8a</size>
         <input_file_ref idref="fl-c1"/>
      </object_component>
      <object_component id="oc-108">
         <name>.debug_line</name>
         <load_address>0x8b8</load_address>
         <run_address>0x8b8</run_address>
         <size>0xf2</size>
         <input_file_ref idref="fl-c2"/>
      </object_component>
      <object_component id="oc-fc">
         <name>.debug_line</name>
         <load_address>0x9aa</load_address>
         <run_address>0x9aa</run_address>
         <size>0x2a</size>
         <input_file_ref idref="fl-c2"/>
      </object_component>
      <object_component id="oc-79">
         <name>.debug_line</name>
         <load_address>0x9d4</load_address>
         <run_address>0x9d4</run_address>
         <size>0x86</size>
         <input_file_ref idref="fl-c2"/>
      </object_component>
      <object_component id="oc-87">
         <name>.debug_line</name>
         <load_address>0xa5a</load_address>
         <run_address>0xa5a</run_address>
         <size>0x57</size>
         <input_file_ref idref="fl-c3"/>
      </object_component>
      <object_component id="oc-49">
         <name>.debug_line</name>
         <load_address>0xab1</load_address>
         <run_address>0xab1</run_address>
         <size>0x88</size>
         <input_file_ref idref="fl-c4"/>
      </object_component>
      <object_component id="oc-53">
         <name>.debug_line</name>
         <load_address>0xb39</load_address>
         <run_address>0xb39</run_address>
         <size>0x79</size>
         <input_file_ref idref="fl-c5"/>
      </object_component>
      <object_component id="oc-5e">
         <name>.debug_line</name>
         <load_address>0xbb2</load_address>
         <run_address>0xbb2</run_address>
         <size>0x3d</size>
         <input_file_ref idref="fl-c6"/>
      </object_component>
      <object_component id="oc-65">
         <name>.debug_line</name>
         <load_address>0xbef</load_address>
         <run_address>0xbef</run_address>
         <size>0x40</size>
         <input_file_ref idref="fl-c7"/>
      </object_component>
      <object_component id="oc-d5">
         <name>.debug_line</name>
         <load_address>0xc2f</load_address>
         <run_address>0xc2f</run_address>
         <size>0x33</size>
         <input_file_ref idref="fl-c8"/>
      </object_component>
      <object_component id="oc-16d">
         <name>.debug_line</name>
         <load_address>0xc62</load_address>
         <run_address>0xc62</run_address>
         <size>0x98</size>
         <input_file_ref idref="fl-c9"/>
      </object_component>
      <object_component id="oc-85">
         <name>.debug_line</name>
         <load_address>0xcfa</load_address>
         <run_address>0xcfa</run_address>
         <size>0x89</size>
         <input_file_ref idref="fl-c9"/>
      </object_component>
      <object_component id="oc-16a">
         <name>.debug_line</name>
         <load_address>0xd83</load_address>
         <run_address>0xd83</run_address>
         <size>0x89</size>
         <input_file_ref idref="fl-c9"/>
      </object_component>
      <object_component id="oc-17c">
         <name>.debug_line</name>
         <load_address>0xe0c</load_address>
         <run_address>0xe0c</run_address>
         <size>0x20</size>
         <input_file_ref idref="fl-ca"/>
      </object_component>
      <object_component id="oc-104">
         <name>.debug_line</name>
         <load_address>0xe2c</load_address>
         <run_address>0xe2c</run_address>
         <size>0x2b</size>
         <input_file_ref idref="fl-ca"/>
      </object_component>
      <object_component id="oc-102">
         <name>.debug_line</name>
         <load_address>0xe57</load_address>
         <run_address>0xe57</run_address>
         <size>0x68</size>
         <input_file_ref idref="fl-ca"/>
      </object_component>
      <object_component id="oc-1a5">
         <name>.debug_line</name>
         <load_address>0xebf</load_address>
         <run_address>0xebf</run_address>
         <size>0x16a</size>
         <input_file_ref idref="fl-cb"/>
      </object_component>
      <object_component id="oc-db">
         <name>.debug_line</name>
         <load_address>0x1029</load_address>
         <run_address>0x1029</run_address>
         <size>0xc44</size>
         <input_file_ref idref="fl-cb"/>
      </object_component>
      <object_component id="oc-160">
         <name>.debug_line</name>
         <load_address>0x1c6d</load_address>
         <run_address>0x1c6d</run_address>
         <size>0x8a</size>
         <input_file_ref idref="fl-cb"/>
      </object_component>
      <object_component id="oc-1a9">
         <name>.debug_line</name>
         <load_address>0x1cf7</load_address>
         <run_address>0x1cf7</run_address>
         <size>0x8a</size>
         <input_file_ref idref="fl-cb"/>
      </object_component>
      <object_component id="oc-165">
         <name>.debug_line</name>
         <load_address>0x1d81</load_address>
         <run_address>0x1d81</run_address>
         <size>0x2e</size>
         <input_file_ref idref="fl-cb"/>
      </object_component>
      <object_component id="oc-f5">
         <name>.debug_line</name>
         <load_address>0x1daf</load_address>
         <run_address>0x1daf</run_address>
         <size>0x2b</size>
         <input_file_ref idref="fl-cc"/>
      </object_component>
      <object_component id="oc-73">
         <name>.debug_line</name>
         <load_address>0x1dda</load_address>
         <run_address>0x1dda</run_address>
         <size>0x4a</size>
         <input_file_ref idref="fl-cc"/>
      </object_component>
      <object_component id="oc-f9">
         <name>.debug_line</name>
         <load_address>0x1e24</load_address>
         <run_address>0x1e24</run_address>
         <size>0x2b</size>
         <input_file_ref idref="fl-cc"/>
      </object_component>
      <object_component id="oc-1bc">
         <name>.debug_line</name>
         <load_address>0x1e4f</load_address>
         <run_address>0x1e4f</run_address>
         <size>0x89</size>
         <input_file_ref idref="fl-cd"/>
      </object_component>
      <object_component id="oc-150">
         <name>.debug_line</name>
         <load_address>0x1ed8</load_address>
         <run_address>0x1ed8</run_address>
         <size>0x63</size>
         <input_file_ref idref="fl-cd"/>
      </object_component>
      <object_component id="oc-e9">
         <name>.debug_line</name>
         <load_address>0x1f3b</load_address>
         <run_address>0x1f3b</run_address>
         <size>0xa9</size>
         <input_file_ref idref="fl-ce"/>
      </object_component>
      <object_component id="oc-6d">
         <name>.debug_line</name>
         <load_address>0x1fe4</load_address>
         <run_address>0x1fe4</run_address>
         <size>0x8b</size>
         <input_file_ref idref="fl-ce"/>
      </object_component>
      <object_component id="oc-ed">
         <name>.debug_line</name>
         <load_address>0x206f</load_address>
         <run_address>0x206f</run_address>
         <size>0x2e</size>
         <input_file_ref idref="fl-ce"/>
      </object_component>
      <object_component id="oc-178">
         <name>.debug_line</name>
         <load_address>0x209d</load_address>
         <run_address>0x209d</run_address>
         <size>0x8a</size>
         <input_file_ref idref="fl-ce"/>
      </object_component>
      <object_component id="oc-f2">
         <name>.debug_line</name>
         <load_address>0x2127</load_address>
         <run_address>0x2127</run_address>
         <size>0x8b</size>
         <input_file_ref idref="fl-ce"/>
      </object_component>
      <object_component id="oc-16f">
         <name>.debug_line</name>
         <load_address>0x21b2</load_address>
         <run_address>0x21b2</run_address>
         <size>0x98</size>
         <input_file_ref idref="fl-cf"/>
      </object_component>
      <object_component id="oc-bc">
         <name>.debug_line</name>
         <load_address>0x224a</load_address>
         <run_address>0x224a</run_address>
         <size>0x68</size>
         <input_file_ref idref="fl-cf"/>
      </object_component>
      <object_component id="oc-173">
         <name>.debug_line</name>
         <load_address>0x22b2</load_address>
         <run_address>0x22b2</run_address>
         <size>0x2e</size>
         <input_file_ref idref="fl-cf"/>
      </object_component>
      <object_component id="oc-1c0">
         <name>.debug_line</name>
         <load_address>0x22e0</load_address>
         <run_address>0x22e0</run_address>
         <size>0x20</size>
         <input_file_ref idref="fl-d0"/>
      </object_component>
      <object_component id="oc-1b9">
         <name>.debug_line</name>
         <load_address>0x2300</load_address>
         <run_address>0x2300</run_address>
         <size>0x2b</size>
         <input_file_ref idref="fl-d0"/>
      </object_component>
      <object_component id="oc-13c">
         <name>.debug_line</name>
         <load_address>0x232b</load_address>
         <run_address>0x232b</run_address>
         <size>0xd2</size>
         <input_file_ref idref="fl-d1"/>
      </object_component>
      <object_component id="oc-116">
         <name>.debug_line</name>
         <load_address>0x23fd</load_address>
         <run_address>0x23fd</run_address>
         <size>0x77</size>
         <input_file_ref idref="fl-d2"/>
      </object_component>
      <object_component id="oc-127">
         <name>.debug_line</name>
         <load_address>0x2474</load_address>
         <run_address>0x2474</run_address>
         <size>0x77</size>
         <input_file_ref idref="fl-d2"/>
      </object_component>
      <object_component id="oc-122">
         <name>.debug_line</name>
         <load_address>0x24eb</load_address>
         <run_address>0x24eb</run_address>
         <size>0xa8</size>
         <input_file_ref idref="fl-d3"/>
      </object_component>
      <object_component id="oc-11d">
         <name>.debug_line</name>
         <load_address>0x2593</load_address>
         <run_address>0x2593</run_address>
         <size>0x8e</size>
         <input_file_ref idref="fl-d4"/>
      </object_component>
      <object_component id="oc-12c">
         <name>.debug_line</name>
         <load_address>0x2621</load_address>
         <run_address>0x2621</run_address>
         <size>0x5a</size>
         <input_file_ref idref="fl-d5"/>
      </object_component>
      <object_component id="oc-137">
         <name>.debug_line</name>
         <load_address>0x267b</load_address>
         <run_address>0x267b</run_address>
         <size>0x50</size>
         <input_file_ref idref="fl-d6"/>
      </object_component>
      <object_component id="oc-1ae">
         <name>.debug_line</name>
         <load_address>0x26cb</load_address>
         <run_address>0x26cb</run_address>
         <size>0x8a</size>
         <input_file_ref idref="fl-d7"/>
      </object_component>
      <object_component id="oc-12e">
         <name>.debug_line</name>
         <load_address>0x2755</load_address>
         <run_address>0x2755</run_address>
         <size>0x66</size>
         <input_file_ref idref="fl-d7"/>
      </object_component>
      <object_component id="oc-1be">
         <name>.debug_line</name>
         <load_address>0x27bb</load_address>
         <run_address>0x27bb</run_address>
         <size>0x20</size>
         <input_file_ref idref="fl-d8"/>
      </object_component>
      <object_component id="oc-157">
         <name>.debug_line</name>
         <load_address>0x27db</load_address>
         <run_address>0x27db</run_address>
         <size>0x48</size>
         <input_file_ref idref="fl-d8"/>
      </object_component>
      <object_component id="oc-1b0">
         <name>.debug_line</name>
         <load_address>0x2823</load_address>
         <run_address>0x2823</run_address>
         <size>0x20</size>
         <input_file_ref idref="fl-d9"/>
      </object_component>
      <object_component id="oc-141">
         <name>.debug_line</name>
         <load_address>0x2843</load_address>
         <run_address>0x2843</run_address>
         <size>0x5e</size>
         <input_file_ref idref="fl-d9"/>
      </object_component>
      <object_component id="oc-18e">
         <name>.debug_line</name>
         <load_address>0x28a1</load_address>
         <run_address>0x28a1</run_address>
         <size>0x8a</size>
         <input_file_ref idref="fl-d9"/>
      </object_component>
      <object_component id="oc-1b5">
         <name>.debug_line</name>
         <load_address>0x292b</load_address>
         <run_address>0x292b</run_address>
         <size>0x93</size>
         <input_file_ref idref="fl-da"/>
      </object_component>
      <object_component id="oc-148">
         <name>.debug_line</name>
         <load_address>0x29be</load_address>
         <run_address>0x29be</run_address>
         <size>0xa1</size>
         <input_file_ref idref="fl-da"/>
      </object_component>
      <object_component id="oc-c6">
         <name>.debug_line</name>
         <load_address>0x2a5f</load_address>
         <run_address>0x2a5f</run_address>
         <size>0x3c</size>
         <input_file_ref idref="fl-db"/>
      </object_component>
      <object_component id="oc-1b7">
         <name>.debug_line</name>
         <load_address>0x2a9b</load_address>
         <run_address>0x2a9b</run_address>
         <size>0x20</size>
         <input_file_ref idref="fl-dc"/>
      </object_component>
      <object_component id="oc-14d">
         <name>.debug_line</name>
         <load_address>0x2abb</load_address>
         <run_address>0x2abb</run_address>
         <size>0xa8</size>
         <input_file_ref idref="fl-dc"/>
      </object_component>
      <object_component id="oc-1ac">
         <name>.debug_line</name>
         <load_address>0x2b63</load_address>
         <run_address>0x2b63</run_address>
         <size>0x20</size>
         <input_file_ref idref="fl-dd"/>
      </object_component>
      <object_component id="oc-10f">
         <name>.debug_line</name>
         <load_address>0x2b83</load_address>
         <run_address>0x2b83</run_address>
         <size>0xaa</size>
         <input_file_ref idref="fl-dd"/>
      </object_component>
      <object_component id="oc-10d">
         <name>.debug_line</name>
         <load_address>0x2c2d</load_address>
         <run_address>0x2c2d</run_address>
         <size>0x118</size>
         <input_file_ref idref="fl-de"/>
      </object_component>
      <object_component id="oc-1b3">
         <name>.debug_line</name>
         <load_address>0x2d45</load_address>
         <run_address>0x2d45</run_address>
         <size>0x2b</size>
         <input_file_ref idref="fl-df"/>
      </object_component>
      <object_component id="oc-194">
         <name>.debug_line</name>
         <load_address>0x2d70</load_address>
         <run_address>0x2d70</run_address>
         <size>0x45</size>
         <input_file_ref idref="fl-e0"/>
      </object_component>
      <object_component id="oc-36">
         <name>.debug_frame</name>
         <load_address>0x0</load_address>
         <run_address>0x0</run_address>
         <size>0xa2</size>
         <input_file_ref idref="fl-2"/>
      </object_component>
      <object_component id="oc-2c">
         <name>.debug_frame</name>
         <load_address>0xa2</load_address>
         <run_address>0xa2</run_address>
         <size>0x84</size>
         <input_file_ref idref="fl-3"/>
      </object_component>
      <object_component id="oc-17">
         <name>.debug_frame</name>
         <load_address>0x126</load_address>
         <run_address>0x126</run_address>
         <size>0x60</size>
         <input_file_ref idref="fl-bf"/>
      </object_component>
      <object_component id="oc-1d">
         <name>.debug_frame</name>
         <load_address>0x186</load_address>
         <run_address>0x186</run_address>
         <size>0x51</size>
         <input_file_ref idref="fl-c0"/>
      </object_component>
      <object_component id="oc-22">
         <name>.debug_frame</name>
         <load_address>0x1d7</load_address>
         <run_address>0x1d7</run_address>
         <size>0x51</size>
         <input_file_ref idref="fl-c1"/>
      </object_component>
      <object_component id="oc-7a">
         <name>.debug_frame</name>
         <load_address>0x228</load_address>
         <run_address>0x228</run_address>
         <size>0x85</size>
         <input_file_ref idref="fl-c2"/>
      </object_component>
      <object_component id="oc-5f">
         <name>.debug_frame</name>
         <load_address>0x2ad</load_address>
         <run_address>0x2ad</run_address>
         <size>0x51</size>
         <input_file_ref idref="fl-c6"/>
      </object_component>
      <object_component id="oc-66">
         <name>.debug_frame</name>
         <load_address>0x2fe</load_address>
         <run_address>0x2fe</run_address>
         <size>0x51</size>
         <input_file_ref idref="fl-c7"/>
      </object_component>
      <object_component id="oc-82">
         <name>.debug_frame</name>
         <load_address>0x34f</load_address>
         <run_address>0x34f</run_address>
         <size>0x89</size>
         <input_file_ref idref="fl-c9"/>
      </object_component>
      <object_component id="oc-101">
         <name>.debug_frame</name>
         <load_address>0x3d8</load_address>
         <run_address>0x3d8</run_address>
         <size>0x73</size>
         <input_file_ref idref="fl-ca"/>
      </object_component>
      <object_component id="oc-d7">
         <name>.debug_frame</name>
         <load_address>0x44b</load_address>
         <run_address>0x44b</run_address>
         <size>0x1e2</size>
         <input_file_ref idref="fl-cb"/>
      </object_component>
      <object_component id="oc-74">
         <name>.debug_frame</name>
         <load_address>0x62d</load_address>
         <run_address>0x62d</run_address>
         <size>0x51</size>
         <input_file_ref idref="fl-cc"/>
      </object_component>
      <object_component id="oc-154">
         <name>.debug_frame</name>
         <load_address>0x67e</load_address>
         <run_address>0x67e</run_address>
         <size>0x5c</size>
         <input_file_ref idref="fl-cd"/>
      </object_component>
      <object_component id="oc-6e">
         <name>.debug_frame</name>
         <load_address>0x6da</load_address>
         <run_address>0x6da</run_address>
         <size>0x5c</size>
         <input_file_ref idref="fl-ce"/>
      </object_component>
      <object_component id="oc-bd">
         <name>.debug_frame</name>
         <load_address>0x736</load_address>
         <run_address>0x736</run_address>
         <size>0x60</size>
         <input_file_ref idref="fl-cf"/>
      </object_component>
      <object_component id="oc-132">
         <name>.debug_frame</name>
         <load_address>0x796</load_address>
         <run_address>0x796</run_address>
         <size>0x60</size>
         <input_file_ref idref="fl-d7"/>
      </object_component>
      <object_component id="oc-158">
         <name>.debug_frame</name>
         <load_address>0x7f6</load_address>
         <run_address>0x7f6</run_address>
         <size>0x58</size>
         <input_file_ref idref="fl-d8"/>
      </object_component>
      <object_component id="oc-142">
         <name>.debug_frame</name>
         <load_address>0x84e</load_address>
         <run_address>0x84e</run_address>
         <size>0x5c</size>
         <input_file_ref idref="fl-d9"/>
      </object_component>
      <object_component id="oc-147">
         <name>.debug_frame</name>
         <load_address>0x8aa</load_address>
         <run_address>0x8aa</run_address>
         <size>0x60</size>
         <input_file_ref idref="fl-da"/>
      </object_component>
      <object_component id="oc-c3">
         <name>.debug_frame</name>
         <load_address>0x90a</load_address>
         <run_address>0x90a</run_address>
         <size>0x51</size>
         <input_file_ref idref="fl-db"/>
      </object_component>
      <object_component id="oc-14e">
         <name>.debug_frame</name>
         <load_address>0x95b</load_address>
         <run_address>0x95b</run_address>
         <size>0x51</size>
         <input_file_ref idref="fl-dc"/>
      </object_component>
      <object_component id="oc-113">
         <name>.debug_frame</name>
         <load_address>0x9ac</load_address>
         <run_address>0x9ac</run_address>
         <size>0x51</size>
         <input_file_ref idref="fl-dd"/>
      </object_component>
      <object_component id="oc-195">
         <name>.debug_frame</name>
         <load_address>0x9fd</load_address>
         <run_address>0x9fd</run_address>
         <size>0x51</size>
         <input_file_ref idref="fl-e0"/>
      </object_component>
      <object_component id="oc-df">
         <name>.debug_abbrev</name>
         <load_address>0x0</load_address>
         <run_address>0x0</run_address>
         <size>0xb6</size>
         <input_file_ref idref="fl-2"/>
      </object_component>
      <object_component id="oc-e1">
         <name>.debug_abbrev</name>
         <load_address>0xb6</load_address>
         <run_address>0xb6</run_address>
         <size>0x29</size>
         <input_file_ref idref="fl-2"/>
      </object_component>
      <object_component id="oc-91">
         <name>.debug_abbrev</name>
         <load_address>0xdf</load_address>
         <run_address>0xdf</run_address>
         <size>0xbd</size>
         <input_file_ref idref="fl-2"/>
      </object_component>
      <object_component id="oc-99">
         <name>.debug_abbrev</name>
         <load_address>0x19c</load_address>
         <run_address>0x19c</run_address>
         <size>0x1f</size>
         <input_file_ref idref="fl-2"/>
      </object_component>
      <object_component id="oc-a0">
         <name>.debug_abbrev</name>
         <load_address>0x1bb</load_address>
         <run_address>0x1bb</run_address>
         <size>0x35</size>
         <input_file_ref idref="fl-2"/>
      </object_component>
      <object_component id="oc-94">
         <name>.debug_abbrev</name>
         <load_address>0x1f0</load_address>
         <run_address>0x1f0</run_address>
         <size>0x4b</size>
         <input_file_ref idref="fl-2"/>
      </object_component>
      <object_component id="oc-9c">
         <name>.debug_abbrev</name>
         <load_address>0x23b</load_address>
         <run_address>0x23b</run_address>
         <size>0x73</size>
         <input_file_ref idref="fl-3"/>
      </object_component>
      <object_component id="oc-37">
         <name>.debug_abbrev</name>
         <load_address>0x2ae</load_address>
         <run_address>0x2ae</run_address>
         <size>0x29</size>
         <input_file_ref idref="fl-3"/>
      </object_component>
      <object_component id="oc-7f">
         <name>.debug_abbrev</name>
         <load_address>0x2d7</load_address>
         <run_address>0x2d7</run_address>
         <size>0x79</size>
         <input_file_ref idref="fl-3"/>
      </object_component>
      <object_component id="oc-42">
         <name>.debug_abbrev</name>
         <load_address>0x350</load_address>
         <run_address>0x350</run_address>
         <size>0x1f</size>
         <input_file_ref idref="fl-3"/>
      </object_component>
      <object_component id="oc-7e">
         <name>.debug_abbrev</name>
         <load_address>0x36f</load_address>
         <run_address>0x36f</run_address>
         <size>0x3e</size>
         <input_file_ref idref="fl-be"/>
      </object_component>
      <object_component id="oc-e3">
         <name>.debug_abbrev</name>
         <load_address>0x3ad</load_address>
         <run_address>0x3ad</run_address>
         <size>0x37</size>
         <input_file_ref idref="fl-bf"/>
      </object_component>
      <object_component id="oc-3a">
         <name>.debug_abbrev</name>
         <load_address>0x3e4</load_address>
         <run_address>0x3e4</run_address>
         <size>0x6f</size>
         <input_file_ref idref="fl-bf"/>
      </object_component>
      <object_component id="oc-3d">
         <name>.debug_abbrev</name>
         <load_address>0x453</load_address>
         <run_address>0x453</run_address>
         <size>0x24</size>
         <input_file_ref idref="fl-bf"/>
      </object_component>
      <object_component id="oc-a5">
         <name>.debug_abbrev</name>
         <load_address>0x477</load_address>
         <run_address>0x477</run_address>
         <size>0x35</size>
         <input_file_ref idref="fl-bf"/>
      </object_component>
      <object_component id="oc-af">
         <name>.debug_abbrev</name>
         <load_address>0x4ac</load_address>
         <run_address>0x4ac</run_address>
         <size>0x5d</size>
         <input_file_ref idref="fl-c0"/>
      </object_component>
      <object_component id="oc-4a">
         <name>.debug_abbrev</name>
         <load_address>0x509</load_address>
         <run_address>0x509</run_address>
         <size>0x74</size>
         <input_file_ref idref="fl-c0"/>
      </object_component>
      <object_component id="oc-4d">
         <name>.debug_abbrev</name>
         <load_address>0x57d</load_address>
         <run_address>0x57d</run_address>
         <size>0x24</size>
         <input_file_ref idref="fl-c0"/>
      </object_component>
      <object_component id="oc-ac">
         <name>.debug_abbrev</name>
         <load_address>0x5a1</load_address>
         <run_address>0x5a1</run_address>
         <size>0x24</size>
         <input_file_ref idref="fl-c0"/>
      </object_component>
      <object_component id="oc-b7">
         <name>.debug_abbrev</name>
         <load_address>0x5c5</load_address>
         <run_address>0x5c5</run_address>
         <size>0x5d</size>
         <input_file_ref idref="fl-c1"/>
      </object_component>
      <object_component id="oc-56">
         <name>.debug_abbrev</name>
         <load_address>0x622</load_address>
         <run_address>0x622</run_address>
         <size>0x74</size>
         <input_file_ref idref="fl-c1"/>
      </object_component>
      <object_component id="oc-59">
         <name>.debug_abbrev</name>
         <load_address>0x696</load_address>
         <run_address>0x696</run_address>
         <size>0x24</size>
         <input_file_ref idref="fl-c1"/>
      </object_component>
      <object_component id="oc-b4">
         <name>.debug_abbrev</name>
         <load_address>0x6ba</load_address>
         <run_address>0x6ba</run_address>
         <size>0x24</size>
         <input_file_ref idref="fl-c1"/>
      </object_component>
      <object_component id="oc-107">
         <name>.debug_abbrev</name>
         <load_address>0x6de</load_address>
         <run_address>0x6de</run_address>
         <size>0xb3</size>
         <input_file_ref idref="fl-c2"/>
      </object_component>
      <object_component id="oc-fb">
         <name>.debug_abbrev</name>
         <load_address>0x791</load_address>
         <run_address>0x791</run_address>
         <size>0x29</size>
         <input_file_ref idref="fl-c2"/>
      </object_component>
      <object_component id="oc-d1">
         <name>.debug_abbrev</name>
         <load_address>0x7ba</load_address>
         <run_address>0x7ba</run_address>
         <size>0xba</size>
         <input_file_ref idref="fl-c2"/>
      </object_component>
      <object_component id="oc-de">
         <name>.debug_abbrev</name>
         <load_address>0x874</load_address>
         <run_address>0x874</run_address>
         <size>0x3c</size>
         <input_file_ref idref="fl-c3"/>
      </object_component>
      <object_component id="oc-a9">
         <name>.debug_abbrev</name>
         <load_address>0x8b0</load_address>
         <run_address>0x8b0</run_address>
         <size>0x3e</size>
         <input_file_ref idref="fl-c4"/>
      </object_component>
      <object_component id="oc-b1">
         <name>.debug_abbrev</name>
         <load_address>0x8ee</load_address>
         <run_address>0x8ee</run_address>
         <size>0x4f</size>
         <input_file_ref idref="fl-c5"/>
      </object_component>
      <object_component id="oc-b9">
         <name>.debug_abbrev</name>
         <load_address>0x93d</load_address>
         <run_address>0x93d</run_address>
         <size>0x53</size>
         <input_file_ref idref="fl-c6"/>
      </object_component>
      <object_component id="oc-ba">
         <name>.debug_abbrev</name>
         <load_address>0x990</load_address>
         <run_address>0x990</run_address>
         <size>0x55</size>
         <input_file_ref idref="fl-c7"/>
      </object_component>
      <object_component id="oc-d4">
         <name>.debug_abbrev</name>
         <load_address>0x9e5</load_address>
         <run_address>0x9e5</run_address>
         <size>0x27</size>
         <input_file_ref idref="fl-c8"/>
      </object_component>
      <object_component id="oc-16c">
         <name>.debug_abbrev</name>
         <load_address>0xa0c</load_address>
         <run_address>0xa0c</run_address>
         <size>0x87</size>
         <input_file_ref idref="fl-c9"/>
      </object_component>
      <object_component id="oc-dc">
         <name>.debug_abbrev</name>
         <load_address>0xa93</load_address>
         <run_address>0xa93</run_address>
         <size>0xaf</size>
         <input_file_ref idref="fl-c9"/>
      </object_component>
      <object_component id="oc-169">
         <name>.debug_abbrev</name>
         <load_address>0xb42</load_address>
         <run_address>0xb42</run_address>
         <size>0x24</size>
         <input_file_ref idref="fl-c9"/>
      </object_component>
      <object_component id="oc-17b">
         <name>.debug_abbrev</name>
         <load_address>0xb66</load_address>
         <run_address>0xb66</run_address>
         <size>0x50</size>
         <input_file_ref idref="fl-ca"/>
      </object_component>
      <object_component id="oc-103">
         <name>.debug_abbrev</name>
         <load_address>0xbb6</load_address>
         <run_address>0xbb6</run_address>
         <size>0x29</size>
         <input_file_ref idref="fl-ca"/>
      </object_component>
      <object_component id="oc-17a">
         <name>.debug_abbrev</name>
         <load_address>0xbdf</load_address>
         <run_address>0xbdf</run_address>
         <size>0x6f</size>
         <input_file_ref idref="fl-ca"/>
      </object_component>
      <object_component id="oc-1a4">
         <name>.debug_abbrev</name>
         <load_address>0xc4e</load_address>
         <run_address>0xc4e</run_address>
         <size>0xd9</size>
         <input_file_ref idref="fl-cb"/>
      </object_component>
      <object_component id="oc-15b">
         <name>.debug_abbrev</name>
         <load_address>0xd27</load_address>
         <run_address>0xd27</run_address>
         <size>0x11a</size>
         <input_file_ref idref="fl-cb"/>
      </object_component>
      <object_component id="oc-15f">
         <name>.debug_abbrev</name>
         <load_address>0xe41</load_address>
         <run_address>0xe41</run_address>
         <size>0x49</size>
         <input_file_ref idref="fl-cb"/>
      </object_component>
      <object_component id="oc-1a8">
         <name>.debug_abbrev</name>
         <load_address>0xe8a</load_address>
         <run_address>0xe8a</run_address>
         <size>0x24</size>
         <input_file_ref idref="fl-cb"/>
      </object_component>
      <object_component id="oc-164">
         <name>.debug_abbrev</name>
         <load_address>0xeae</load_address>
         <run_address>0xeae</run_address>
         <size>0x24</size>
         <input_file_ref idref="fl-cb"/>
      </object_component>
      <object_component id="oc-f4">
         <name>.debug_abbrev</name>
         <load_address>0xed2</load_address>
         <run_address>0xed2</run_address>
         <size>0x99</size>
         <input_file_ref idref="fl-cc"/>
      </object_component>
      <object_component id="oc-c9">
         <name>.debug_abbrev</name>
[...]
            <object_component_ref idref="oc-7d"/>
            <object_component_ref idref="oc-84"/>
            <object_component_ref idref="oc-d0"/>
            <object_component_ref idref="oc-100"/>
            <object_component_ref idref="oc-d9"/>
            <object_component_ref idref="oc-72"/>
            <object_component_ref idref="oc-153"/>
            <object_component_ref idref="oc-6b"/>
            <object_component_ref idref="oc-c0"/>
            <object_component_ref idref="oc-19f"/>
            <object_component_ref idref="oc-13b"/>
            <object_component_ref idref="oc-118"/>
            <object_component_ref idref="oc-126"/>
            <object_component_ref idref="oc-121"/>
            <object_component_ref idref="oc-11b"/>
            <object_component_ref idref="oc-12b"/>
            <object_component_ref idref="oc-135"/>
            <object_component_ref idref="oc-131"/>
            <object_component_ref idref="oc-15a"/>
            <object_component_ref idref="oc-13f"/>
            <object_component_ref idref="oc-145"/>
            <object_component_ref idref="oc-c5"/>
            <object_component_ref idref="oc-14c"/>
            <object_component_ref idref="oc-111"/>
            <object_component_ref idref="oc-10c"/>
            <object_component_ref idref="oc-198"/>
            <object_component_ref idref="oc-192"/>
         </contents>
      </logical_group>
      <logical_group id="lg-1de" display="never" color="cyan">
         <name>.debug_pubtypes</name>
         <load_address>0x0</load_address>
         <run_address>0x0</run_address>
         <size>0x72c</size>
         <contents>
            <object_component_ref idref="oc-98"/>
            <object_component_ref idref="oc-9f"/>
            <object_component_ref idref="oc-93"/>
            <object_component_ref idref="oc-41"/>
            <object_component_ref idref="oc-3c"/>
            <object_component_ref idref="oc-a4"/>
            <object_component_ref idref="oc-4c"/>
            <object_component_ref idref="oc-ab"/>
            <object_component_ref idref="oc-58"/>
            <object_component_ref idref="oc-b3"/>
            <object_component_ref idref="oc-d3"/>
            <object_component_ref idref="oc-168"/>
            <object_component_ref idref="oc-106"/>
            <object_component_ref idref="oc-15e"/>
            <object_component_ref idref="oc-1a7"/>
            <object_component_ref idref="oc-163"/>
            <object_component_ref idref="oc-f7"/>
            <object_component_ref idref="oc-eb"/>
            <object_component_ref idref="oc-176"/>
            <object_component_ref idref="oc-f0"/>
            <object_component_ref idref="oc-171"/>
            <object_component_ref idref="oc-18c"/>
         </contents>
      </logical_group>
      <load_segment id="lg-1e9" display="no" color="cyan">
         <name>SEGMENT_0</name>
         <load_address>0x0</load_address>
         <run_address>0x0</run_address>
         <size>0x25e8</size>
         <flags>0x5</flags>
         <contents>
            <logical_group_ref idref="lg-3"/>
            <logical_group_ref idref="lg-4"/>
            <logical_group_ref idref="lg-5"/>
            <logical_group_ref idref="lg-6"/>
         </contents>
      </load_segment>
      <load_segment id="lg-1ea" display="no" color="cyan">
         <name>SEGMENT_1</name>
         <run_address>0x20000000</run_address>
         <size>0x830</size>
         <flags>0x6</flags>
         <contents>
            <logical_group_ref idref="lg-d"/>
            <logical_group_ref idref="lg-a"/>
            <logical_group_ref idref="lg-b"/>
         </contents>
      </load_segment>
   </logical_group_list>
   <placement_map>
      <memory_area display="yes" color="green">
         <name>FLASH</name>
         <page_id>0x0</page_id>
         <origin>0x0</origin>
         <length>0x40000</length>
         <used_space>0x25e7</used_space>
         <unused_space>0x3da19</unused_space>
         <attributes>RX</attributes>
         <usage_details>
            <allocated_space>
               <start_address>0x0</start_address>
               <size>0x26c</size>
               <logical_group_ref idref="lg-3"/>
            </allocated_space>
            <allocated_space>
               <start_address>0x26c</start_address>
               <size>0x2242</size>
               <logical_group_ref idref="lg-4"/>
            </allocated_space>
            <allocated_space>
               <start_address>0x24ae</start_address>
               <size>0x101</size>
               <logical_group_ref idref="lg-5"/>
            </allocated_space>
            <available_space>
               <start_address>0x25af</start_address>
               <size>0x1</size>
            </available_space>
            <allocated_space>
               <start_address>0x25b0</start_address>
               <size>0x38</size>
               <logical_group_ref idref="lg-6"/>
            </allocated_space>
            <available_space>
               <start_address>0x25e8</start_address>
               <size>0x3da18</size>
            </available_space>
         </usage_details>
      </memory_area>
      <memory_area display="yes" color="green">
         <name>SRAM</name>
         <page_id>0x0</page_id>
         <origin>0x20000000</origin>
         <length>0x8000</length>
         <used_space>0x830</used_space>
         <unused_space>0x77d0</unused_space>
         <attributes>RWX</attributes>
         <usage_details>
            <allocated_space>
               <start_address>0x20000000</start_address>
               <size>0x800</size>
               <logical_group_ref idref="lg-d"/>
            </allocated_space>
            <allocated_space>
               <start_address>0x20000800</start_address>
               <size>0x20</size>
               <logical_group_ref idref="lg-a"/>
            </allocated_space>
            <allocated_space>
               <start_address>0x20000820</start_address>
               <size>0x10</size>
               <logical_group_ref idref="lg-b"/>
            </allocated_space>
            <available_space>
               <start_address>0x20000830</start_address>
               <size>0x77d0</size>
            </available_space>
         </usage_details>
      </memory_area>
   </placement_map>
   <cptbl_list>
      <cptbl>
         <name>__TI_cinit_table</name>
         <cprec>
            <name>.data</name>
            <load_address>0x25b0</load_address>
            <load_size>0x14</load_size>
            <run_address>0x20000800</run_address>
            <run_size>0x20</run_size>
            <compression>lzss</compression>
         </cprec>
         <cprec>
            <name>.bss</name>
            <load_address>0x25d0</load_address>
            <load_size>0x8</load_size>
            <run_address>0x20000820</run_address>
            <run_size>0x10</run_size>
            <compression>zero_init</compression>
         </cprec>
      </cptbl>
   </cptbl_list>
   <handler_table>
      <handler_table_name>__TI_handler_table</handler_table_name>
      <handler>
         <index>0x0</index>
         <name>__TI_decompress_lzss</name>
      </handler>
      <handler>
         <index>0x1</index>
         <name>__TI_decompress_none</name>
      </handler>
      <handler>
         <index>0x2</index>
         <name>__TI_zero_init</name>
      </handler>
   </handler_table>
   <symbol_table>
      <symbol id="sm-1">
         <name>__STACK_TOP</name>
         <value>0x20000200</value>
      </symbol>
      <symbol id="sm-2">
         <name>__TI_CINIT_Base</name>
         <value>0x25d8</value>
      </symbol>
      <symbol id="sm-3">
         <name>__TI_CINIT_Limit</name>
         <value>0x25e8</value>
      </symbol>
      <symbol id="sm-4">
         <name>__TI_Handler_Table_Base</name>
         <value>0x25c4</value>
      </symbol>
      <symbol id="sm-5">
         <name>__TI_Handler_Table_Limit</name>
         <value>0x25d0</value>
      </symbol>
      <symbol id="sm-6">
         <name>binit</name>
         <value>0xffffffff</value>
      </symbol>
      <symbol id="sm-7">
         <name>__binit__</name>
         <value>0xffffffff</value>
      </symbol>
      <symbol id="sm-8">
         <name>__STACK_SIZE</name>
         <value>0x800</value>
      </symbol>
      <symbol id="sm-9">
         <name>__STACK_END</name>
         <value>0x20000800</value>
      </symbol>
      <symbol id="sm-a">
         <name>__c_args__</name>
         <value>0xffffffff</value>
      </symbol>
      <symbol id="sm-b">
         <name>__TI_pprof_out_hndl</name>
         <value>0xffffffff</value>
      </symbol>
      <symbol id="sm-c">
         <name>__TI_prof_data_start</name>
         <value>0xffffffff</value>
      </symbol>
      <symbol id="sm-d">
         <name>__TI_prof_data_size</name>
         <value>0xffffffff</value>
      </symbol>
      <symbol id="sm-81">
         <name>time</name>
         <value>0x20000820</value>
      </symbol>
      <symbol id="sm-82">
         <name>chanel</name>
         <value>0x20000814</value>
         <object_component_ref idref="oc-8e"/>
      </symbol>
      <symbol id="sm-83">
         <name>IntGPIOAHandler</name>
         <value>0x15ab</value>
         <object_component_ref idref="oc-31"/>
      </symbol>
      <symbol id="sm-84">
         <name>main</name>
         <value>0x13f5</value>
         <object_component_ref idref="oc-31"/>
      </symbol>
      <symbol id="sm-85">
         <name>UARTSend</name>
         <value>0x13ad</value>
         <object_component_ref idref="oc-31"/>
      </symbol>
      <symbol id="sm-a6">
         <name>ResetISR</name>
         <value>0x249f</value>
         <object_component_ref idref="oc-2b"/>
      </symbol>
      <symbol id="sm-a7">
         <name>g_pfnVectors</name>
         <value>0x0</value>
         <object_component_ref idref="oc-f"/>
      </symbol>
      <symbol id="sm-b8">
         <name>_c_int00</name>
         <value>0x2171</value>
         <object_component_ref idref="oc-24"/>
      </symbol>
      <symbol id="sm-b9">
         <name>__stack</name>
         <value>0x20000000</value>
         <object_component_ref idref="oc-2a"/>
      </symbol>
      <symbol id="sm-d7">
         <name>__TI_decompress_lzss</name>
         <value>0x20a5</value>
         <object_component_ref idref="oc-12"/>
      </symbol>
      <symbol id="sm-ee">
         <name>__TI_decompress_none</name>
         <value>0x2485</value>
         <object_component_ref idref="oc-18"/>
      </symbol>
      <symbol id="sm-105">
         <name>__TI_zero_init</name>
         <value>0x2493</value>
         <object_component_ref idref="oc-1e"/>
      </symbol>
      <symbol id="sm-126">
         <name>C$$EXIT</name>
         <value>0x21c5</value>
         <object_component_ref idref="oc-75"/>
      </symbol>
      <symbol id="sm-127">
         <name>abort</name>
         <value>0x21c9</value>
         <object_component_ref idref="oc-75"/>
      </symbol>
      <symbol id="sm-128">
         <name>exit</name>
         <value>0x21d1</value>
         <object_component_ref idref="oc-75"/>
      </symbol>
      <symbol id="sm-129">
         <name>__TI_dtors_ptr</name>
         <value>0x20000804</value>
         <object_component_ref idref="oc-cb"/>
      </symbol>
      <symbol id="sm-12a">
         <name>__TI_cleanup_ptr</name>
         <value>0x20000800</value>
         <object_component_ref idref="oc-cb"/>
      </symbol>
      <symbol id="sm-12b">
         <name>__TI_enable_exit_profile_output</name>
         <value>0x20000808</value>
         <object_component_ref idref="oc-cb"/>
      </symbol>
      <symbol id="sm-136">
         <name>__aeabi_f2d</name>
         <value>0x2395</value>
         <object_component_ref idref="oc-86"/>
      </symbol>
      <symbol id="sm-151">
         <name>memcpy</name>
         <value>0x1e11</value>
         <object_component_ref idref="oc-45"/>
      </symbol>
      <symbol id="sm-152">
         <name>__aeabi_memcpy</name>
         <value>0x1e11</value>
         <object_component_ref idref="oc-45"/>
      </symbol>
      <symbol id="sm-153">
         <name>__aeabi_memcpy8</name>
         <value>0x1e11</value>
         <object_component_ref idref="oc-45"/>
      </symbol>
      <symbol id="sm-154">
         <name>__aeabi_memcpy4</name>
         <value>0x1e11</value>
         <object_component_ref idref="oc-45"/>
      </symbol>
      <symbol id="sm-163">
         <name>__aeabi_memset</name>
         <value>0x1fbb</value>
         <object_component_ref idref="oc-51"/>
      </symbol>
      <symbol id="sm-164">
         <name>memset</name>
         <value>0x1fc1</value>
         <object_component_ref idref="oc-51"/>
      </symbol>
      <symbol id="sm-165">
         <name>__aeabi_memset8</name>
         <value>0x1fbb</value>
         <object_component_ref idref="oc-51"/>
      </symbol>
      <symbol id="sm-166">
         <name>__aeabi_memset4</name>
         <value>0x1fbb</value>
         <object_component_ref idref="oc-51"/>
      </symbol>
      <symbol id="sm-167">
         <name>__aeabi_memclr8</name>
         <value>0x1fb9</value>
         <object_component_ref idref="oc-51"/>
      </symbol>
      <symbol id="sm-168">
         <name>__aeabi_memclr4</name>
         <value>0x1fb9</value>
         <object_component_ref idref="oc-51"/>
      </symbol>
      <symbol id="sm-169">
         <name>__aeabi_memclr</name>
         <value>0x1fb9</value>
         <object_component_ref idref="oc-51"/>
      </symbol>
      <symbol id="sm-173">
         <name>__mpu_init</name>
         <value>0x13ab</value>
         <object_component_ref idref="oc-5d"/>
      </symbol>
      <symbol id="sm-17d">
         <name>_system_pre_init</name>
         <value>0x24ab</value>
         <object_component_ref idref="oc-63"/>
      </symbol>
      <symbol id="sm-185">
         <name>main_func_sp</name>
         <value>0x2000081c</value>
         <object_component_ref idref="oc-7b"/>
      </symbol>
      <symbol id="sm-19e">
         <name>vsprintf</name>
         <value>0x234d</value>
         <object_component_ref idref="oc-80"/>
      </symbol>
      <symbol id="sm-1b7">
         <name>_nop</name>
         <value>0x2457</value>
         <object_component_ref idref="oc-fd"/>
      </symbol>
      <symbol id="sm-1b8">
         <name>_lock</name>
         <value>0x2000080c</value>
         <object_component_ref idref="oc-ce"/>
      </symbol>
      <symbol id="sm-1b9">
         <name>_unlock</name>
         <value>0x20000810</value>
         <object_component_ref idref="oc-ce"/>
      </symbol>
      <symbol id="sm-1ba">
         <name>_register_lock</name>
         <value>0x244f</value>
         <object_component_ref idref="oc-fd"/>
      </symbol>
      <symbol id="sm-1bb">
         <name>_register_unlock</name>
         <value>0x2449</value>
         <object_component_ref idref="oc-fd"/>
      </symbol>
      <symbol id="sm-2bc">
         <name>__TI_printfi</name>
         <value>0xab1</value>
         <object_component_ref idref="oc-d6"/>
      </symbol>
      <symbol id="sm-2d0">
         <name>_args_main</name>
         <value>0x2419</value>
         <object_component_ref idref="oc-6f"/>
      </symbol>
      <symbol id="sm-2e6">
         <name>atoi</name>
         <value>0x226d</value>
         <object_component_ref idref="oc-14f"/>
      </symbol>
      <symbol id="sm-310">
         <name>__TI_auto_init</name>
         <value>0x2035</value>
         <object_component_ref idref="oc-69"/>
      </symbol>
      <symbol id="sm-32a">
         <name>copy_in</name>
         <value>0x22b9</value>
         <object_component_ref idref="oc-bb"/>
      </symbol>
      <symbol id="sm-335">
         <name>_ctypes_</name>
         <value>0x24ae</value>
         <object_component_ref idref="oc-19d"/>
      </symbol>
      <symbol id="sm-34c">
         <name>__aeabi_dsub</name>
         <value>0x192d</value>
         <object_component_ref idref="oc-138"/>
      </symbol>
      <symbol id="sm-34d">
         <name>__aeabi_dadd</name>
         <value>0x1937</value>
         <object_component_ref idref="oc-138"/>
      </symbol>
      <symbol id="sm-36f">
         <name>__aeabi_cdcmpeq</name>
         <value>0x1ead</value>
         <object_component_ref idref="oc-114"/>
      </symbol>
      <symbol id="sm-370">
         <name>__aeabi_cdcmple</name>
         <value>0x1ead</value>
         <object_component_ref idref="oc-114"/>
      </symbol>
      <symbol id="sm-371">
         <name>__aeabi_cdrcmple</name>
         <value>0x1f33</value>
         <object_component_ref idref="oc-123"/>
      </symbol>
      <symbol id="sm-385">
         <name>__aeabi_ddiv</name>
         <value>0x1ae3</value>
         <object_component_ref idref="oc-11e"/>
      </symbol>
      <symbol id="sm-390">
         <name>__aeabi_dmul</name>
         <value>0x1c19</value>
         <object_component_ref idref="oc-119"/>
      </symbol>
      <symbol id="sm-39a">
         <name>__aeabi_d2iz</name>
         <value>0x2305</value>
         <object_component_ref idref="oc-128"/>
      </symbol>
      <symbol id="sm-3a4">
         <name>__aeabi_i2d</name>
         <value>0x23cd</value>
         <object_component_ref idref="oc-133"/>
      </symbol>
      <symbol id="sm-3b3">
         <name>ltoa</name>
         <value>0x2219</value>
         <object_component_ref idref="oc-12d"/>
      </symbol>
      <symbol id="sm-3c3">
         <name>memccpy</name>
         <value>0x23fb</value>
         <object_component_ref idref="oc-155"/>
      </symbol>
      <symbol id="sm-3de">
         <name>frexpl</name>
         <value>0x210d</value>
         <object_component_ref idref="oc-13d"/>
      </symbol>
      <symbol id="sm-3df">
         <name>frexp</name>
         <value>0x210d</value>
         <object_component_ref idref="oc-13d"/>
      </symbol>
      <symbol id="sm-3fc">
         <name>scalbn</name>
         <value>0x1d15</value>
         <object_component_ref idref="oc-143"/>
      </symbol>
      <symbol id="sm-3fd">
         <name>scalbnl</name>
         <value>0x1d15</value>
         <object_component_ref idref="oc-143"/>
      </symbol>
      <symbol id="sm-3fe">
         <name>ldexpl</name>
         <value>0x1d15</value>
         <object_component_ref idref="oc-143"/>
      </symbol>
      <symbol id="sm-3ff">
         <name>ldexp</name>
         <value>0x1d15</value>
         <object_component_ref idref="oc-143"/>
      </symbol>
      <symbol id="sm-409">
         <name>_system_post_cinit</name>
         <value>0x2033</value>
         <object_component_ref idref="oc-c1"/>
      </symbol>
      <symbol id="sm-419">
         <name>strchr</name>
         <value>0x2431</value>
         <object_component_ref idref="oc-149"/>
      </symbol>
      <symbol id="sm-427">
         <name>strlen</name>
         <value>0x2471</value>
         <object_component_ref idref="oc-10e"/>
      </symbol>
      <symbol id="sm-443">
         <name>__aeabi_uldivmod</name>
         <value>0x1739</value>
         <object_component_ref idref="oc-109"/>
      </symbol>
      <symbol id="sm-44b">
         <name>errno</name>
         <value>0x20000818</value>
         <object_component_ref idref="oc-196"/>
      </symbol>
      <symbol id="sm-455">
         <name>copysign</name>
         <value>0x245d</value>
         <object_component_ref idref="oc-190"/>
      </symbol>
      <symbol id="sm-456">
         <name>copysignl</name>
         <value>0x245d</value>
         <object_component_ref idref="oc-190"/>
      </symbol>
      <symbol id="sm-457">
         <name>__TI_static_base__</name>
         <value>0x0</value>
      </symbol>
      <symbol id="sm-45a">
         <name>SHT$$INIT_ARRAY$$Limit</name>
         <value>0x0</value>
      </symbol>
      <symbol id="sm-45b">
         <name>SHT$$INIT_ARRAY$$Base</name>
         <value>0x0</value>
      </symbol>
   </symbol_table>
   <title>Link successful</title>
</link_info>
