******************************************************************************
                  TI ARM Linker PC v5.2.9                      
******************************************************************************
>> Linked Thu Jun 14 22:23:34 2018

OUTPUT FILE NAME:   <triHelice.out>
ENTRY POINT SYMBOL: "_c_int00"  address: 00002e59


MEMORY CONFIGURATION

         name            origin    length      used     unused   attr    fill
----------------------  --------  ---------  --------  --------  ----  --------
  FLASH                 00000000   00040000  00003942  0003c6be  R  X
  SRAM                  20000000   00008000  00000650  000079b0  RW X


SEGMENT ALLOCATION MAP

run origin  load origin   length   init length attrs members
----------  ----------- ---------- ----------- ----- -------
00000000    00000000    00003948   00003948    r-x
  00000000    00000000    0000026c   0000026c    r-- .intvecs
  0000026c    0000026c    000034d8   000034d8    r-x .text
  00003744    00003744    0000013e   0000013e    r-- .const
  00003888    00003888    000000c0   000000c0    r-- .cinit
20000000    20000000    00000650   00000000    rw-
  20000000    20000000    00000278   00000000    rw- .bss
  20000278    20000278    00000200   00000000    rw- .stack
  20000478    20000478    000001d8   00000000    rw- .data


SECTION ALLOCATION MAP

 output                                  attributes/
section   page    origin      length       input sections
--------  ----  ----------  ----------   ----------------
.intvecs   0    00000000    0000026c     
                  00000000    0000026c     tm4c123gh6pm_startup_ccs.obj (.intvecs)

.text      0    0000026c    000034d8     
                  0000026c    000013b0     main.obj (.text)
                  0000161c    0000049c     uartstdio.obj (.text)
                  00001ab8    00000290     sensorlib.lib : comp_dcm.obj (.text:CompDCMUpdate)
                  00001d48    000001b6     rtsv7M4_T_le_v4SPD16_eabi.lib : fd_add_t2.obj (.text)
                  00001efe    00000002                                   : i_div0.obj (.text)
                  00001f00    00000194     pwm.obj (.text)
                  00002094    0000014c     scheduler.obj (.text)
                  000021e0    00000118     rtsv7M4_T_le_v4SPD16_eabi.lib : atan2f.obj (.text)
                  000022f8    00000110     driverlib.lib : sysctl.obj (.text:SysCtlClockGet)
                  00002408    000000fc     rtsv7M4_T_le_v4SPD16_eabi.lib : fd_mul_t2.obj (.text)
                  00002504    000000f2     sensorlib.lib : i2cm_drv.obj (.text:I2CMIntHandler)
                  000025f6    00000002     --HOLE-- [fill = 0]
                  000025f8    000000b4     rtsv7M4_T_le_v4SPD16_eabi.lib : asinf.obj (.text)
                  000026ac    000000b0     sensorlib.lib : comp_dcm.obj (.text:CompDCMStart)
                  0000275c    000000a8     rtsv7M4_T_le_v4SPD16_eabi.lib : xfatan.obj (.text)
                  00002804    000000a0     gpioAReceiver.obj (.text)
                  000028a4    0000009c     rtsv7M4_T_le_v4SPD16_eabi.lib : memcpy_t2.obj (.text)
                  00002940    00000098     sensorlib.lib : i2cm_drv.obj (.text:I2CMStateIdle)
                  000029d8    00000088                   : i2cm_drv.obj (.text:I2CMCommand)
                  00002a60    0000007a     rtsv7M4_T_le_v4SPD16_eabi.lib : memset_t2.obj (.text)
                  00002ada    0000006e                                   : fd_tos_t2.obj (.text)
                  00002b48    0000006c                                   : autoinit.obj (.text)
                  00002bb4    0000006a                                   : copy_decompress_rle.obj (.text)
                  00002c1e    00000002     --HOLE-- [fill = 0]
                  00002c20    00000068     driverlib.lib : interrupt.obj (.text:IntDisable)
                  00002c88    00000068                   : interrupt.obj (.text:IntEnable)
                  00002cf0    00000064                   : interrupt.obj (.text:IntIsEnabled)
                  00002d54    0000005e     sensorlib.lib : i2cm_drv.obj (.text:I2CMStateWritePause)
                  00002db2    00000056                   : vector.obj (.text:VectorCrossProduct)
                  00002e08    00000050                   : i2cm_drv.obj (.text:I2CMStateWriteFinal)
                  00002e58    00000050     rtsv7M4_T_le_v4SPD16_eabi.lib : boot.obj (.text)
                  00002ea8    0000004c     driverlib.lib : i2c.obj (.text:I2CMasterInitExpClk)
                  00002ef4    0000004c     rtsv7M4_T_le_v4SPD16_eabi.lib : cpy_tbl.obj (.text)
                  00002f40    0000004a     sensorlib.lib : i2cm_drv.obj (.text:I2CMStateReadNext)
                  00002f8a    00000048                   : i2cm_drv.obj (.text:I2CMStateWriteNext)
                  00002fd2    00000046     driverlib.lib : uart.obj (.text:UARTConfigSetExpClk)
                  00003018    00000044     sensorlib.lib : comp_dcm.obj (.text:CompDCMInit)
                  0000305c    00000044                   : i2cm_drv.obj (.text:I2CMStateCallback)
                  000030a0    00000044     rtsv7M4_T_le_v4SPD16_eabi.lib : exit.obj (.text)
                  000030e4    00000044                                   : fd_tou_t2.obj (.text)
                  00003128    00000042     sensorlib.lib : comp_dcm.obj (.text:CompDCMComputeEulers)
                  0000316a    00000042                   : i2cm_drv.obj (.text:I2CMStateReadFinal)
                  000031ac    00000040     rtsv7M4_T_le_v4SPD16_eabi.lib : signal.obj (.text)
                  000031ec    00000040                                   : u_divt2.obj (.text)
                  0000322c    0000003e     sensorlib.lib : i2cm_drv.obj (.text:I2CMStateReadPause)
                  0000326a    00000002     --HOLE-- [fill = 0]
                  0000326c    0000003c     timer.obj (.text)
                  000032a8    00000038     driverlib.lib : sysctl.obj (.text:SysCtlPeripheralPresent)
                  000032e0    00000038     rtsv7M4_T_le_v4SPD16_eabi.lib : fs_tod_t2.obj (.text)
                  00003318    00000036     main.obj (.text:I2CMRead)
                  0000334e    00000036     main.obj (.text:I2CMWrite)
                  00003384    00000034     sensorlib.lib : i2cm_drv.obj (.text:I2CMInit)
                  000033b8    00000034     driverlib.lib : sysctl.obj (.text:SysCtlPeripheralEnable)
                  000033ec    00000034     rtsv7M4_T_le_v4SPD16_eabi.lib : feraiseexcept.obj (.text)
                  00003420    00000032     sensorlib.lib : vector.obj (.text:VectorAdd)
                  00003452    00000002     --HOLE-- [fill = 0]
                  00003454    00000030     rtsv7M4_T_le_v4SPD16_eabi.lib : xferaise.obj (.text)
                  00003484    0000002e                                   : i_tofd_t2.obj (.text)
                  000034b2    0000002e                                   : raise.obj (.text)
                  000034e0    0000002c                                   : xfdclass.obj (.text)
                  0000350c    0000002a     sensorlib.lib : i2cm_drv.obj (.text:I2CMStateReadFirst)
                  00003536    00000026                   : vector.obj (.text:VectorDotProduct)
                  0000355c    00000026                   : vector.obj (.text:VectorScale)
                  00003582    00000002     --HOLE-- [fill = 0]
                  00003584    00000024     rtsv7M4_T_le_v4SPD16_eabi.lib : sqrtf.obj (.text)
                  000035a8    00000020     sensorlib.lib : i2cm_drv.obj (.text:I2CMStateReadOne)
                  000035c8    00000020     driverlib.lib : uart.obj (.text:UARTDisable)
                  000035e8    00000020     rtsv7M4_T_le_v4SPD16_eabi.lib : u_tofd_t2.obj (.text)
                  00003608    0000001a     sensorlib.lib : i2cm_drv.obj (.text:I2CMStateReadWait)
                  00003622    00000002     --HOLE-- [fill = 0]
                  00003624    00000018     rtsv7M4_T_le_v4SPD16_eabi.lib : args_main.obj (.text)
                  0000363c    00000014     driverlib.lib : systick.obj (.text:SysTickEnable)
                  00003650    00000014                   : systick.obj (.text:SysTickIntEnable)
                  00003664    00000014                   : uart.obj (.text:UARTEnable)
                  00003678    00000014     rtsv7M4_T_le_v4SPD16_eabi.lib : _lock.obj (.text)
                  0000368c    00000010     driverlib.lib : systick.obj (.text:SysTickPeriodSet)
                  0000369c    0000000e     sensorlib.lib : comp_dcm.obj (.text:CompDCMAccelUpdate)
                  000036aa    0000000e                   : comp_dcm.obj (.text:CompDCMGyroUpdate)
                  000036b8    0000000e                   : comp_dcm.obj (.text:CompDCMMagnetoUpdate)
                  000036c6    0000000e     rtsv7M4_T_le_v4SPD16_eabi.lib : copy_decompress_none.obj (.text:decompress:none)
                  000036d4    0000000c     driverlib.lib : interrupt.obj (.text:IntTrigger)
                  000036e0    0000000c     rtsv7M4_T_le_v4SPD16_eabi.lib : copy_zero_init.obj (.text:decompress:ZI)
                  000036ec    0000000c     tm4c123gh6pm_startup_ccs.obj (.text)
                  000036f8    0000000a     driverlib.lib : i2c.obj (.text:I2CMasterEnable)
                  00003702    0000000a                   : uart.obj (.text:UARTCharGet)
                  0000370c    0000000a                   : uart.obj (.text:UARTCharPut)
                  00003716    00000008                   : i2c.obj (.text:I2CMasterIntClear)
                  0000371e    00000008                   : i2c.obj (.text:I2CMasterIntEnableEx)
                  00003726    00000008                   : i2c.obj (.text:I2CMasterSlaveAddrSet)
                  0000372e    00000006     rtsv7M4_T_le_v4SPD16_eabi.lib : copy_decompress_rle.obj (.text:decompress:rle24)
                  00003734    00000004     driverlib.lib : i2c.obj (.text:I2CMasterControl)
                  00003738    00000004                   : i2c.obj (.text:I2CMasterDataGet)
                  0000373c    00000004                   : i2c.obj (.text:I2CMasterDataPut)
                  00003740    00000004     rtsv7M4_T_le_v4SPD16_eabi.lib : pre_init.obj (.text)

.const     0    00003744    0000013e     
                  00003744    00000070     driverlib.lib : interrupt.obj (.const)
                  000037b4    0000006c                   : sysctl.obj (.const:g_pui32Xtals)
                  00003820    00000034     rtsv7M4_T_le_v4SPD16_eabi.lib : xfatan.obj (.const)
                  00003854    0000001c     uartstdio.obj (.const)
                  00003870    00000012     uartstdio.obj (.const:.string)

.cinit     0    00003888    000000c0     
                  00003888    00000097     (.cinit..data.load) [load image, compression = rle]
                  0000391f    00000001     --HOLE-- [fill = 0]
                  00003920    0000000c     (__TI_handler_table)
                  0000392c    00000004     --HOLE-- [fill = 0]
                  00003930    00000008     (.cinit..bss.load) [load image, compression = zero_init]
                  00003938    00000010     (__TI_cinit_table)

.init_array 
*          0    00000000    00000000     UNINITIALIZED

.bss       0    20000000    00000278     UNINITIALIZED
                  20000000    00000124     main.obj (.bss:g_sI2CInst)
                  20000124    00000058     main.obj (.bss:g_sCompDCMInst)
                  2000017c    00000030     main.obj (.bss:pfData)
                  200001ac    00000010     (.common:pfData_int)
                  200001bc    0000000c     (.common:e)
                  200001c8    0000000c     (.common:e_roll)
                  200001d4    0000000c     (.common:ev)
                  200001e0    00000008     (.common:pfData_int_Mag)
                  200001e8    00000008     (.common:pui8Buffer)
                  200001f0    00000008     (.common:u)
                  200001f8    00000008     (.common:u_roll)
                  20000200    00000008     (.common:uv)
                  20000208    00000004     (.common:g_ui32SchedulerTickCount)
                  2000020c    00000004     (.common:pfAccel)
                  20000210    00000004     (.common:pfEulers)
                  20000214    00000004     (.common:pfGyro)
                  20000218    00000004     (.common:pfMag)
                  2000021c    00000004     (.common:q0)
                  20000220    00000004     (.common:q0_roll)
                  20000224    00000004     (.common:q1)
                  20000228    00000004     (.common:q1_roll)
                  2000022c    00000004     (.common:q2)
                  20000230    00000004     (.common:q2_roll)
                  20000234    00000004     (.common:qv0)
                  20000238    00000004     (.common:qv1)
                  2000023c    00000004     (.common:qv2)
                  20000240    00000004     (.common:rotor1)
                  20000244    00000004     (.common:rotor2)
                  20000248    00000004     (.common:rotor3)
                  2000024c    00000004     (.common:tiempo1)
                  20000250    00000004     (.common:tiempo2)
                  20000254    00000004     (.common:tiempo3)
                  20000258    00000004     (.common:tiempo4)
                  2000025c    00000004     (.common:tiempo5)
                  20000260    00000004     (.common:tiempoCanal1)
                  20000264    00000004     (.common:tiempoCanal2)
                  20000268    00000004     (.common:tiempoCanal3)
                  2000026c    00000004     (.common:tiempoCanal4)
                  20000270    00000004     (.common:tiempoCanal5)
                  20000274    00000004     (.common:ui32CompDCMStarted)

.TI.noinit 
*          0    20000000    00000000     UNINITIALIZED

.stack     0    20000278    00000200     UNINITIALIZED
                  20000278    00000200     --HOLE--

.data      0    20000478    000001d8     UNINITIALIZED
                  20000478    000000b0     rtsv7M4_T_le_v4SPD16_eabi.lib : signal.obj (.data:sigtable)
                  20000528    00000068                                   : xfvalues.obj (.data)
                  20000590    00000050     main.obj (.data:g_psSchedulerTable)
                  200005e0    00000048     main.obj (.data)
                  20000628    00000008     rtsv7M4_T_le_v4SPD16_eabi.lib : _lock.obj (.data)
                  20000630    00000008                                   : exit.obj (.data)
                  20000638    00000008                                   : feraiseexcept.obj (.data)
                  20000640    00000005     uartstdio.obj (.data)
                  20000645    00000003     --HOLE--
                  20000648    00000004     rtsv7M4_T_le_v4SPD16_eabi.lib : errno.obj (.data)
                  2000064c    00000004                                   : stkdepth_vars.obj (.data)

.TI.persistent 
*          0    20000478    00000000     UNINITIALIZED


LINKER GENERATED COPY TABLES

__TI_cinit_table @ 00003938 records: 2, size/record: 8, table size: 16
	.data: load addr=00003888, load size=00000097 bytes, run addr=20000478, run size=000001d8 bytes, compression=rle
	.bss: load addr=00003930, load size=00000008 bytes, run addr=20000000, run size=00000278 bytes, compression=zero_init


LINKER GENERATED HANDLER TABLE

__TI_handler_table @ 00003920 records: 3, size/record: 4, table size: 12
	index: 0, handler: __TI_decompress_rle24
	index: 1, handler: __TI_decompress_none
	index: 2, handler: __TI_zero_init


GLOBAL SYMBOLS: SORTED ALPHABETICALLY BY Name 

address   name                      
-------   ----                      
000030a1  C$$EXIT                   
0000369d  CompDCMAccelUpdate        
00003129  CompDCMComputeEulers      
000036ab  CompDCMGyroUpdate         
00003019  CompDCMInit               
000036b9  CompDCMMagnetoUpdate      
000026ad  CompDCMStart              
00001ab9  CompDCMUpdate             
000029d9  I2CMCommand               
00003385  I2CMInit                  
00002505  I2CMIntHandler            
00003319  I2CMRead                  
0000026d  I2CMSimpleCallback        
0000159b  I2CMSimpleIntHandler      
0000334f  I2CMWrite                 
00003735  I2CMasterControl          
00003739  I2CMasterDataGet          
0000373d  I2CMasterDataPut          
000036f9  I2CMasterEnable           
00002ea9  I2CMasterInitExpClk       
00003717  I2CMasterIntClear         
0000371f  I2CMasterIntEnableEx      
00003727  I2CMasterSlaveAddrSet     
00002c21  IntDisable                
00002c89  IntEnable                 
00001485  IntGPIOAHandler           
00001391  IntGPIOFHandler           
00002cf1  IntIsEnabled              
000036d5  IntTrigger                
000036ed  ResetISR                  
UNDEFED   SHT$$INIT_ARRAY$$Base     
UNDEFED   SHT$$INIT_ARRAY$$Limit    
000021a5  SchedulerElapsedTicksCalc 
00002195  SchedulerElapsedTicksGet  
0000209f  SchedulerInit             
000020bb  SchedulerRun              
00002095  SchedulerSysTickIntHandler
0000216d  SchedulerTaskDisable      
00002115  SchedulerTaskEnable       
0000218f  SchedulerTickCountGet     
000022f9  SysCtlClockGet            
000033b9  SysCtlPeripheralEnable    
000032a9  SysCtlPeripheralPresent   
0000363d  SysTickEnable             
00003651  SysTickIntEnable          
0000368d  SysTickPeriodSet          
200005f8  T                         
00003703  UARTCharGet               
0000370d  UARTCharPut               
00001347  UARTConfig                
00002fd3  UARTConfigSetExpClk       
000035c9  UARTDisable               
00003665  UARTEnable                
0000161d  UARTStdioConfig           
00001763  UARTgetc                  
000016a9  UARTgets                  
00001a83  UARTprintf                
00001789  UARTvprintf               
00001663  UARTwrite                 
00003421  VectorAdd                 
00002db3  VectorCrossProduct        
00003537  VectorDotProduct          
0000355d  VectorScale               
20000648  _Errno                    
0000275d  _FAtan                    
000034e1  _FDclass                  
20000528  _FDenorm                  
20000538  _FEps                     
20000548  _FInf                     
20000558  _FNan                     
20000578  _FRteps                   
20000568  _FSnan                    
20000588  _FXbig                    
2000058c  _FZero                    
20000638  _Fenv                     
00003455  _Feraise                  
2000063c  _Tls_setup__Fenv          
20000478  __STACK_END               
00000200  __STACK_SIZE              
20000478  __STACK_TOP               
00003938  __TI_CINIT_Base           
00003948  __TI_CINIT_Limit          
00003920  __TI_Handler_Table_Base   
0000392c  __TI_Handler_Table_Limit  
00002b49  __TI_auto_init            
20000630  __TI_cleanup_ptr          
000036c7  __TI_decompress_none      
0000372f  __TI_decompress_rle24     
20000634  __TI_dtors_ptr            
00000000  __TI_static_base__        
000036e1  __TI_zero_init            
00002adb  __aeabi_d2f               
000030e5  __aeabi_d2uiz             
00001d53  __aeabi_dadd              
00002409  __aeabi_dmul              
00001d49  __aeabi_dsub              
000032e1  __aeabi_f2d               
00003485  __aeabi_i2d               
00001eff  __aeabi_idiv0             
00002a61  __aeabi_memclr            
00002a61  __aeabi_memclr4           
00002a61  __aeabi_memclr8           
000028a5  __aeabi_memcpy            
000028a5  __aeabi_memcpy4           
000028a5  __aeabi_memcpy8           
00002a63  __aeabi_memset            
00002a63  __aeabi_memset4           
00002a63  __aeabi_memset8           
000035e9  __aeabi_ui2d              
000031ed  __aeabi_uidiv             
000031ed  __aeabi_uidivmod          
ffffffff  __binit__                 
ffffffff  __c_args__                
20000278  __stack                   
00003625  _args_main                
00002e59  _c_int00                  
20000628  _lock                     
00003687  _nop                      
0000367f  _register_lock            
00003679  _register_unlock          
00003741  _system_pre_init          
2000062c  _unlock                   
000030a5  abort                     
000025f9  asinf                     
000021e1  atan2f                    
ffffffff  binit                     
00000c95  convertirVelocidad        
00002ef5  copy_in                   
200001bc  e                         
200001c8  e_roll                    
200001d4  ev                        
000030ad  exit                      
000033ed  feraiseexcept             
200005e8  g_bI2CMSimpleDone         
00000000  g_pfnVectors              
20000590  g_psSchedulerTable        
20000124  g_sCompDCMInst            
20000000  g_sI2CInst                
200005e0  g_ui32SchedulerNumTasks   
200005e4  g_ulSchedulerNumTasks     
00002805  gpioAConfig               
200005ec  kp                        
200005fc  kp_roll                   
20000608  kpv                       
00000285  main                      
2000064c  main_func_sp              
000028a5  memcpy                    
00002a69  memset                    
2000020c  pfAccel                   
2000017c  pfData                    
200001ac  pfData_int                
200001e0  pfData_int_Mag            
20000210  pfEulers                  
20000214  pfGyro                    
20000218  pfMag                     
200001e8  pui8Buffer                
00001f01  pwmInit                   
2000021c  q0                        
20000220  q0_roll                   
20000224  q1                        
20000228  q1_roll                   
2000022c  q2                        
20000230  q2_roll                   
20000234  qv0                       
20000238  qv1                       
2000023c  qv2                       
000034b3  raise                     
20000240  rotor1                    
20000244  rotor2                    
20000248  rotor3                    
000031ad  signal                    
00003585  sqrtf                     
200005f4  td                        
20000604  td_roll                   
20000610  tdv                       
200005f0  ti                        
20000600  ti_roll                   
2000024c  tiempo1                   
20000250  tiempo2                   
20000254  tiempo3                   
20000258  tiempo4                   
2000025c  tiempo5                   
20000260  tiempoCanal1              
20000264  tiempoCanal2              
20000268  tiempoCanal3              
2000026c  tiempoCanal4              
20000270  tiempoCanal5              
0000326d  timerConfig               
2000060c  tiv                       
200001f0  u                         
200001f8  u_roll                    
20000274  ui32CompDCMStarted        
20000614  ultimoValorCanal1         
20000618  ultimoValorCanal2         
2000061c  ultimoValorCanal3         
20000620  ultimoValorCanal4         
20000624  ultimoValorCanal5         
20000200  uv                        
00001fd1  velocidadMotor            


GLOBAL SYMBOLS: SORTED BY Symbol Address 

address   name                      
-------   ----                      
00000000  __TI_static_base__        
00000000  g_pfnVectors              
00000200  __STACK_SIZE              
0000026d  I2CMSimpleCallback        
00000285  main                      
00000c95  convertirVelocidad        
00001347  UARTConfig                
00001391  IntGPIOFHandler           
00001485  IntGPIOAHandler           
0000159b  I2CMSimpleIntHandler      
0000161d  UARTStdioConfig           
00001663  UARTwrite                 
000016a9  UARTgets                  
00001763  UARTgetc                  
00001789  UARTvprintf               
00001a83  UARTprintf                
00001ab9  CompDCMUpdate             
00001d49  __aeabi_dsub              
00001d53  __aeabi_dadd              
00001eff  __aeabi_idiv0             
00001f01  pwmInit                   
00001fd1  velocidadMotor            
00002095  SchedulerSysTickIntHandler
0000209f  SchedulerInit             
000020bb  SchedulerRun              
00002115  SchedulerTaskEnable       
0000216d  SchedulerTaskDisable      
0000218f  SchedulerTickCountGet     
00002195  SchedulerElapsedTicksGet  
000021a5  SchedulerElapsedTicksCalc 
000021e1  atan2f                    
000022f9  SysCtlClockGet            
00002409  __aeabi_dmul              
00002505  I2CMIntHandler            
000025f9  asinf                     
000026ad  CompDCMStart              
0000275d  _FAtan                    
00002805  gpioAConfig               
000028a5  __aeabi_memcpy            
000028a5  __aeabi_memcpy4           
000028a5  __aeabi_memcpy8           
000028a5  memcpy                    
000029d9  I2CMCommand               
00002a61  __aeabi_memclr            
00002a61  __aeabi_memclr4           
00002a61  __aeabi_memclr8           
00002a63  __aeabi_memset            
00002a63  __aeabi_memset4           
00002a63  __aeabi_memset8           
00002a69  memset                    
00002adb  __aeabi_d2f               
00002b49  __TI_auto_init            
00002c21  IntDisable                
00002c89  IntEnable                 
00002cf1  IntIsEnabled              
00002db3  VectorCrossProduct        
00002e59  _c_int00                  
00002ea9  I2CMasterInitExpClk       
00002ef5  copy_in                   
00002fd3  UARTConfigSetExpClk       
00003019  CompDCMInit               
000030a1  C$$EXIT                   
000030a5  abort                     
000030ad  exit                      
000030e5  __aeabi_d2uiz             
00003129  CompDCMComputeEulers      
000031ad  signal                    
000031ed  __aeabi_uidiv             
000031ed  __aeabi_uidivmod          
0000326d  timerConfig               
000032a9  SysCtlPeripheralPresent   
000032e1  __aeabi_f2d               
00003319  I2CMRead                  
0000334f  I2CMWrite                 
00003385  I2CMInit                  
000033b9  SysCtlPeripheralEnable    
000033ed  feraiseexcept             
00003421  VectorAdd                 
00003455  _Feraise                  
00003485  __aeabi_i2d               
000034b3  raise                     
000034e1  _FDclass                  
00003537  VectorDotProduct          
0000355d  VectorScale               
00003585  sqrtf                     
000035c9  UARTDisable               
000035e9  __aeabi_ui2d              
00003625  _args_main                
0000363d  SysTickEnable             
00003651  SysTickIntEnable          
00003665  UARTEnable                
00003679  _register_unlock          
0000367f  _register_lock            
00003687  _nop                      
0000368d  SysTickPeriodSet          
0000369d  CompDCMAccelUpdate        
000036ab  CompDCMGyroUpdate         
000036b9  CompDCMMagnetoUpdate      
000036c7  __TI_decompress_none      
000036d5  IntTrigger                
000036e1  __TI_zero_init            
000036ed  ResetISR                  
000036f9  I2CMasterEnable           
00003703  UARTCharGet               
0000370d  UARTCharPut               
00003717  I2CMasterIntClear         
0000371f  I2CMasterIntEnableEx      
00003727  I2CMasterSlaveAddrSet     
0000372f  __TI_decompress_rle24     
00003735  I2CMasterControl          
00003739  I2CMasterDataGet          
0000373d  I2CMasterDataPut          
00003741  _system_pre_init          
00003920  __TI_Handler_Table_Base   
0000392c  __TI_Handler_Table_Limit  
00003938  __TI_CINIT_Base           
00003948  __TI_CINIT_Limit          
20000000  g_sI2CInst                
20000124  g_sCompDCMInst            
2000017c  pfData                    
200001ac  pfData_int                
200001bc  e                         
200001c8  e_roll                    
200001d4  ev                        
200001e0  pfData_int_Mag            
200001e8  pui8Buffer                
200001f0  u                         
200001f8  u_roll                    
20000200  uv                        
2000020c  pfAccel                   
20000210  pfEulers                  
20000214  pfGyro                    
20000218  pfMag                     
2000021c  q0                        
20000220  q0_roll                   
20000224  q1                        
20000228  q1_roll                   
2000022c  q2                        
20000230  q2_roll                   
20000234  qv0                       
20000238  qv1                       
2000023c  qv2                       
20000240  rotor1                    
20000244  rotor2                    
20000248  rotor3                    
2000024c  tiempo1                   
20000250  tiempo2                   
20000254  tiempo3                   
20000258  tiempo4                   
2000025c  tiempo5                   
20000260  tiempoCanal1              
20000264  tiempoCanal2              
20000268  tiempoCanal3              
2000026c  tiempoCanal4              
20000270  tiempoCanal5              
20000274  ui32CompDCMStarted        
20000278  __stack                   
20000478  __STACK_END               
20000478  __STACK_TOP               
20000528  _FDenorm                  
20000538  _FEps                     
20000548  _FInf                     
20000558  _FNan                     
20000568  _FSnan                    
20000578  _FRteps                   
20000588  _FXbig                    
2000058c  _FZero                    
20000590  g_psSchedulerTable        
200005e0  g_ui32SchedulerNumTasks   
200005e4  g_ulSchedulerNumTasks     
200005e8  g_bI2CMSimpleDone         
200005ec  kp                        
200005f0  ti                        
200005f4  td                        
200005f8  T                         
200005fc  kp_roll                   
20000600  ti_roll                   
20000604  td_roll                   
20000608  kpv                       
2000060c  tiv                       
20000610  tdv                       
20000614  ultimoValorCanal1         
20000618  ultimoValorCanal2         
2000061c  ultimoValorCanal3         
20000620  ultimoValorCanal4         
20000624  ultimoValorCanal5         
20000628  _lock                     
2000062c  _unlock                   
20000630  __TI_cleanup_ptr          
20000634  __TI_dtors_ptr            
20000638  _Fenv                     
2000063c  _Tls_setup__Fenv          
20000648  _Errno                    
2000064c  main_func_sp              
ffffffff  __binit__                 
ffffffff  __c_args__                
ffffffff  binit                     
UNDEFED   SHT$$INIT_ARRAY$$Base     
UNDEFED   SHT$$INIT_ARRAY$$Limit    

[199 symbols]
