******************************************************************************
                  TI ARM Linker PC v5.2.9                      
******************************************************************************
>> Linked Thu Nov 23 23:40:20 2017

OUTPUT FILE NAME:   <triHelice.out>
ENTRY POINT SYMBOL: "_c_int00"  address: 00001cc1


MEMORY CONFIGURATION

         name            origin    length      used     unused   attr    fill
----------------------  --------  ---------  --------  --------  ----  --------
  FLASH                 00000000   00040000  000025ea  0003da16  R  X
  SRAM                  20000000   00008000  00000494  00007b6c  RW X


SEGMENT ALLOCATION MAP

run origin  load origin   length   init length attrs members
----------  ----------- ---------- ----------- ----- -------
00000000    00000000    000025f0   000025f0    r-x
  00000000    00000000    0000026c   0000026c    r-- .intvecs
  0000026c    0000026c    00002234   00002234    r-x .text
  000024a0    000024a0    0000010a   0000010a    r-- .const
  000025b0    000025b0    00000040   00000040    r-- .cinit
20000000    20000000    00000494   00000000    rw-
  20000000    20000000    00000200   00000000    rw- .stack
  20000200    20000200    000001a8   00000000    rw- .bss
  200003a8    200003a8    000000ec   00000000    rw- .data


SECTION ALLOCATION MAP

 output                                  attributes/
section   page    origin      length       input sections
--------  ----  ----------  ----------   ----------------
.intvecs   0    00000000    0000026c     
                  00000000    0000026c     tm4c123gh6pm_startup_ccs.obj (.intvecs)

.text      0    0000026c    00002234     
                  0000026c    00000618     main.obj (.text)
                  00000884    0000049c     uartstdio.obj (.text)
                  00000d20    00000290     sensorlib.lib : comp_dcm.obj (.text:CompDCMUpdate)
                  00000fb0    000001b6     rtsv7M4_T_le_v4SPD16_eabi.lib : fd_add_t2.obj (.text)
                  00001166    00000002                                   : i_div0.obj (.text)
                  00001168    00000154     pwm.obj (.text)
                  000012bc    00000110     driverlib.lib : sysctl.obj (.text:SysCtlClockGet)
                  000013cc    000000fc     rtsv7M4_T_le_v4SPD16_eabi.lib : fd_mul_t2.obj (.text)
                  000014c8    000000f2     sensorlib.lib : i2cm_drv.obj (.text:I2CMIntHandler)
                  000015ba    000000b0                   : comp_dcm.obj (.text:CompDCMStart)
                  0000166a    00000002     --HOLE-- [fill = 0]
                  0000166c    000000a0     gpioAReceiver.obj (.text)
                  0000170c    0000009c     rtsv7M4_T_le_v4SPD16_eabi.lib : memcpy_t2.obj (.text)
                  000017a8    00000098     sensorlib.lib : i2cm_drv.obj (.text:I2CMStateIdle)
                  00001840    00000088                   : i2cm_drv.obj (.text:I2CMCommand)
                  000018c8    0000007a     rtsv7M4_T_le_v4SPD16_eabi.lib : memset_t2.obj (.text)
                  00001942    0000006e                                   : fd_tos_t2.obj (.text)
                  000019b0    0000006c                                   : autoinit.obj (.text)
                  00001a1c    0000006a                                   : copy_decompress_rle.obj (.text)
                  00001a86    00000002     --HOLE-- [fill = 0]
                  00001a88    00000068     driverlib.lib : interrupt.obj (.text:IntDisable)
                  00001af0    00000068                   : interrupt.obj (.text:IntEnable)
                  00001b58    00000064                   : interrupt.obj (.text:IntIsEnabled)
                  00001bbc    0000005e     sensorlib.lib : i2cm_drv.obj (.text:I2CMStateWritePause)
                  00001c1a    00000056                   : vector.obj (.text:VectorCrossProduct)
                  00001c70    00000050                   : i2cm_drv.obj (.text:I2CMStateWriteFinal)
                  00001cc0    00000050     rtsv7M4_T_le_v4SPD16_eabi.lib : boot.obj (.text)
                  00001d10    0000004c     driverlib.lib : i2c.obj (.text:I2CMasterInitExpClk)
                  00001d5c    0000004c     rtsv7M4_T_le_v4SPD16_eabi.lib : cpy_tbl.obj (.text)
                  00001da8    0000004a     sensorlib.lib : i2cm_drv.obj (.text:I2CMStateReadNext)
                  00001df2    00000048                   : i2cm_drv.obj (.text:I2CMStateWriteNext)
                  00001e3a    00000046     driverlib.lib : uart.obj (.text:UARTConfigSetExpClk)
                  00001e80    00000044     sensorlib.lib : comp_dcm.obj (.text:CompDCMInit)
                  00001ec4    00000044                   : i2cm_drv.obj (.text:I2CMStateCallback)
                  00001f08    00000044     rtsv7M4_T_le_v4SPD16_eabi.lib : exit.obj (.text)
                  00001f4c    00000042     sensorlib.lib : i2cm_drv.obj (.text:I2CMStateReadFinal)
                  00001f8e    00000002     --HOLE-- [fill = 0]
                  00001f90    00000040     rtsv7M4_T_le_v4SPD16_eabi.lib : signal.obj (.text)
                  00001fd0    00000040                                   : u_divt2.obj (.text)
                  00002010    0000003e     sensorlib.lib : i2cm_drv.obj (.text:I2CMStateReadPause)
                  0000204e    00000002     --HOLE-- [fill = 0]
                  00002050    0000003c     timer.obj (.text)
                  0000208c    00000038     driverlib.lib : sysctl.obj (.text:SysCtlPeripheralPresent)
                  000020c4    00000038     rtsv7M4_T_le_v4SPD16_eabi.lib : fs_tod_t2.obj (.text)
                  000020fc    00000036     main.obj (.text:I2CMRead)
                  00002132    00000036     main.obj (.text:I2CMWrite)
                  00002168    00000034     sensorlib.lib : i2cm_drv.obj (.text:I2CMInit)
                  0000219c    00000034     driverlib.lib : sysctl.obj (.text:SysCtlPeripheralEnable)
                  000021d0    00000034     rtsv7M4_T_le_v4SPD16_eabi.lib : feraiseexcept.obj (.text)
                  00002204    00000032     sensorlib.lib : vector.obj (.text:VectorAdd)
                  00002236    00000002     --HOLE-- [fill = 0]
                  00002238    00000030     rtsv7M4_T_le_v4SPD16_eabi.lib : xferaise.obj (.text)
                  00002268    0000002e                                   : raise.obj (.text)
                  00002296    0000002c                                   : xfdclass.obj (.text)
                  000022c2    0000002a     sensorlib.lib : i2cm_drv.obj (.text:I2CMStateReadFirst)
                  000022ec    00000026                   : vector.obj (.text:VectorDotProduct)
                  00002312    00000026                   : vector.obj (.text:VectorScale)
                  00002338    00000024     rtsv7M4_T_le_v4SPD16_eabi.lib : sqrtf.obj (.text)
                  0000235c    00000020     sensorlib.lib : i2cm_drv.obj (.text:I2CMStateReadOne)
                  0000237c    00000020     driverlib.lib : uart.obj (.text:UARTDisable)
                  0000239c    0000001a     sensorlib.lib : i2cm_drv.obj (.text:I2CMStateReadWait)
                  000023b6    00000002     --HOLE-- [fill = 0]
                  000023b8    00000018     rtsv7M4_T_le_v4SPD16_eabi.lib : args_main.obj (.text)
                  000023d0    00000014     driverlib.lib : uart.obj (.text:UARTEnable)
                  000023e4    00000014     rtsv7M4_T_le_v4SPD16_eabi.lib : _lock.obj (.text)
                  000023f8    0000000e     sensorlib.lib : comp_dcm.obj (.text:CompDCMAccelUpdate)
                  00002406    0000000e                   : comp_dcm.obj (.text:CompDCMGyroUpdate)
                  00002414    0000000e                   : comp_dcm.obj (.text:CompDCMMagnetoUpdate)
                  00002422    0000000e     rtsv7M4_T_le_v4SPD16_eabi.lib : copy_decompress_none.obj (.text:decompress:none)
                  00002430    0000000c     driverlib.lib : interrupt.obj (.text:IntTrigger)
                  0000243c    0000000c     rtsv7M4_T_le_v4SPD16_eabi.lib : copy_zero_init.obj (.text:decompress:ZI)
                  00002448    0000000c     tm4c123gh6pm_startup_ccs.obj (.text)
                  00002454    0000000a     driverlib.lib : i2c.obj (.text:I2CMasterEnable)
                  0000245e    0000000a                   : uart.obj (.text:UARTCharGet)
                  00002468    0000000a                   : uart.obj (.text:UARTCharPut)
                  00002472    00000008                   : i2c.obj (.text:I2CMasterIntClear)
                  0000247a    00000008                   : i2c.obj (.text:I2CMasterIntEnableEx)
                  00002482    00000008                   : i2c.obj (.text:I2CMasterSlaveAddrSet)
                  0000248a    00000006     rtsv7M4_T_le_v4SPD16_eabi.lib : copy_decompress_rle.obj (.text:decompress:rle24)
                  00002490    00000004     driverlib.lib : i2c.obj (.text:I2CMasterControl)
                  00002494    00000004                   : i2c.obj (.text:I2CMasterDataGet)
                  00002498    00000004                   : i2c.obj (.text:I2CMasterDataPut)
                  0000249c    00000004     rtsv7M4_T_le_v4SPD16_eabi.lib : pre_init.obj (.text)

.const     0    000024a0    0000010a     
                  000024a0    00000070     driverlib.lib : interrupt.obj (.const)
                  00002510    0000006c                   : sysctl.obj (.const:g_pui32Xtals)
                  0000257c    0000001c     uartstdio.obj (.const)
                  00002598    00000012     uartstdio.obj (.const:.string)

.cinit     0    000025b0    00000040     
                  000025b0    00000016     (.cinit..data.load) [load image, compression = rle]
                  000025c6    00000002     --HOLE-- [fill = 0]
                  000025c8    0000000c     (__TI_handler_table)
                  000025d4    00000004     --HOLE-- [fill = 0]
                  000025d8    00000008     (.cinit..bss.load) [load image, compression = zero_init]
                  000025e0    00000010     (__TI_cinit_table)

.init_array 
*          0    00000000    00000000     UNINITIALIZED

.stack     0    20000000    00000200     UNINITIALIZED
                  20000000    00000200     --HOLE--

.bss       0    20000200    000001a8     UNINITIALIZED
                  20000200    00000124     main.obj (.bss:g_sI2CInst)
                  20000324    00000058     main.obj (.bss:g_sCompDCMInst)
                  2000037c    00000008     (.common:pui8Buffer)
                  20000384    00000004     (.common:tiempo2)
                  20000388    00000004     (.common:tiempo3)
                  2000038c    00000004     (.common:tiempo4)
                  20000390    00000004     (.common:tiempo5)
                  20000394    00000004     (.common:tiempoCanal2)
                  20000398    00000004     (.common:tiempoCanal3)
                  2000039c    00000004     (.common:tiempoCanal4)
                  200003a0    00000004     (.common:tiempoCanal5)
                  200003a4    00000004     (.common:ui32CompDCMStarted)

.TI.noinit 
*          0    20000200    00000000     UNINITIALIZED

.data      0    200003a8    000000ec     UNINITIALIZED
                  200003a8    000000b0     rtsv7M4_T_le_v4SPD16_eabi.lib : signal.obj (.data:sigtable)
                  20000458    00000011     main.obj (.data)
                  20000469    00000003     --HOLE--
                  2000046c    00000008     rtsv7M4_T_le_v4SPD16_eabi.lib : _lock.obj (.data)
                  20000474    00000008                                   : exit.obj (.data)
                  2000047c    00000008                                   : feraiseexcept.obj (.data)
                  20000484    00000005     uartstdio.obj (.data)
                  20000489    00000003     --HOLE--
                  2000048c    00000004     rtsv7M4_T_le_v4SPD16_eabi.lib : errno.obj (.data)
                  20000490    00000004                                   : stkdepth_vars.obj (.data)

.TI.persistent 
*          0    200003a8    00000000     UNINITIALIZED


LINKER GENERATED COPY TABLES

__TI_cinit_table @ 000025e0 records: 2, size/record: 8, table size: 16
	.data: load addr=000025b0, load size=00000016 bytes, run addr=200003a8, run size=000000ec bytes, compression=rle
	.bss: load addr=000025d8, load size=00000008 bytes, run addr=20000200, run size=000001a8 bytes, compression=zero_init


LINKER GENERATED HANDLER TABLE

__TI_handler_table @ 000025c8 records: 3, size/record: 4, table size: 12
	index: 0, handler: __TI_decompress_rle24
	index: 1, handler: __TI_decompress_none
	index: 2, handler: __TI_zero_init


GLOBAL SYMBOLS: SORTED ALPHABETICALLY BY Name 

address   name                    
-------   ----                    
00001f09  C$$EXIT                 
000023f9  CompDCMAccelUpdate      
00002407  CompDCMGyroUpdate       
00001e81  CompDCMInit             
00002415  CompDCMMagnetoUpdate    
000015bb  CompDCMStart            
00000d21  CompDCMUpdate           
00001841  I2CMCommand             
00002169  I2CMInit                
000014c9  I2CMIntHandler          
000020fd  I2CMRead                
0000026d  I2CMSimpleCallback      
0000082b  I2CMSimpleIntHandler    
00002133  I2CMWrite               
00002491  I2CMasterControl        
00002495  I2CMasterDataGet        
00002499  I2CMasterDataPut        
00002455  I2CMasterEnable         
00001d11  I2CMasterInitExpClk     
00002473  I2CMasterIntClear       
0000247b  I2CMasterIntEnableEx    
00002483  I2CMasterSlaveAddrSet   
00001a89  IntDisable              
00001af1  IntEnable               
00000715  IntGPIOAHandler         
00001b59  IntIsEnabled            
00002431  IntTrigger              
00000607  MPU9250Init             
00000589  MPU9250Read             
00000555  MPU9250Write            
00002449  ResetISR                
UNDEFED   SHT$$INIT_ARRAY$$Base   
UNDEFED   SHT$$INIT_ARRAY$$Limit  
000012bd  SysCtlClockGet          
0000219d  SysCtlPeripheralEnable  
0000208d  SysCtlPeripheralPresent 
0000245f  UARTCharGet             
00002469  UARTCharPut             
0000065d  UARTConfig              
00001e3b  UARTConfigSetExpClk     
0000237d  UARTDisable             
000023d1  UARTEnable              
00000885  UARTStdioConfig         
000009cb  UARTgetc                
00000911  UARTgets                
00000ceb  UARTprintf              
000009f1  UARTvprintf             
000008cb  UARTwrite               
00002205  VectorAdd               
00001c1b  VectorCrossProduct      
000022ed  VectorDotProduct        
00002313  VectorScale             
2000048c  _Errno                  
00002297  _FDclass                
2000047c  _Fenv                   
00002239  _Feraise                
20000480  _Tls_setup__Fenv        
20000200  __STACK_END             
00000200  __STACK_SIZE            
20000200  __STACK_TOP             
000025e0  __TI_CINIT_Base         
000025f0  __TI_CINIT_Limit        
000025c8  __TI_Handler_Table_Base 
000025d4  __TI_Handler_Table_Limit
000019b1  __TI_auto_init          
20000474  __TI_cleanup_ptr        
00002423  __TI_decompress_none    
0000248b  __TI_decompress_rle24   
20000478  __TI_dtors_ptr          
00000000  __TI_static_base__      
0000243d  __TI_zero_init          
00001943  __aeabi_d2f             
00000fbb  __aeabi_dadd            
000013cd  __aeabi_dmul            
00000fb1  __aeabi_dsub            
000020c5  __aeabi_f2d             
00001167  __aeabi_idiv0           
000018c9  __aeabi_memclr          
000018c9  __aeabi_memclr4         
000018c9  __aeabi_memclr8         
0000170d  __aeabi_memcpy          
0000170d  __aeabi_memcpy4         
0000170d  __aeabi_memcpy8         
000018cb  __aeabi_memset          
000018cb  __aeabi_memset4         
000018cb  __aeabi_memset8         
00001fd1  __aeabi_uidiv           
00001fd1  __aeabi_uidivmod        
ffffffff  __binit__               
ffffffff  __c_args__              
20000000  __stack                 
000023b9  _args_main              
00001cc1  _c_int00                
2000046c  _lock                   
000023f3  _nop                    
000023eb  _register_lock          
000023e5  _register_unlock        
0000249d  _system_pre_init        
20000470  _unlock                 
00001f0d  abort                   
ffffffff  binit                   
0000122f  changeDuty              
00001d5d  copy_in                 
00001f15  exit                    
000021d1  feraiseexcept           
20000468  g_bI2CMSimpleDone       
00000000  g_pfnVectors            
20000324  g_sCompDCMInst          
20000200  g_sI2CInst              
0000166d  gpioAConfig             
0000027f  main                    
20000490  main_func_sp            
0000170d  memcpy                  
000018d1  memset                  
2000037c  pui8Buffer              
00001169  pwmInit                 
00002269  raise                   
00001f91  signal                  
00002339  sqrtf                   
20000384  tiempo2                 
20000388  tiempo3                 
2000038c  tiempo4                 
20000390  tiempo5                 
20000394  tiempoCanal2            
20000398  tiempoCanal3            
2000039c  tiempoCanal4            
200003a0  tiempoCanal5            
00002051  timerConfig             
200003a4  ui32CompDCMStarted      
20000458  ultimoValorCanal2       
2000045c  ultimoValorCanal3       
20000460  ultimoValorCanal4       
20000464  ultimoValorCanal5       


GLOBAL SYMBOLS: SORTED BY Symbol Address 

address   name                    
-------   ----                    
00000000  __TI_static_base__      
00000000  g_pfnVectors            
00000200  __STACK_SIZE            
0000026d  I2CMSimpleCallback      
0000027f  main                    
00000555  MPU9250Write            
00000589  MPU9250Read             
00000607  MPU9250Init             
0000065d  UARTConfig              
00000715  IntGPIOAHandler         
0000082b  I2CMSimpleIntHandler    
00000885  UARTStdioConfig         
000008cb  UARTwrite               
00000911  UARTgets                
000009cb  UARTgetc                
000009f1  UARTvprintf             
00000ceb  UARTprintf              
00000d21  CompDCMUpdate           
00000fb1  __aeabi_dsub            
00000fbb  __aeabi_dadd            
00001167  __aeabi_idiv0           
00001169  pwmInit                 
0000122f  changeDuty              
000012bd  SysCtlClockGet          
000013cd  __aeabi_dmul            
000014c9  I2CMIntHandler          
000015bb  CompDCMStart            
0000166d  gpioAConfig             
0000170d  __aeabi_memcpy          
0000170d  __aeabi_memcpy4         
0000170d  __aeabi_memcpy8         
0000170d  memcpy                  
00001841  I2CMCommand             
000018c9  __aeabi_memclr          
000018c9  __aeabi_memclr4         
000018c9  __aeabi_memclr8         
000018cb  __aeabi_memset          
000018cb  __aeabi_memset4         
000018cb  __aeabi_memset8         
000018d1  memset                  
00001943  __aeabi_d2f             
000019b1  __TI_auto_init          
00001a89  IntDisable              
00001af1  IntEnable               
00001b59  IntIsEnabled            
00001c1b  VectorCrossProduct      
00001cc1  _c_int00                
00001d11  I2CMasterInitExpClk     
00001d5d  copy_in                 
00001e3b  UARTConfigSetExpClk     
00001e81  CompDCMInit             
00001f09  C$$EXIT                 
00001f0d  abort                   
00001f15  exit                    
00001f91  signal                  
00001fd1  __aeabi_uidiv           
00001fd1  __aeabi_uidivmod        
00002051  timerConfig             
0000208d  SysCtlPeripheralPresent 
000020c5  __aeabi_f2d             
000020fd  I2CMRead                
00002133  I2CMWrite               
00002169  I2CMInit                
0000219d  SysCtlPeripheralEnable  
000021d1  feraiseexcept           
00002205  VectorAdd               
00002239  _Feraise                
00002269  raise                   
00002297  _FDclass                
000022ed  VectorDotProduct        
00002313  VectorScale             
00002339  sqrtf                   
0000237d  UARTDisable             
000023b9  _args_main              
000023d1  UARTEnable              
000023e5  _register_unlock        
000023eb  _register_lock          
000023f3  _nop                    
000023f9  CompDCMAccelUpdate      
00002407  CompDCMGyroUpdate       
00002415  CompDCMMagnetoUpdate    
00002423  __TI_decompress_none    
00002431  IntTrigger              
0000243d  __TI_zero_init          
00002449  ResetISR                
00002455  I2CMasterEnable         
0000245f  UARTCharGet             
00002469  UARTCharPut             
00002473  I2CMasterIntClear       
0000247b  I2CMasterIntEnableEx    
00002483  I2CMasterSlaveAddrSet   
0000248b  __TI_decompress_rle24   
00002491  I2CMasterControl        
00002495  I2CMasterDataGet        
00002499  I2CMasterDataPut        
0000249d  _system_pre_init        
000025c8  __TI_Handler_Table_Base 
000025d4  __TI_Handler_Table_Limit
000025e0  __TI_CINIT_Base         
000025f0  __TI_CINIT_Limit        
20000000  __stack                 
20000200  __STACK_END             
20000200  __STACK_TOP             
20000200  g_sI2CInst              
20000324  g_sCompDCMInst          
2000037c  pui8Buffer              
20000384  tiempo2                 
20000388  tiempo3                 
2000038c  tiempo4                 
20000390  tiempo5                 
20000394  tiempoCanal2            
20000398  tiempoCanal3            
2000039c  tiempoCanal4            
200003a0  tiempoCanal5            
200003a4  ui32CompDCMStarted      
20000458  ultimoValorCanal2       
2000045c  ultimoValorCanal3       
20000460  ultimoValorCanal4       
20000464  ultimoValorCanal5       
20000468  g_bI2CMSimpleDone       
2000046c  _lock                   
20000470  _unlock                 
20000474  __TI_cleanup_ptr        
20000478  __TI_dtors_ptr          
2000047c  _Fenv                   
20000480  _Tls_setup__Fenv        
2000048c  _Errno                  
20000490  main_func_sp            
ffffffff  __binit__               
ffffffff  __c_args__              
ffffffff  binit                   
UNDEFED   SHT$$INIT_ARRAY$$Base   
UNDEFED   SHT$$INIT_ARRAY$$Limit  

[133 symbols]
