******************************************************************************
                  TI ARM Linker PC v5.2.9                      
******************************************************************************
>> Linked Wed Nov 22 18:32:20 2017

OUTPUT FILE NAME:   <triHelice.out>
ENTRY POINT SYMBOL: "_c_int00"  address: 0000167d


MEMORY CONFIGURATION

         name            origin    length      used     unused   attr    fill
----------------------  --------  ---------  --------  --------  ----  --------
  FLASH                 00000000   00040000  00001e40  0003e1c0  R  X
  SRAM                  20000000   00008000  0000048c  00007b74  RW X


SEGMENT ALLOCATION MAP

run origin  load origin   length   init length attrs members
----------  ----------- ---------- ----------- ----- -------
00000000    00000000    00001e40   00001e40    r-x
  00000000    00000000    0000026c   0000026c    r-- .intvecs
  0000026c    0000026c    00001ab8   00001ab8    r-x .text
  00001d24    00001d24    000000dc   000000dc    r-- .const
  00001e00    00001e00    00000040   00000040    r-- .cinit
20000000    20000000    0000048c   00000000    rw-
  20000000    20000000    00000200   00000000    rw- .stack
  20000200    20000200    000001b4   00000000    rw- .bss
  200003b4    200003b4    000000d8   00000000    rw- .data


SECTION ALLOCATION MAP

 output                                  attributes/
section   page    origin      length       input sections
--------  ----  ----------  ----------   ----------------
.intvecs   0    00000000    0000026c     
                  00000000    0000026c     tm4c123gh6pm_startup_ccs.obj (.intvecs)

.text      0    0000026c    00001ab8     
                  0000026c    00000470     main.obj (.text)
                  000006dc    00000290     sensorlib.lib : comp_dcm.obj (.text:CompDCMUpdate)
                  0000096c    000001b6     rtsv7M4_T_le_v4SPD16_eabi.lib : fd_add_t2.obj (.text)
                  00000b22    00000002     --HOLE-- [fill = 0]
                  00000b24    00000154     pwm.obj (.text)
                  00000c78    00000110     driverlib.lib : sysctl.obj (.text:SysCtlClockGet)
                  00000d88    000000fc     rtsv7M4_T_le_v4SPD16_eabi.lib : fd_mul_t2.obj (.text)
                  00000e84    000000f2     sensorlib.lib : i2cm_drv.obj (.text:I2CMIntHandler)
                  00000f76    000000b0                   : comp_dcm.obj (.text:CompDCMStart)
                  00001026    00000002     --HOLE-- [fill = 0]
                  00001028    000000a0     gpioAReceiver.obj (.text)
                  000010c8    0000009c     rtsv7M4_T_le_v4SPD16_eabi.lib : memcpy_t2.obj (.text)
                  00001164    00000098     sensorlib.lib : i2cm_drv.obj (.text:I2CMStateIdle)
                  000011fc    00000088                   : i2cm_drv.obj (.text:I2CMCommand)
                  00001284    0000007a     rtsv7M4_T_le_v4SPD16_eabi.lib : memset_t2.obj (.text)
                  000012fe    0000006e                                   : fd_tos_t2.obj (.text)
                  0000136c    0000006c                                   : autoinit.obj (.text)
                  000013d8    0000006a                                   : copy_decompress_rle.obj (.text)
                  00001442    00000002     --HOLE-- [fill = 0]
                  00001444    00000068     driverlib.lib : interrupt.obj (.text:IntDisable)
                  000014ac    00000068                   : interrupt.obj (.text:IntEnable)
                  00001514    00000064                   : interrupt.obj (.text:IntIsEnabled)
                  00001578    0000005e     sensorlib.lib : i2cm_drv.obj (.text:I2CMStateWritePause)
                  000015d6    00000056                   : vector.obj (.text:VectorCrossProduct)
                  0000162c    00000050                   : i2cm_drv.obj (.text:I2CMStateWriteFinal)
                  0000167c    00000050     rtsv7M4_T_le_v4SPD16_eabi.lib : boot.obj (.text)
                  000016cc    0000004c     driverlib.lib : i2c.obj (.text:I2CMasterInitExpClk)
                  00001718    0000004c     rtsv7M4_T_le_v4SPD16_eabi.lib : cpy_tbl.obj (.text)
                  00001764    0000004a     sensorlib.lib : i2cm_drv.obj (.text:I2CMStateReadNext)
                  000017ae    00000048                   : i2cm_drv.obj (.text:I2CMStateWriteNext)
                  000017f6    00000002     --HOLE-- [fill = 0]
                  000017f8    00000044                   : comp_dcm.obj (.text:CompDCMInit)
                  0000183c    00000044                   : i2cm_drv.obj (.text:I2CMStateCallback)
                  00001880    00000044     rtsv7M4_T_le_v4SPD16_eabi.lib : exit.obj (.text)
                  000018c4    00000042     sensorlib.lib : i2cm_drv.obj (.text:I2CMStateReadFinal)
                  00001906    00000002     --HOLE-- [fill = 0]
                  00001908    00000040     rtsv7M4_T_le_v4SPD16_eabi.lib : signal.obj (.text)
                  00001948    0000003e     sensorlib.lib : i2cm_drv.obj (.text:I2CMStateReadPause)
                  00001986    00000002     --HOLE-- [fill = 0]
                  00001988    0000003c     timer.obj (.text)
                  000019c4    00000038     rtsv7M4_T_le_v4SPD16_eabi.lib : fs_tod_t2.obj (.text)
                  000019fc    00000036     main.obj (.text:I2CMRead)
                  00001a32    00000036     main.obj (.text:I2CMWrite)
                  00001a68    00000034     sensorlib.lib : i2cm_drv.obj (.text:I2CMInit)
                  00001a9c    00000034     rtsv7M4_T_le_v4SPD16_eabi.lib : feraiseexcept.obj (.text)
                  00001ad0    00000032     sensorlib.lib : vector.obj (.text:VectorAdd)
                  00001b02    00000002     --HOLE-- [fill = 0]
                  00001b04    00000030     rtsv7M4_T_le_v4SPD16_eabi.lib : xferaise.obj (.text)
                  00001b34    0000002e                                   : raise.obj (.text)
                  00001b62    0000002c                                   : xfdclass.obj (.text)
                  00001b8e    0000002a     sensorlib.lib : i2cm_drv.obj (.text:I2CMStateReadFirst)
                  00001bb8    00000026                   : vector.obj (.text:VectorDotProduct)
                  00001bde    00000026                   : vector.obj (.text:VectorScale)
                  00001c04    00000024     rtsv7M4_T_le_v4SPD16_eabi.lib : sqrtf.obj (.text)
                  00001c28    00000020     sensorlib.lib : i2cm_drv.obj (.text:I2CMStateReadOne)
                  00001c48    0000001a                   : i2cm_drv.obj (.text:I2CMStateReadWait)
                  00001c62    00000002     --HOLE-- [fill = 0]
                  00001c64    00000018     rtsv7M4_T_le_v4SPD16_eabi.lib : args_main.obj (.text)
                  00001c7c    00000014                                   : _lock.obj (.text)
                  00001c90    0000000e     sensorlib.lib : comp_dcm.obj (.text:CompDCMAccelUpdate)
                  00001c9e    0000000e                   : comp_dcm.obj (.text:CompDCMGyroUpdate)
                  00001cac    0000000e                   : comp_dcm.obj (.text:CompDCMMagnetoUpdate)
                  00001cba    0000000e     rtsv7M4_T_le_v4SPD16_eabi.lib : copy_decompress_none.obj (.text:decompress:none)
                  00001cc8    0000000c     driverlib.lib : interrupt.obj (.text:IntTrigger)
                  00001cd4    0000000c     rtsv7M4_T_le_v4SPD16_eabi.lib : copy_zero_init.obj (.text:decompress:ZI)
                  00001ce0    0000000c     tm4c123gh6pm_startup_ccs.obj (.text)
                  00001cec    0000000a     driverlib.lib : i2c.obj (.text:I2CMasterEnable)
                  00001cf6    00000008                   : i2c.obj (.text:I2CMasterIntClear)
                  00001cfe    00000008                   : i2c.obj (.text:I2CMasterIntEnableEx)
                  00001d06    00000008                   : i2c.obj (.text:I2CMasterSlaveAddrSet)
                  00001d0e    00000006     rtsv7M4_T_le_v4SPD16_eabi.lib : copy_decompress_rle.obj (.text:decompress:rle24)
                  00001d14    00000004     driverlib.lib : i2c.obj (.text:I2CMasterControl)
                  00001d18    00000004                   : i2c.obj (.text:I2CMasterDataGet)
                  00001d1c    00000004                   : i2c.obj (.text:I2CMasterDataPut)
                  00001d20    00000004     rtsv7M4_T_le_v4SPD16_eabi.lib : pre_init.obj (.text)

.const     0    00001d24    000000dc     
                  00001d24    00000070     driverlib.lib : interrupt.obj (.const)
                  00001d94    0000006c                   : sysctl.obj (.const:g_pui32Xtals)

.cinit     0    00001e00    00000040     
                  00001e00    0000001a     (.cinit..data.load) [load image, compression = rle]
                  00001e1a    00000002     --HOLE-- [fill = 0]
                  00001e1c    0000000c     (__TI_handler_table)
                  00001e28    00000008     (.cinit..bss.load) [load image, compression = zero_init]
                  00001e30    00000010     (__TI_cinit_table)

.init_array 
*          0    00000000    00000000     UNINITIALIZED

.stack     0    20000000    00000200     UNINITIALIZED
                  20000000    00000200     --HOLE--

.bss       0    20000200    000001b4     UNINITIALIZED
                  20000200    00000124     main.obj (.bss:g_sI2CInst)
                  20000324    00000058     main.obj (.bss:g_sCompDCMInst)
                  2000037c    00000008     (.common:pui8Buffer)
                  20000384    00000004     (.common:tiempo2)
                  20000388    00000004     (.common:tiempo3)
                  2000038c    00000004     (.common:tiempo4)
                  20000390    00000004     (.common:tiempo5)
                  20000394    00000004     (.common:tiempoCanal2)
                  20000398    00000004     (.common:tiempoCanal3)
                  2000039c    00000004     (.common:tiempoCanal4)
                  200003a0    00000004     (.common:tiempoCanal5)
                  200003a4    00000004     (.common:ui32CompDCMStarted)
                  200003a8    00000004     (.common:ultimoValorCanal2)
                  200003ac    00000004     (.common:ultimoValorCanal3)
                  200003b0    00000004     (.common:ultimoValorCanal4)

.TI.noinit 
*          0    20000200    00000000     UNINITIALIZED

.data      0    200003b4    000000d8     UNINITIALIZED
                  200003b4    000000b0     rtsv7M4_T_le_v4SPD16_eabi.lib : signal.obj (.data:sigtable)
                  20000464    00000008                                   : _lock.obj (.data)
                  2000046c    00000008                                   : exit.obj (.data)
                  20000474    00000008                                   : feraiseexcept.obj (.data)
                  2000047c    00000005     main.obj (.data)
                  20000481    00000003     --HOLE--
                  20000484    00000004     rtsv7M4_T_le_v4SPD16_eabi.lib : errno.obj (.data)
                  20000488    00000004                                   : stkdepth_vars.obj (.data)

.TI.persistent 
*          0    200003b4    00000000     UNINITIALIZED


LINKER GENERATED COPY TABLES

__TI_cinit_table @ 00001e30 records: 2, size/record: 8, table size: 16
	.data: load addr=00001e00, load size=0000001a bytes, run addr=200003b4, run size=000000d8 bytes, compression=rle
	.bss: load addr=00001e28, load size=00000008 bytes, run addr=20000200, run size=000001b4 bytes, compression=zero_init


LINKER GENERATED HANDLER TABLE

__TI_handler_table @ 00001e1c records: 3, size/record: 4, table size: 12
	index: 0, handler: __TI_decompress_rle24
	index: 1, handler: __TI_decompress_none
	index: 2, handler: __TI_zero_init


GLOBAL SYMBOLS: SORTED ALPHABETICALLY BY Name 

address   name                    
-------   ----                    
00001881  C$$EXIT                 
00001c91  CompDCMAccelUpdate      
00001c9f  CompDCMGyroUpdate       
000017f9  CompDCMInit             
00001cad  CompDCMMagnetoUpdate    
00000f77  CompDCMStart            
000006dd  CompDCMUpdate           
000011fd  I2CMCommand             
00001a69  I2CMInit                
00000e85  I2CMIntHandler          
000019fd  I2CMRead                
0000026d  I2CMSimpleCallback      
0000067f  I2CMSimpleIntHandler    
00001a33  I2CMWrite               
00001d15  I2CMasterControl        
00001d19  I2CMasterDataGet        
00001d1d  I2CMasterDataPut        
00001ced  I2CMasterEnable         
000016cd  I2CMasterInitExpClk     
00001cf7  I2CMasterIntClear       
00001cff  I2CMasterIntEnableEx    
00001d07  I2CMasterSlaveAddrSet   
00001445  IntDisable              
000014ad  IntEnable               
00000569  IntGPIOAHandler         
00001515  IntIsEnabled            
00001cc9  IntTrigger              
00000497  MPU9250Init             
0000045b  MPU9250Read             
00000431  MPU9250Write            
00001ce1  ResetISR                
UNDEFED   SHT$$INIT_ARRAY$$Base   
UNDEFED   SHT$$INIT_ARRAY$$Limit  
00000c79  SysCtlClockGet          
000004cd  UARTConfig              
00001ad1  VectorAdd               
000015d7  VectorCrossProduct      
00001bb9  VectorDotProduct        
00001bdf  VectorScale             
20000484  _Errno                  
00001b63  _FDclass                
20000474  _Fenv                   
00001b05  _Feraise                
20000478  _Tls_setup__Fenv        
20000200  __STACK_END             
00000200  __STACK_SIZE            
20000200  __STACK_TOP             
00001e30  __TI_CINIT_Base         
00001e40  __TI_CINIT_Limit        
00001e1c  __TI_Handler_Table_Base 
00001e28  __TI_Handler_Table_Limit
0000136d  __TI_auto_init          
2000046c  __TI_cleanup_ptr        
00001cbb  __TI_decompress_none    
00001d0f  __TI_decompress_rle24   
20000470  __TI_dtors_ptr          
00000000  __TI_static_base__      
00001cd5  __TI_zero_init          
000012ff  __aeabi_d2f             
00000977  __aeabi_dadd            
00000d89  __aeabi_dmul            
0000096d  __aeabi_dsub            
000019c5  __aeabi_f2d             
00001285  __aeabi_memclr          
00001285  __aeabi_memclr4         
00001285  __aeabi_memclr8         
000010c9  __aeabi_memcpy          
000010c9  __aeabi_memcpy4         
000010c9  __aeabi_memcpy8         
00001287  __aeabi_memset          
00001287  __aeabi_memset4         
00001287  __aeabi_memset8         
ffffffff  __binit__               
ffffffff  __c_args__              
20000000  __stack                 
00001c65  _args_main              
0000167d  _c_int00                
20000464  _lock                   
00001c8b  _nop                    
00001c83  _register_lock          
00001c7d  _register_unlock        
00001d21  _system_pre_init        
20000468  _unlock                 
00001885  abort                   
ffffffff  binit                   
00000beb  changeDuty              
00001719  copy_in                 
0000188d  exit                    
00001a9d  feraiseexcept           
20000480  g_bI2CMSimpleDone       
00000000  g_pfnVectors            
20000324  g_sCompDCMInst          
20000200  g_sI2CInst              
00001029  gpioAConfig             
0000027f  main                    
20000488  main_func_sp            
000010c9  memcpy                  
0000128d  memset                  
2000037c  pui8Buffer              
00000b25  pwmInit                 
00001b35  raise                   
00001909  signal                  
00001c05  sqrtf                   
20000384  tiempo2                 
20000388  tiempo3                 
2000038c  tiempo4                 
20000390  tiempo5                 
20000394  tiempoCanal2            
20000398  tiempoCanal3            
2000039c  tiempoCanal4            
200003a0  tiempoCanal5            
00001989  timerConfig             
200003a4  ui32CompDCMStarted      
200003a8  ultimoValorCanal2       
200003ac  ultimoValorCanal3       
200003b0  ultimoValorCanal4       
2000047c  ultimoValorCanal5       


GLOBAL SYMBOLS: SORTED BY Symbol Address 

address   name                    
-------   ----                    
00000000  __TI_static_base__      
00000000  g_pfnVectors            
00000200  __STACK_SIZE            
0000026d  I2CMSimpleCallback      
0000027f  main                    
00000431  MPU9250Write            
0000045b  MPU9250Read             
00000497  MPU9250Init             
000004cd  UARTConfig              
00000569  IntGPIOAHandler         
0000067f  I2CMSimpleIntHandler    
000006dd  CompDCMUpdate           
0000096d  __aeabi_dsub            
00000977  __aeabi_dadd            
00000b25  pwmInit                 
00000beb  changeDuty              
00000c79  SysCtlClockGet          
00000d89  __aeabi_dmul            
00000e85  I2CMIntHandler          
00000f77  CompDCMStart            
00001029  gpioAConfig             
000010c9  __aeabi_memcpy          
000010c9  __aeabi_memcpy4         
000010c9  __aeabi_memcpy8         
000010c9  memcpy                  
000011fd  I2CMCommand             
00001285  __aeabi_memclr          
00001285  __aeabi_memclr4         
00001285  __aeabi_memclr8         
00001287  __aeabi_memset          
00001287  __aeabi_memset4         
00001287  __aeabi_memset8         
0000128d  memset                  
000012ff  __aeabi_d2f             
0000136d  __TI_auto_init          
00001445  IntDisable              
000014ad  IntEnable               
00001515  IntIsEnabled            
000015d7  VectorCrossProduct      
0000167d  _c_int00                
000016cd  I2CMasterInitExpClk     
00001719  copy_in                 
000017f9  CompDCMInit             
00001881  C$$EXIT                 
00001885  abort                   
0000188d  exit                    
00001909  signal                  
00001989  timerConfig             
000019c5  __aeabi_f2d             
000019fd  I2CMRead                
00001a33  I2CMWrite               
00001a69  I2CMInit                
00001a9d  feraiseexcept           
00001ad1  VectorAdd               
00001b05  _Feraise                
00001b35  raise                   
00001b63  _FDclass                
00001bb9  VectorDotProduct        
00001bdf  VectorScale             
00001c05  sqrtf                   
00001c65  _args_main              
00001c7d  _register_unlock        
00001c83  _register_lock          
00001c8b  _nop                    
00001c91  CompDCMAccelUpdate      
00001c9f  CompDCMGyroUpdate       
00001cad  CompDCMMagnetoUpdate    
00001cbb  __TI_decompress_none    
00001cc9  IntTrigger              
00001cd5  __TI_zero_init          
00001ce1  ResetISR                
00001ced  I2CMasterEnable         
00001cf7  I2CMasterIntClear       
00001cff  I2CMasterIntEnableEx    
00001d07  I2CMasterSlaveAddrSet   
00001d0f  __TI_decompress_rle24   
00001d15  I2CMasterControl        
00001d19  I2CMasterDataGet        
00001d1d  I2CMasterDataPut        
00001d21  _system_pre_init        
00001e1c  __TI_Handler_Table_Base 
00001e28  __TI_Handler_Table_Limit
00001e30  __TI_CINIT_Base         
00001e40  __TI_CINIT_Limit        
20000000  __stack                 
20000200  __STACK_END             
20000200  __STACK_TOP             
20000200  g_sI2CInst              
20000324  g_sCompDCMInst          
2000037c  pui8Buffer              
20000384  tiempo2                 
20000388  tiempo3                 
2000038c  tiempo4                 
20000390  tiempo5                 
20000394  tiempoCanal2            
20000398  tiempoCanal3            
2000039c  tiempoCanal4            
200003a0  tiempoCanal5            
200003a4  ui32CompDCMStarted      
200003a8  ultimoValorCanal2       
200003ac  ultimoValorCanal3       
200003b0  ultimoValorCanal4       
20000464  _lock                   
20000468  _unlock                 
2000046c  __TI_cleanup_ptr        
20000470  __TI_dtors_ptr          
20000474  _Fenv                   
20000478  _Tls_setup__Fenv        
2000047c  ultimoValorCanal5       
20000480  g_bI2CMSimpleDone       
20000484  _Errno                  
20000488  main_func_sp            
ffffffff  __binit__               
ffffffff  __c_args__              
ffffffff  binit                   
UNDEFED   SHT$$INIT_ARRAY$$Base   
UNDEFED   SHT$$INIT_ARRAY$$Limit  

[117 symbols]
