******************************************************************************
                  TI ARM Linker PC v5.2.9                      
******************************************************************************
>> Linked Wed Jun 20 18:36:36 2018

OUTPUT FILE NAME:   <triHelice.out>
ENTRY POINT SYMBOL: "_c_int00"  address: 00002c99


MEMORY CONFIGURATION

         name            origin    length      used     unused   attr    fill
----------------------  --------  ---------  --------  --------  ----  --------
  FLASH                 00000000   00040000  0000377a  0003c886  R  X
  SRAM                  20000000   00008000  00000653  000079ad  RW X


SEGMENT ALLOCATION MAP

run origin  load origin   length   init length attrs members
----------  ----------- ---------- ----------- ----- -------
00000000    00000000    00003780   00003780    r-x
  00000000    00000000    0000026c   0000026c    r-- .intvecs
  0000026c    0000026c    00003318   00003318    r-x .text
  00003584    00003584    0000013e   0000013e    r-- .const
  000036c8    000036c8    000000b8   000000b8    r-- .cinit
20000000    20000000    00000658   00000000    rw-
  20000000    20000000    0000027b   00000000    rw- .bss
  2000027c    2000027c    00000200   00000000    rw- .stack
  20000480    20000480    000001d8   00000000    rw- .data


SECTION ALLOCATION MAP

 output                                  attributes/
section   page    origin      length       input sections
--------  ----  ----------  ----------   ----------------
.intvecs   0    00000000    0000026c     
                  00000000    0000026c     tm4c123gh6pm_startup_ccs.obj (.intvecs)

.text      0    0000026c    00003318     
                  0000026c    000011f0     main.obj (.text)
                  0000145c    0000049c     uartstdio.obj (.text)
                  000018f8    00000290     sensorlib.lib : comp_dcm.obj (.text:CompDCMUpdate)
                  00001b88    000001b6     rtsv7M4_T_le_v4SPD16_eabi.lib : fd_add_t2.obj (.text)
                  00001d3e    00000002                                   : i_div0.obj (.text)
                  00001d40    00000194     pwm.obj (.text)
                  00001ed4    0000014c     scheduler.obj (.text)
                  00002020    00000118     rtsv7M4_T_le_v4SPD16_eabi.lib : atan2f.obj (.text)
                  00002138    00000110     driverlib.lib : sysctl.obj (.text:SysCtlClockGet)
                  00002248    000000fc     rtsv7M4_T_le_v4SPD16_eabi.lib : fd_mul_t2.obj (.text)
                  00002344    000000f2     sensorlib.lib : i2cm_drv.obj (.text:I2CMIntHandler)
                  00002436    00000002     --HOLE-- [fill = 0]
                  00002438    000000b4     rtsv7M4_T_le_v4SPD16_eabi.lib : asinf.obj (.text)
                  000024ec    000000b0     sensorlib.lib : comp_dcm.obj (.text:CompDCMStart)
                  0000259c    000000a8     rtsv7M4_T_le_v4SPD16_eabi.lib : xfatan.obj (.text)
                  00002644    000000a0     gpioAReceiver.obj (.text)
                  000026e4    0000009c     rtsv7M4_T_le_v4SPD16_eabi.lib : memcpy_t2.obj (.text)
                  00002780    00000098     sensorlib.lib : i2cm_drv.obj (.text:I2CMStateIdle)
                  00002818    00000088                   : i2cm_drv.obj (.text:I2CMCommand)
                  000028a0    0000007a     rtsv7M4_T_le_v4SPD16_eabi.lib : memset_t2.obj (.text)
                  0000291a    0000006e                                   : fd_tos_t2.obj (.text)
                  00002988    0000006c                                   : autoinit.obj (.text)
                  000029f4    0000006a                                   : copy_decompress_rle.obj (.text)
                  00002a5e    00000002     --HOLE-- [fill = 0]
                  00002a60    00000068     driverlib.lib : interrupt.obj (.text:IntDisable)
                  00002ac8    00000068                   : interrupt.obj (.text:IntEnable)
                  00002b30    00000064                   : interrupt.obj (.text:IntIsEnabled)
                  00002b94    0000005e     sensorlib.lib : i2cm_drv.obj (.text:I2CMStateWritePause)
                  00002bf2    00000056                   : vector.obj (.text:VectorCrossProduct)
                  00002c48    00000050                   : i2cm_drv.obj (.text:I2CMStateWriteFinal)
                  00002c98    00000050     rtsv7M4_T_le_v4SPD16_eabi.lib : boot.obj (.text)
                  00002ce8    0000004c     driverlib.lib : i2c.obj (.text:I2CMasterInitExpClk)
                  00002d34    0000004c     rtsv7M4_T_le_v4SPD16_eabi.lib : cpy_tbl.obj (.text)
                  00002d80    0000004a     sensorlib.lib : i2cm_drv.obj (.text:I2CMStateReadNext)
                  00002dca    00000048                   : i2cm_drv.obj (.text:I2CMStateWriteNext)
                  00002e12    00000046     driverlib.lib : uart.obj (.text:UARTConfigSetExpClk)
                  00002e58    00000044     sensorlib.lib : comp_dcm.obj (.text:CompDCMInit)
                  00002e9c    00000044                   : i2cm_drv.obj (.text:I2CMStateCallback)
                  00002ee0    00000044     rtsv7M4_T_le_v4SPD16_eabi.lib : exit.obj (.text)
                  00002f24    00000044                                   : fd_tou_t2.obj (.text)
                  00002f68    00000042     sensorlib.lib : comp_dcm.obj (.text:CompDCMComputeEulers)
                  00002faa    00000042                   : i2cm_drv.obj (.text:I2CMStateReadFinal)
                  00002fec    00000040     rtsv7M4_T_le_v4SPD16_eabi.lib : signal.obj (.text)
                  0000302c    00000040                                   : u_divt2.obj (.text)
                  0000306c    0000003e     sensorlib.lib : i2cm_drv.obj (.text:I2CMStateReadPause)
                  000030aa    00000002     --HOLE-- [fill = 0]
                  000030ac    0000003c     timer.obj (.text)
                  000030e8    00000038     driverlib.lib : sysctl.obj (.text:SysCtlPeripheralPresent)
                  00003120    00000038     rtsv7M4_T_le_v4SPD16_eabi.lib : fs_tod_t2.obj (.text)
                  00003158    00000036     main.obj (.text:I2CMRead)
                  0000318e    00000036     main.obj (.text:I2CMWrite)
                  000031c4    00000034     sensorlib.lib : i2cm_drv.obj (.text:I2CMInit)
                  000031f8    00000034     driverlib.lib : sysctl.obj (.text:SysCtlPeripheralEnable)
                  0000322c    00000034     rtsv7M4_T_le_v4SPD16_eabi.lib : feraiseexcept.obj (.text)
                  00003260    00000032     sensorlib.lib : vector.obj (.text:VectorAdd)
                  00003292    00000002     --HOLE-- [fill = 0]
                  00003294    00000030     rtsv7M4_T_le_v4SPD16_eabi.lib : xferaise.obj (.text)
                  000032c4    0000002e                                   : i_tofd_t2.obj (.text)
                  000032f2    0000002e                                   : raise.obj (.text)
                  00003320    0000002c                                   : xfdclass.obj (.text)
                  0000334c    0000002a     sensorlib.lib : i2cm_drv.obj (.text:I2CMStateReadFirst)
                  00003376    00000026                   : vector.obj (.text:VectorDotProduct)
                  0000339c    00000026                   : vector.obj (.text:VectorScale)
                  000033c2    00000002     --HOLE-- [fill = 0]
                  000033c4    00000024     rtsv7M4_T_le_v4SPD16_eabi.lib : sqrtf.obj (.text)
                  000033e8    00000020     sensorlib.lib : i2cm_drv.obj (.text:I2CMStateReadOne)
                  00003408    00000020     driverlib.lib : uart.obj (.text:UARTDisable)
                  00003428    00000020     rtsv7M4_T_le_v4SPD16_eabi.lib : u_tofd_t2.obj (.text)
                  00003448    0000001a     sensorlib.lib : i2cm_drv.obj (.text:I2CMStateReadWait)
                  00003462    00000002     --HOLE-- [fill = 0]
                  00003464    00000018     rtsv7M4_T_le_v4SPD16_eabi.lib : args_main.obj (.text)
                  0000347c    00000014     driverlib.lib : systick.obj (.text:SysTickEnable)
                  00003490    00000014                   : systick.obj (.text:SysTickIntEnable)
                  000034a4    00000014                   : uart.obj (.text:UARTEnable)
                  000034b8    00000014     rtsv7M4_T_le_v4SPD16_eabi.lib : _lock.obj (.text)
                  000034cc    00000010     driverlib.lib : systick.obj (.text:SysTickPeriodSet)
                  000034dc    0000000e     sensorlib.lib : comp_dcm.obj (.text:CompDCMAccelUpdate)
                  000034ea    0000000e                   : comp_dcm.obj (.text:CompDCMGyroUpdate)
                  000034f8    0000000e                   : comp_dcm.obj (.text:CompDCMMagnetoUpdate)
                  00003506    0000000e     rtsv7M4_T_le_v4SPD16_eabi.lib : copy_decompress_none.obj (.text:decompress:none)
                  00003514    0000000c     driverlib.lib : interrupt.obj (.text:IntTrigger)
                  00003520    0000000c     rtsv7M4_T_le_v4SPD16_eabi.lib : copy_zero_init.obj (.text:decompress:ZI)
                  0000352c    0000000c     tm4c123gh6pm_startup_ccs.obj (.text)
                  00003538    0000000a     driverlib.lib : i2c.obj (.text:I2CMasterEnable)
                  00003542    0000000a                   : uart.obj (.text:UARTCharGet)
                  0000354c    0000000a                   : uart.obj (.text:UARTCharPut)
                  00003556    00000008                   : i2c.obj (.text:I2CMasterIntClear)
                  0000355e    00000008                   : i2c.obj (.text:I2CMasterIntEnableEx)
                  00003566    00000008                   : i2c.obj (.text:I2CMasterSlaveAddrSet)
                  0000356e    00000006     rtsv7M4_T_le_v4SPD16_eabi.lib : copy_decompress_rle.obj (.text:decompress:rle24)
                  00003574    00000004     driverlib.lib : i2c.obj (.text:I2CMasterControl)
                  00003578    00000004                   : i2c.obj (.text:I2CMasterDataGet)
                  0000357c    00000004                   : i2c.obj (.text:I2CMasterDataPut)
                  00003580    00000004     rtsv7M4_T_le_v4SPD16_eabi.lib : pre_init.obj (.text)

.const     0    00003584    0000013e     
                  00003584    00000070     driverlib.lib : interrupt.obj (.const)
                  000035f4    0000006c                   : sysctl.obj (.const:g_pui32Xtals)
                  00003660    00000034     rtsv7M4_T_le_v4SPD16_eabi.lib : xfatan.obj (.const)
                  00003694    0000001c     uartstdio.obj (.const)
                  000036b0    00000012     uartstdio.obj (.const:.string)

.cinit     0    000036c8    000000b8     
                  000036c8    0000008d     (.cinit..data.load) [load image, compression = rle]
                  00003755    00000003     --HOLE-- [fill = 0]
                  00003758    0000000c     (__TI_handler_table)
                  00003764    00000004     --HOLE-- [fill = 0]
                  00003768    00000008     (.cinit..bss.load) [load image, compression = zero_init]
                  00003770    00000010     (__TI_cinit_table)

.init_array 
*          0    00000000    00000000     UNINITIALIZED

.bss       0    20000000    0000027b     UNINITIALIZED
                  20000000    00000124     main.obj (.bss:g_sI2CInst)
                  20000124    00000058     main.obj (.bss:g_sCompDCMInst)
                  2000017c    00000030     main.obj (.bss:pfData)
                  200001ac    00000010     (.common:pfData_int)
                  200001bc    0000000c     (.common:e)
                  200001c8    0000000c     (.common:e_roll)
                  200001d4    0000000c     (.common:ev)
                  200001e0    00000008     (.common:pfData_int_Mag)
                  200001e8    00000008     (.common:pui8Buffer)
                  200001f0    00000008     (.common:u)
                  200001f8    00000008     (.common:u_roll)
                  20000200    00000008     (.common:uv)
                  20000208    00000004     (.common:g_ui32SchedulerTickCount)
                  2000020c    00000004     (.common:pfAccel)
                  20000210    00000004     (.common:pfEulers)
                  20000214    00000004     (.common:pfGyro)
                  20000218    00000004     (.common:pfMag)
                  2000021c    00000004     (.common:q0)
                  20000220    00000004     (.common:q0_roll)
                  20000224    00000004     (.common:q1)
                  20000228    00000004     (.common:q1_roll)
                  2000022c    00000004     (.common:q2)
                  20000230    00000004     (.common:q2_roll)
                  20000234    00000004     (.common:qv0)
                  20000238    00000004     (.common:qv1)
                  2000023c    00000004     (.common:qv2)
                  20000240    00000004     (.common:rotor1)
                  20000244    00000004     (.common:rotor2)
                  20000248    00000004     (.common:rotor3)
                  2000024c    00000004     (.common:tiempo1)
                  20000250    00000004     (.common:tiempo2)
                  20000254    00000004     (.common:tiempo3)
                  20000258    00000004     (.common:tiempo4)
                  2000025c    00000004     (.common:tiempo5)
                  20000260    00000004     (.common:tiempoCanal1)
                  20000264    00000004     (.common:tiempoCanal2)
                  20000268    00000004     (.common:tiempoCanal3)
                  2000026c    00000004     (.common:tiempoCanal4)
                  20000270    00000004     (.common:tiempoCanal5)
                  20000274    00000004     (.common:ui32CompDCMStarted)
                  20000278    00000001     (.common:vel1)
                  20000279    00000001     (.common:vel2)
                  2000027a    00000001     (.common:vel3)

.TI.noinit 
*          0    20000000    00000000     UNINITIALIZED

.stack     0    2000027c    00000200     UNINITIALIZED
                  2000027c    00000200     --HOLE--

.data      0    20000480    000001d8     UNINITIALIZED
                  20000480    000000b0     rtsv7M4_T_le_v4SPD16_eabi.lib : signal.obj (.data:sigtable)
                  20000530    00000068                                   : xfvalues.obj (.data)
                  20000598    00000050     main.obj (.data:g_psSchedulerTable)
                  200005e8    00000048     main.obj (.data)
                  20000630    00000008     rtsv7M4_T_le_v4SPD16_eabi.lib : _lock.obj (.data)
                  20000638    00000008                                   : exit.obj (.data)
                  20000640    00000008                                   : feraiseexcept.obj (.data)
                  20000648    00000005     uartstdio.obj (.data)
                  2000064d    00000003     --HOLE--
                  20000650    00000004     rtsv7M4_T_le_v4SPD16_eabi.lib : errno.obj (.data)
                  20000654    00000004                                   : stkdepth_vars.obj (.data)

.TI.persistent 
*          0    20000480    00000000     UNINITIALIZED


LINKER GENERATED COPY TABLES

__TI_cinit_table @ 00003770 records: 2, size/record: 8, table size: 16
	.data: load addr=000036c8, load size=0000008d bytes, run addr=20000480, run size=000001d8 bytes, compression=rle
	.bss: load addr=00003768, load size=00000008 bytes, run addr=20000000, run size=0000027b bytes, compression=zero_init


LINKER GENERATED HANDLER TABLE

__TI_handler_table @ 00003758 records: 3, size/record: 4, table size: 12
	index: 0, handler: __TI_decompress_rle24
	index: 1, handler: __TI_decompress_none
	index: 2, handler: __TI_zero_init


GLOBAL SYMBOLS: SORTED ALPHABETICALLY BY Name 

address   name                      
-------   ----                      
00002ee1  C$$EXIT                   
000034dd  CompDCMAccelUpdate        
00002f69  CompDCMComputeEulers      
000034eb  CompDCMGyroUpdate         
00002e59  CompDCMInit               
000034f9  CompDCMMagnetoUpdate      
000024ed  CompDCMStart              
000018f9  CompDCMUpdate             
00002819  I2CMCommand               
000031c5  I2CMInit                  
00002345  I2CMIntHandler            
00003159  I2CMRead                  
0000026d  I2CMSimpleCallback        
000013df  I2CMSimpleIntHandler      
0000318f  I2CMWrite                 
00003575  I2CMasterControl          
00003579  I2CMasterDataGet          
0000357d  I2CMasterDataPut          
00003539  I2CMasterEnable           
00002ce9  I2CMasterInitExpClk       
00003557  I2CMasterIntClear         
0000355f  I2CMasterIntEnableEx      
00003567  I2CMasterSlaveAddrSet     
00002a61  IntDisable                
00002ac9  IntEnable                 
000012c9  IntGPIOAHandler           
00001255  IntGPIOFHandler           
00002b31  IntIsEnabled              
00003515  IntTrigger                
0000352d  ResetISR                  
UNDEFED   SHT$$INIT_ARRAY$$Base     
UNDEFED   SHT$$INIT_ARRAY$$Limit    
00001fe5  SchedulerElapsedTicksCalc 
00001fd5  SchedulerElapsedTicksGet  
00001edf  SchedulerInit             
00001efb  SchedulerRun              
00001ed5  SchedulerSysTickIntHandler
00001fad  SchedulerTaskDisable      
00001f55  SchedulerTaskEnable       
00001fcf  SchedulerTickCountGet     
00002139  SysCtlClockGet            
000031f9  SysCtlPeripheralEnable    
000030e9  SysCtlPeripheralPresent   
0000347d  SysTickEnable             
00003491  SysTickIntEnable          
000034cd  SysTickPeriodSet          
20000600  T                         
00003543  UARTCharGet               
0000354d  UARTCharPut               
000011f5  UARTConfig                
00002e13  UARTConfigSetExpClk       
00003409  UARTDisable               
000034a5  UARTEnable                
0000145d  UARTStdioConfig           
000015a3  UARTgetc                  
000014e9  UARTgets                  
000018c3  UARTprintf                
000015c9  UARTvprintf               
000014a3  UARTwrite                 
00003261  VectorAdd                 
00002bf3  VectorCrossProduct        
00003377  VectorDotProduct          
0000339d  VectorScale               
20000650  _Errno                    
0000259d  _FAtan                    
00003321  _FDclass                  
20000530  _FDenorm                  
20000540  _FEps                     
20000550  _FInf                     
20000560  _FNan                     
20000580  _FRteps                   
20000570  _FSnan                    
20000590  _FXbig                    
20000594  _FZero                    
20000640  _Fenv                     
00003295  _Feraise                  
20000644  _Tls_setup__Fenv          
2000047c  __STACK_END               
00000200  __STACK_SIZE              
2000047c  __STACK_TOP               
00003770  __TI_CINIT_Base           
00003780  __TI_CINIT_Limit          
00003758  __TI_Handler_Table_Base   
00003764  __TI_Handler_Table_Limit  
00002989  __TI_auto_init            
20000638  __TI_cleanup_ptr          
00003507  __TI_decompress_none      
0000356f  __TI_decompress_rle24     
2000063c  __TI_dtors_ptr            
00000000  __TI_static_base__        
00003521  __TI_zero_init            
0000291b  __aeabi_d2f               
00002f25  __aeabi_d2uiz             
00001b93  __aeabi_dadd              
00002249  __aeabi_dmul              
00001b89  __aeabi_dsub              
00003121  __aeabi_f2d               
000032c5  __aeabi_i2d               
00001d3f  __aeabi_idiv0             
000028a1  __aeabi_memclr            
000028a1  __aeabi_memclr4           
000028a1  __aeabi_memclr8           
000026e5  __aeabi_memcpy            
000026e5  __aeabi_memcpy4           
000026e5  __aeabi_memcpy8           
000028a3  __aeabi_memset            
000028a3  __aeabi_memset4           
000028a3  __aeabi_memset8           
00003429  __aeabi_ui2d              
0000302d  __aeabi_uidiv             
0000302d  __aeabi_uidivmod          
ffffffff  __binit__                 
ffffffff  __c_args__                
2000027c  __stack                   
00003465  _args_main                
00002c99  _c_int00                  
20000630  _lock                     
000034c7  _nop                      
000034bf  _register_lock            
000034b9  _register_unlock          
00003581  _system_pre_init          
20000634  _unlock                   
00002ee5  abort                     
00002439  asinf                     
00002021  atan2f                    
ffffffff  binit                     
00000cb5  convertirVelocidad        
00002d35  copy_in                   
200001bc  e                         
200001c8  e_roll                    
200001d4  ev                        
00002eed  exit                      
0000322d  feraiseexcept             
200005f0  g_bI2CMSimpleDone         
00000000  g_pfnVectors              
20000598  g_psSchedulerTable        
20000124  g_sCompDCMInst            
20000000  g_sI2CInst                
200005e8  g_ui32SchedulerNumTasks   
200005ec  g_ulSchedulerNumTasks     
00002645  gpioAConfig               
200005f4  kp                        
20000604  kp_roll                   
20000610  kpv                       
0000027f  main                      
20000654  main_func_sp              
000026e5  memcpy                    
000028a9  memset                    
2000020c  pfAccel                   
2000017c  pfData                    
200001ac  pfData_int                
200001e0  pfData_int_Mag            
20000210  pfEulers                  
20000214  pfGyro                    
20000218  pfMag                     
200001e8  pui8Buffer                
00001d41  pwmInit                   
2000021c  q0                        
20000220  q0_roll                   
20000224  q1                        
20000228  q1_roll                   
2000022c  q2                        
20000230  q2_roll                   
20000234  qv0                       
20000238  qv1                       
2000023c  qv2                       
000032f3  raise                     
20000240  rotor1                    
20000244  rotor2                    
20000248  rotor3                    
00002fed  signal                    
000033c5  sqrtf                     
200005fc  td                        
2000060c  td_roll                   
20000618  tdv                       
200005f8  ti                        
20000608  ti_roll                   
2000024c  tiempo1                   
20000250  tiempo2                   
20000254  tiempo3                   
20000258  tiempo4                   
2000025c  tiempo5                   
20000260  tiempoCanal1              
20000264  tiempoCanal2              
20000268  tiempoCanal3              
2000026c  tiempoCanal4              
20000270  tiempoCanal5              
000030ad  timerConfig               
20000614  tiv                       
200001f0  u                         
200001f8  u_roll                    
20000274  ui32CompDCMStarted        
2000061c  ultimoValorCanal1         
20000620  ultimoValorCanal2         
20000624  ultimoValorCanal3         
20000628  ultimoValorCanal4         
2000062c  ultimoValorCanal5         
20000200  uv                        
20000278  vel1                      
20000279  vel2                      
2000027a  vel3                      
00001e11  velocidadMotor            


GLOBAL SYMBOLS: SORTED BY Symbol Address 

address   name                      
-------   ----                      
00000000  __TI_static_base__        
00000000  g_pfnVectors              
00000200  __STACK_SIZE              
0000026d  I2CMSimpleCallback        
0000027f  main                      
00000cb5  convertirVelocidad        
000011f5  UARTConfig                
00001255  IntGPIOFHandler           
000012c9  IntGPIOAHandler           
000013df  I2CMSimpleIntHandler      
0000145d  UARTStdioConfig           
000014a3  UARTwrite                 
000014e9  UARTgets                  
000015a3  UARTgetc                  
000015c9  UARTvprintf               
000018c3  UARTprintf                
000018f9  CompDCMUpdate             
00001b89  __aeabi_dsub              
00001b93  __aeabi_dadd              
00001d3f  __aeabi_idiv0             
00001d41  pwmInit                   
00001e11  velocidadMotor            
00001ed5  SchedulerSysTickIntHandler
00001edf  SchedulerInit             
00001efb  SchedulerRun              
00001f55  SchedulerTaskEnable       
00001fad  SchedulerTaskDisable      
00001fcf  SchedulerTickCountGet     
00001fd5  SchedulerElapsedTicksGet  
00001fe5  SchedulerElapsedTicksCalc 
00002021  atan2f                    
00002139  SysCtlClockGet            
00002249  __aeabi_dmul              
00002345  I2CMIntHandler            
00002439  asinf                     
000024ed  CompDCMStart              
0000259d  _FAtan                    
00002645  gpioAConfig               
000026e5  __aeabi_memcpy            
000026e5  __aeabi_memcpy4           
000026e5  __aeabi_memcpy8           
000026e5  memcpy                    
00002819  I2CMCommand               
000028a1  __aeabi_memclr            
000028a1  __aeabi_memclr4           
000028a1  __aeabi_memclr8           
000028a3  __aeabi_memset            
000028a3  __aeabi_memset4           
000028a3  __aeabi_memset8           
000028a9  memset                    
0000291b  __aeabi_d2f               
00002989  __TI_auto_init            
00002a61  IntDisable                
00002ac9  IntEnable                 
00002b31  IntIsEnabled              
00002bf3  VectorCrossProduct        
00002c99  _c_int00                  
00002ce9  I2CMasterInitExpClk       
00002d35  copy_in                   
00002e13  UARTConfigSetExpClk       
00002e59  CompDCMInit               
00002ee1  C$$EXIT                   
00002ee5  abort                     
00002eed  exit                      
00002f25  __aeabi_d2uiz             
00002f69  CompDCMComputeEulers      
00002fed  signal                    
0000302d  __aeabi_uidiv             
0000302d  __aeabi_uidivmod          
000030ad  timerConfig               
000030e9  SysCtlPeripheralPresent   
00003121  __aeabi_f2d               
00003159  I2CMRead                  
0000318f  I2CMWrite                 
000031c5  I2CMInit                  
000031f9  SysCtlPeripheralEnable    
0000322d  feraiseexcept             
00003261  VectorAdd                 
00003295  _Feraise                  
000032c5  __aeabi_i2d               
000032f3  raise                     
00003321  _FDclass                  
00003377  VectorDotProduct          
0000339d  VectorScale               
000033c5  sqrtf                     
00003409  UARTDisable               
00003429  __aeabi_ui2d              
00003465  _args_main                
0000347d  SysTickEnable             
00003491  SysTickIntEnable          
000034a5  UARTEnable                
000034b9  _register_unlock          
000034bf  _register_lock            
000034c7  _nop                      
000034cd  SysTickPeriodSet          
000034dd  CompDCMAccelUpdate        
000034eb  CompDCMGyroUpdate         
000034f9  CompDCMMagnetoUpdate      
00003507  __TI_decompress_none      
00003515  IntTrigger                
00003521  __TI_zero_init            
0000352d  ResetISR                  
00003539  I2CMasterEnable           
00003543  UARTCharGet               
0000354d  UARTCharPut               
00003557  I2CMasterIntClear         
0000355f  I2CMasterIntEnableEx      
00003567  I2CMasterSlaveAddrSet     
0000356f  __TI_decompress_rle24     
00003575  I2CMasterControl          
00003579  I2CMasterDataGet          
0000357d  I2CMasterDataPut          
00003581  _system_pre_init          
00003758  __TI_Handler_Table_Base   
00003764  __TI_Handler_Table_Limit  
00003770  __TI_CINIT_Base           
00003780  __TI_CINIT_Limit          
20000000  g_sI2CInst                
20000124  g_sCompDCMInst            
2000017c  pfData                    
200001ac  pfData_int                
200001bc  e                         
200001c8  e_roll                    
200001d4  ev                        
200001e0  pfData_int_Mag            
200001e8  pui8Buffer                
200001f0  u                         
200001f8  u_roll                    
20000200  uv                        
2000020c  pfAccel                   
20000210  pfEulers                  
20000214  pfGyro                    
20000218  pfMag                     
2000021c  q0                        
20000220  q0_roll                   
20000224  q1                        
20000228  q1_roll                   
2000022c  q2                        
20000230  q2_roll                   
20000234  qv0                       
20000238  qv1                       
2000023c  qv2                       
20000240  rotor1                    
20000244  rotor2                    
20000248  rotor3                    
2000024c  tiempo1                   
20000250  tiempo2                   
20000254  tiempo3                   
20000258  tiempo4                   
2000025c  tiempo5                   
20000260  tiempoCanal1              
20000264  tiempoCanal2              
20000268  tiempoCanal3              
2000026c  tiempoCanal4              
20000270  tiempoCanal5              
20000274  ui32CompDCMStarted        
20000278  vel1                      
20000279  vel2                      
2000027a  vel3                      
2000027c  __stack                   
2000047c  __STACK_END               
2000047c  __STACK_TOP               
20000530  _FDenorm                  
20000540  _FEps                     
20000550  _FInf                     
20000560  _FNan                     
20000570  _FSnan                    
20000580  _FRteps                   
20000590  _FXbig                    
20000594  _FZero                    
20000598  g_psSchedulerTable        
200005e8  g_ui32SchedulerNumTasks   
200005ec  g_ulSchedulerNumTasks     
200005f0  g_bI2CMSimpleDone         
200005f4  kp                        
200005f8  ti                        
200005fc  td                        
20000600  T                         
20000604  kp_roll                   
20000608  ti_roll                   
2000060c  td_roll                   
20000610  kpv                       
20000614  tiv                       
20000618  tdv                       
2000061c  ultimoValorCanal1         
20000620  ultimoValorCanal2         
20000624  ultimoValorCanal3         
20000628  ultimoValorCanal4         
2000062c  ultimoValorCanal5         
20000630  _lock                     
20000634  _unlock                   
20000638  __TI_cleanup_ptr          
2000063c  __TI_dtors_ptr            
20000640  _Fenv                     
20000644  _Tls_setup__Fenv          
20000650  _Errno                    
20000654  main_func_sp              
ffffffff  __binit__                 
ffffffff  __c_args__                
ffffffff  binit                     
UNDEFED   SHT$$INIT_ARRAY$$Base     
UNDEFED   SHT$$INIT_ARRAY$$Limit    

[202 symbols]
