******************************************************************************
                  TI ARM Linker PC v16.9.3                     
******************************************************************************
>> Linked Sun Nov 19 12:54:12 2017

OUTPUT FILE NAME:   <triHelice.out>
ENTRY POINT SYMBOL: "_c_int00"  address: 00002111


MEMORY CONFIGURATION

         name            origin    length      used     unused   attr    fill
----------------------  --------  ---------  --------  --------  ----  --------
  FLASH                 00000000   00040000  00002613  0003d9ed  R  X
  SRAM                  20000000   00008000  00000830  000077d0  RW X


SEGMENT ALLOCATION MAP

run origin  load origin   length   init length attrs members
----------  ----------- ---------- ----------- ----- -------
00000000    00000000    00002618   00002618    r-x
  00000000    00000000    0000026c   0000026c    r-- .intvecs
  0000026c    0000026c    0000226e   0000226e    r-x .text
  000024da    000024da    00000101   00000101    r-- .const
  000025e0    000025e0    00000038   00000038    r-- .cinit
20000000    20000000    00000830   00000000    rw-
  20000000    20000000    00000800   00000000    rw- .stack
  20000800    20000800    00000020   00000000    rw- .data
  20000820    20000820    00000010   00000000    rw- .bss


SECTION ALLOCATION MAP

 output                                  attributes/
section   page    origin      length       input sections
--------  ----  ----------  ----------   ----------------
.intvecs   0    00000000    0000026c     
                  00000000    0000026c     tm4c123gh6pm_startup_ccs.obj (.intvecs)

.text      0    0000026c    0000226e     
                  0000026c    0000113e     rtsv7M4_T_le_v4SPD16_eabi.lib : _printfi.obj (.text)
                  000013aa    00000002                                   : mpu_init.obj (.text)
                  000013ac    0000021c     main.obj (.text)
                  000015c8    000001f4     rtsv7M4_T_le_v4SPD16_eabi.lib : ull_div_t2.obj (.text)
                  000017bc    000001b6                                   : fd_add_t2.obj (.text)
                  00001972    00000136                                   : fd_div_t2.obj (.text)
                  00001aa8    000000fc                                   : fd_mul_t2.obj (.text)
                  00001ba4    000000fc                                   : s_scalbn.obj (.text)
                  00001ca0    000000b8     pwm.obj (.text)
                  00001d58    0000009c     rtsv7M4_T_le_v4SPD16_eabi.lib : memcpy_t2.obj (.text)
                  00001df4    00000086                                   : fd_cmp_t2.obj (.text:__aeabi_cdcmple)
                  00001e7a    00000086                                   : fd_cmp_t2.obj (.text:__aeabi_cdrcmple)
                  00001f00    0000007a                                   : memset_t2.obj (.text)
                  00001f7a    00000002                                   : startup.obj (.text)
                  00001f7c    00000070                                   : autoinit.obj (.text)
                  00001fec    00000068                                   : copy_decompress_lzss.obj (.text:decompress:lzss)
                  00002054    00000064                                   : s_frexp.obj (.text)
                  000020b8    00000058     gpioAReceiver.obj (.text)
                  00002110    00000054     rtsv7M4_T_le_v4SPD16_eabi.lib : boot.obj (.text)
                  00002164    00000054                                   : exit.obj (.text)
                  000021b8    00000054                                   : ltoa.obj (.text)
                  0000220c    00000050     uartPrint.obj (.text)
                  0000225c    0000004c     rtsv7M4_T_le_v4SPD16_eabi.lib : atoi.obj (.text)
                  000022a8    0000004c                                   : cpy_tbl.obj (.text)
                  000022f4    00000048                                   : fd_toi_t2.obj (.text)
                  0000233c    00000048                                   : vsprintf.obj (.text)
                  00002384    0000003c     timer.obj (.text)
                  000023c0    00000038     rtsv7M4_T_le_v4SPD16_eabi.lib : fs_tod_t2.obj (.text)
                  000023f8    0000002e                                   : i_tofd_t2.obj (.text)
                  00002426    0000001c                                   : memccpy.obj (.text)
                  00002442    00000002     --HOLE-- [fill = 0]
                  00002444    00000018                                   : args_main.obj (.text)
                  0000245c    00000016                                   : strchr.obj (.text)
                  00002472    00000002     --HOLE-- [fill = 0]
                  00002474    00000014                                   : _lock.obj (.text)
                  00002488    00000014                                   : s_copysign.obj (.text)
                  0000249c    00000014                                   : strlen.obj (.text)
                  000024b0    0000000e                                   : copy_decompress_none.obj (.text:decompress:none)
                  000024be    0000000c                                   : copy_zero_init.obj (.text:decompress:ZI)
                  000024ca    0000000c     tm4c123gh6pm_startup_ccs.obj (.text)
                  000024d6    00000004     rtsv7M4_T_le_v4SPD16_eabi.lib : pre_init.obj (.text)

.const     0    000024da    00000101     
                  000024da    00000101     rtsv7M4_T_le_v4SPD16_eabi.lib : ctype.obj (.const:.string:_ctypes_)

.cinit     0    000025e0    00000038     
                  000025e0    00000014     (.cinit..data.load) [load image, compression = lzss]
                  000025f4    0000000c     (__TI_handler_table)
                  00002600    00000008     (.cinit..bss.load) [load image, compression = zero_init]
                  00002608    00000010     (__TI_cinit_table)

.init_array 
*          0    00000000    00000000     UNINITIALIZED

.stack     0    20000000    00000800     UNINITIALIZED
                  20000000    00000800     --HOLE--

.data      0    20000800    00000020     UNINITIALIZED
                  20000800    0000000c     rtsv7M4_T_le_v4SPD16_eabi.lib : exit.obj (.data:$O1$$)
                  2000080c    00000008                                   : _lock.obj (.data:$O1$$)
                  20000814    00000004     main.obj (.data)
                  20000818    00000004     rtsv7M4_T_le_v4SPD16_eabi.lib : errno.obj (.data)
                  2000081c    00000004                                   : stkdepth_vars.obj (.data)

.bss       0    20000820    00000010     UNINITIALIZED
                  20000820    00000010     (.common:time)

MODULE SUMMARY

       Module                         code   ro data   rw data
       ------                         ----   -------   -------
    .\
       tm4c123gh6pm_startup_ccs.obj   12     620       0      
       main.obj                       540    0         20     
    +--+------------------------------+------+---------+---------+
       Total:                         552    620       20     
                                                              
    .\Drivers\
       pwm.obj                        184    0         0      
       gpioAReceiver.obj              88     0         0      
       timer.obj                      60     0         0      
    +--+------------------------------+------+---------+---------+
       Total:                         332    0         0      
                                                              
    .\Utils\
       uartPrint.obj                  80     0         0      
    +--+------------------------------+------+---------+---------+
       Total:                         80     0         0      
                                                              
    C:\ti\ccsv7\tools\compiler\ti-cgt-arm_16.9.3.LTS\lib\rtsv7M4_T_le_v4SPD16_eabi.lib
       _printfi.obj                   4414   0         0      
       ull_div_t2.obj                 500    0         0      
       fd_add_t2.obj                  438    0         0      
       fd_div_t2.obj                  310    0         0      
       fd_cmp_t2.obj                  268    0         0      
       ctype.obj                      0      257       0      
       fd_mul_t2.obj                  252    0         0      
       s_scalbn.obj                   252    0         0      
       memcpy_t2.obj                  156    0         0      
       memset_t2.obj                  122    0         0      
       autoinit.obj                   112    0         0      
       copy_decompress_lzss.obj       104    0         0      
       s_frexp.obj                    100    0         0      
       exit.obj                       84     0         12     
       boot.obj                       84     0         0      
       ltoa.obj                       84     0         0      
       atoi.obj                       76     0         0      
       cpy_tbl.obj                    76     0         0      
       fd_toi_t2.obj                  72     0         0      
       vsprintf.obj                   72     0         0      
       fs_tod_t2.obj                  56     0         0      
       i_tofd_t2.obj                  46     0         0      
       _lock.obj                      20     0         8      
       memccpy.obj                    28     0         0      
       args_main.obj                  24     0         0      
       strchr.obj                     22     0         0      
       s_copysign.obj                 20     0         0      
       strlen.obj                     20     0         0      
       copy_decompress_none.obj       14     0         0      
       copy_zero_init.obj             12     0         0      
       errno.obj                      0      0         4      
       pre_init.obj                   4      0         0      
       stkdepth_vars.obj              0      0         4      
       mpu_init.obj                   2      0         0      
       startup.obj                    2      0         0      
    +--+------------------------------+------+---------+---------+
       Total:                         7846   257       28     
                                                              
       Stack:                         0      0         2048   
       Linker Generated:              0      56        0      
    +--+------------------------------+------+---------+---------+
       Grand Total:                   8810   933       2096   


LINKER GENERATED COPY TABLES

__TI_cinit_table @ 00002608 records: 2, size/record: 8, table size: 16
	.data: load addr=000025e0, load size=00000014 bytes, run addr=20000800, run size=00000020 bytes, compression=lzss
	.bss: load addr=00002600, load size=00000008 bytes, run addr=20000820, run size=00000010 bytes, compression=zero_init


LINKER GENERATED HANDLER TABLE

__TI_handler_table @ 000025f4 records: 3, size/record: 4, table size: 12
	index: 0, handler: __TI_decompress_lzss
	index: 1, handler: __TI_decompress_none
	index: 2, handler: __TI_zero_init


GLOBAL SYMBOLS: SORTED ALPHABETICALLY BY Name 

address   name                           
-------   ----                           
00002165  C$$EXIT                        
000013ad  IntGPIOAHandler                
000024cb  ResetISR                       
UNDEFED   SHT$$INIT_ARRAY$$Base          
UNDEFED   SHT$$INIT_ARRAY$$Limit         
0000220d  UARTSend                       
20000800  __STACK_END                    
00000800  __STACK_SIZE                   
20000200  __STACK_TOP                    
00002608  __TI_CINIT_Base                
00002618  __TI_CINIT_Limit               
000025f4  __TI_Handler_Table_Base        
00002600  __TI_Handler_Table_Limit       
00001f7d  __TI_auto_init                 
20000800  __TI_cleanup_ptr               
00001fed  __TI_decompress_lzss           
000024b1  __TI_decompress_none           
20000804  __TI_dtors_ptr                 
20000808  __TI_enable_exit_profile_output
ffffffff  __TI_pprof_out_hndl            
00000ab1  __TI_printfi                   
ffffffff  __TI_prof_data_size            
ffffffff  __TI_prof_data_start           
00000000  __TI_static_base__             
000024bf  __TI_zero_init                 
00001df5  __aeabi_cdcmpeq                
00001df5  __aeabi_cdcmple                
00001e7b  __aeabi_cdrcmple               
000022f5  __aeabi_d2iz                   
000017c7  __aeabi_dadd                   
00001973  __aeabi_ddiv                   
00001aa9  __aeabi_dmul                   
000017bd  __aeabi_dsub                   
000023c1  __aeabi_f2d                    
000023f9  __aeabi_i2d                    
00001f01  __aeabi_memclr                 
00001f01  __aeabi_memclr4                
00001f01  __aeabi_memclr8                
00001d59  __aeabi_memcpy                 
00001d59  __aeabi_memcpy4                
00001d59  __aeabi_memcpy8                
00001f03  __aeabi_memset                 
00001f03  __aeabi_memset4                
00001f03  __aeabi_memset8                
000015c9  __aeabi_uldivmod               
ffffffff  __binit__                      
ffffffff  __c_args__                     
000013ab  __mpu_init                     
20000000  __stack                        
00002445  _args_main                     
00002111  _c_int00                       
000024da  _ctypes_                       
2000080c  _lock                          
00002483  _nop                           
0000247b  _register_lock                 
00002475  _register_unlock               
00001f7b  _system_post_cinit             
000024d7  _system_pre_init               
20000810  _unlock                        
00002169  abort                          
0000225d  atoi                           
ffffffff  binit                          
20000814  chanel                         
000022a9  copy_in                        
00002489  copysign                       
00002489  copysignl                      
20000818  errno                          
00002171  exit                           
00002055  frexp                          
00002055  frexpl                         
00000000  g_pfnVectors                   
000020b9  gpioAConfig                    
00001ba5  ldexp                          
00001ba5  ldexpl                         
000021b9  ltoa                           
00001437  main                           
2000081c  main_func_sp                   
00002427  memccpy                        
00001d59  memcpy                         
00001f09  memset                         
00001ca1  pwmInit                        
00001ba5  scalbn                         
00001ba5  scalbnl                        
0000245d  strchr                         
0000249d  strlen                         
20000820  time                           
00002385  timerConfig                    
0000233d  vsprintf                       


GLOBAL SYMBOLS: SORTED BY Symbol Address 

address   name                           
-------   ----                           
00000000  __TI_static_base__             
00000000  g_pfnVectors                   
00000800  __STACK_SIZE                   
00000ab1  __TI_printfi                   
000013ab  __mpu_init                     
000013ad  IntGPIOAHandler                
00001437  main                           
000015c9  __aeabi_uldivmod               
000017bd  __aeabi_dsub                   
000017c7  __aeabi_dadd                   
00001973  __aeabi_ddiv                   
00001aa9  __aeabi_dmul                   
00001ba5  ldexp                          
00001ba5  ldexpl                         
00001ba5  scalbn                         
00001ba5  scalbnl                        
00001ca1  pwmInit                        
00001d59  __aeabi_memcpy                 
00001d59  __aeabi_memcpy4                
00001d59  __aeabi_memcpy8                
00001d59  memcpy                         
00001df5  __aeabi_cdcmpeq                
00001df5  __aeabi_cdcmple                
00001e7b  __aeabi_cdrcmple               
00001f01  __aeabi_memclr                 
00001f01  __aeabi_memclr4                
00001f01  __aeabi_memclr8                
00001f03  __aeabi_memset                 
00001f03  __aeabi_memset4                
00001f03  __aeabi_memset8                
00001f09  memset                         
00001f7b  _system_post_cinit             
00001f7d  __TI_auto_init                 
00001fed  __TI_decompress_lzss           
00002055  frexp                          
00002055  frexpl                         
000020b9  gpioAConfig                    
00002111  _c_int00                       
00002165  C$$EXIT                        
00002169  abort                          
00002171  exit                           
000021b9  ltoa                           
0000220d  UARTSend                       
0000225d  atoi                           
000022a9  copy_in                        
000022f5  __aeabi_d2iz                   
0000233d  vsprintf                       
00002385  timerConfig                    
000023c1  __aeabi_f2d                    
000023f9  __aeabi_i2d                    
00002427  memccpy                        
00002445  _args_main                     
0000245d  strchr                         
00002475  _register_unlock               
0000247b  _register_lock                 
00002483  _nop                           
00002489  copysign                       
00002489  copysignl                      
0000249d  strlen                         
000024b1  __TI_decompress_none           
000024bf  __TI_zero_init                 
000024cb  ResetISR                       
000024d7  _system_pre_init               
000024da  _ctypes_                       
000025f4  __TI_Handler_Table_Base        
00002600  __TI_Handler_Table_Limit       
00002608  __TI_CINIT_Base                
00002618  __TI_CINIT_Limit               
20000000  __stack                        
20000200  __STACK_TOP                    
20000800  __STACK_END                    
20000800  __TI_cleanup_ptr               
20000804  __TI_dtors_ptr                 
20000808  __TI_enable_exit_profile_output
2000080c  _lock                          
20000810  _unlock                        
20000814  chanel                         
20000818  errno                          
2000081c  main_func_sp                   
20000820  time                           
ffffffff  __TI_pprof_out_hndl            
ffffffff  __TI_prof_data_size            
ffffffff  __TI_prof_data_start           
ffffffff  __binit__                      
ffffffff  __c_args__                     
ffffffff  binit                          
UNDEFED   SHT$$INIT_ARRAY$$Base          
UNDEFED   SHT$$INIT_ARRAY$$Limit         

[88 symbols]
